Archive member included to satisfy reference by file (symbol)

/usr/lib/gcc/arm-none-eabi/9.2.1/thumb/v6-m/nofp/libgcc.a(_dvmd_tls.o)
                              CMakeFiles/pico-neopixel.dir/home/toby001/pico/pico-sdk/src/rp2_common/pico_divider/divider.S.obj (__aeabi_idiv0)
/usr/lib/gcc/arm-none-eabi/9.2.1/../../../arm-none-eabi/lib/thumb/v6-m/nofp/libc.a(lib_a-atexit.o)
                              /usr/lib/gcc/arm-none-eabi/9.2.1/../../../arm-none-eabi/lib/thumb/v6-m/nofp/crt0.o (atexit)
/usr/lib/gcc/arm-none-eabi/9.2.1/../../../arm-none-eabi/lib/thumb/v6-m/nofp/libc.a(lib_a-calloc.o)
                              CMakeFiles/pico-neopixel.dir/home/toby001/pico/pico-sdk/src/rp2_common/pico_malloc/pico_malloc.c.obj (calloc)
/usr/lib/gcc/arm-none-eabi/9.2.1/../../../arm-none-eabi/lib/thumb/v6-m/nofp/libc.a(lib_a-callocr.o)
                              /usr/lib/gcc/arm-none-eabi/9.2.1/../../../arm-none-eabi/lib/thumb/v6-m/nofp/libc.a(lib_a-calloc.o) (_calloc_r)
/usr/lib/gcc/arm-none-eabi/9.2.1/../../../arm-none-eabi/lib/thumb/v6-m/nofp/libc.a(lib_a-fini.o)
                              /usr/lib/gcc/arm-none-eabi/9.2.1/../../../arm-none-eabi/lib/thumb/v6-m/nofp/crt0.o (__libc_fini_array)
/usr/lib/gcc/arm-none-eabi/9.2.1/../../../arm-none-eabi/lib/thumb/v6-m/nofp/libc.a(lib_a-impure.o)
                              /usr/lib/gcc/arm-none-eabi/9.2.1/../../../arm-none-eabi/lib/thumb/v6-m/nofp/libc.a(lib_a-calloc.o) (_impure_ptr)
/usr/lib/gcc/arm-none-eabi/9.2.1/../../../arm-none-eabi/lib/thumb/v6-m/nofp/libc.a(lib_a-init.o)
                              /usr/lib/gcc/arm-none-eabi/9.2.1/../../../arm-none-eabi/lib/thumb/v6-m/nofp/crt0.o (__libc_init_array)
/usr/lib/gcc/arm-none-eabi/9.2.1/../../../arm-none-eabi/lib/thumb/v6-m/nofp/libc.a(lib_a-malloc.o)
                              CMakeFiles/pico-neopixel.dir/home/toby001/pico/pico-sdk/src/rp2_common/pico_malloc/pico_malloc.c.obj (malloc)
/usr/lib/gcc/arm-none-eabi/9.2.1/../../../arm-none-eabi/lib/thumb/v6-m/nofp/libc.a(lib_a-mallocr.o)
                              /usr/lib/gcc/arm-none-eabi/9.2.1/../../../arm-none-eabi/lib/thumb/v6-m/nofp/libc.a(lib_a-callocr.o) (_malloc_r)
/usr/lib/gcc/arm-none-eabi/9.2.1/../../../arm-none-eabi/lib/thumb/v6-m/nofp/libc.a(lib_a-mlock.o)
                              /usr/lib/gcc/arm-none-eabi/9.2.1/../../../arm-none-eabi/lib/thumb/v6-m/nofp/libc.a(lib_a-mallocr.o) (__malloc_lock)
/usr/lib/gcc/arm-none-eabi/9.2.1/../../../arm-none-eabi/lib/thumb/v6-m/nofp/libc.a(lib_a-sbrkr.o)
                              /usr/lib/gcc/arm-none-eabi/9.2.1/../../../arm-none-eabi/lib/thumb/v6-m/nofp/libc.a(lib_a-mallocr.o) (_sbrk_r)
/usr/lib/gcc/arm-none-eabi/9.2.1/../../../arm-none-eabi/lib/thumb/v6-m/nofp/libc.a(lib_a-strlen-stub.o)
                              CMakeFiles/pico-neopixel.dir/home/toby001/pico/pico-sdk/src/rp2_common/pico_stdio/stdio.c.obj (strlen)
/usr/lib/gcc/arm-none-eabi/9.2.1/../../../arm-none-eabi/lib/thumb/v6-m/nofp/libc.a(lib_a-__atexit.o)
                              /usr/lib/gcc/arm-none-eabi/9.2.1/../../../arm-none-eabi/lib/thumb/v6-m/nofp/libc.a(lib_a-atexit.o) (__register_exitproc)
/usr/lib/gcc/arm-none-eabi/9.2.1/../../../arm-none-eabi/lib/thumb/v6-m/nofp/libc.a(lib_a-freer.o)
                              /usr/lib/gcc/arm-none-eabi/9.2.1/../../../arm-none-eabi/lib/thumb/v6-m/nofp/libc.a(lib_a-malloc.o) (_free_r)
/usr/lib/gcc/arm-none-eabi/9.2.1/../../../arm-none-eabi/lib/thumb/v6-m/nofp/libc.a(lib_a-reent.o)
                              /usr/lib/gcc/arm-none-eabi/9.2.1/../../../arm-none-eabi/lib/thumb/v6-m/nofp/libc.a(lib_a-sbrkr.o) (errno)

Allocating common symbols
Common symbol       size              file

sf_table            0x100             CMakeFiles/pico-neopixel.dir/home/toby001/pico/pico-sdk/src/rp2_common/pico_float/float_init_rom.c.obj
errno               0x4               /usr/lib/gcc/arm-none-eabi/9.2.1/../../../arm-none-eabi/lib/thumb/v6-m/nofp/libc.a(lib_a-reent.o)
_usbd_qdef_buf      0xc0              CMakeFiles/pico-neopixel.dir/home/toby001/pico/pico-sdk/lib/tinyusb/src/device/usbd.c.obj
sf_clz_func         0x4               CMakeFiles/pico-neopixel.dir/home/toby001/pico/pico-sdk/src/rp2_common/pico_float/float_init_rom.c.obj
sd_table            0x100             CMakeFiles/pico-neopixel.dir/home/toby001/pico/pico-sdk/src/rp2_common/pico_double/double_init_rom.c.obj
uart_char_to_line_feed
                    0x4               CMakeFiles/pico-neopixel.dir/home/toby001/pico/pico-sdk/src/rp2_common/hardware_uart/uart.c.obj

Discarded input sections

 .text          0x0000000000000000        0x0 /usr/lib/gcc/arm-none-eabi/9.2.1/thumb/v6-m/nofp/crti.o
 .data          0x0000000000000000        0x0 /usr/lib/gcc/arm-none-eabi/9.2.1/thumb/v6-m/nofp/crti.o
 .bss           0x0000000000000000        0x0 /usr/lib/gcc/arm-none-eabi/9.2.1/thumb/v6-m/nofp/crti.o
 .data          0x0000000000000000        0x4 /usr/lib/gcc/arm-none-eabi/9.2.1/thumb/v6-m/nofp/crtbegin.o
[...]
Memory Configuration

Name             Origin             Length             Attributes
FLASH            0x0000000010000000 0x0000000000200000 xr
RAM              0x0000000020000000 0x0000000000040000 xrw
SCRATCH_X        0x0000000020040000 0x0000000000001000 xrw
SCRATCH_Y        0x0000000020041000 0x0000000000001000 xrw
*default*        0x0000000000000000 0xffffffffffffffff

Linker script and memory map

LOAD /usr/lib/gcc/arm-none-eabi/9.2.1/thumb/v6-m/nofp/crti.o
LOAD /usr/lib/gcc/arm-none-eabi/9.2.1/thumb/v6-m/nofp/crtbegin.o
LOAD /usr/lib/gcc/arm-none-eabi/9.2.1/../../../arm-none-eabi/lib/thumb/v6-m/nofp/crt0.o

.flash_begin    0x0000000010000000        0x0
                0x0000000010000000                __flash_binary_start = .

.boot2          0x0000000010000000      0x100
                0x0000000010000000                __boot2_start__ = .
 *(.boot2)
 .boot2         0x0000000010000000      0x100 /tmp/cchXalCl.o
                0x0000000010000100                __boot2_end__ = .
                0x0000000000000001                ASSERT (((__boot2_end__ - __boot2_start__) == 0x100), ERROR: Pico second stage bootloader must be 256 bytes in size)

.text           0x0000000010000100     0x4880
                0x0000000010000100                __logical_binary_start = .
 *(.vectors)
 .vectors       0x0000000010000100       0xd4 CMakeFiles/pico-neopixel.dir/home/toby001/pico/pico-sdk/src/rp2_common/pico_standard_link/crt0.S.obj
                0x0000000010000100                __vectors
                0x00000000100001c0                isr_invalid
                0x00000000100001c2                isr_nmi
                0x00000000100001c4                isr_hardfault
                0x00000000100001c6                isr_svcall
                0x00000000100001c8                isr_pendsv
                0x00000000100001ca                isr_systick
                0x00000000100001cc                isr_irq30
                0x00000000100001cc                __unhandled_user_irq
                0x00000000100001cc                isr_irq13
                0x00000000100001cc                isr_irq27
                0x00000000100001cc                isr_irq31
                0x00000000100001cc                isr_irq5
                0x00000000100001cc                isr_irq11
                0x00000000100001cc                isr_irq23
                0x00000000100001cc                isr_irq18
                0x00000000100001cc                isr_irq28
                0x00000000100001cc                isr_irq19
                0x00000000100001cc                isr_irq0
                0x00000000100001cc                isr_irq6
                0x00000000100001cc                isr_irq22
                0x00000000100001cc                isr_irq17
                0x00000000100001cc                isr_irq14
                0x00000000100001cc                isr_irq2
                0x00000000100001cc                isr_irq10
                0x00000000100001cc                isr_irq8
                0x00000000100001cc                isr_irq24
                0x00000000100001cc                isr_irq1
                0x00000000100001cc                isr_irq7
                0x00000000100001cc                isr_irq21
                0x00000000100001cc                isr_irq20
                0x00000000100001cc                isr_irq15
                0x00000000100001cc                isr_irq25
                0x00000000100001cc                isr_irq4
                0x00000000100001cc                isr_irq16
                0x00000000100001cc                isr_irq29
                0x00000000100001cc                isr_irq26
                0x00000000100001cc                isr_irq3
                0x00000000100001cc                isr_irq12
                0x00000000100001cc                isr_irq9
                0x00000000100001d2                unhandled_user_irq_num_in_r0
 *(.binary_info_header)
 .binary_info_header
                0x00000000100001d4       0x14 CMakeFiles/pico-neopixel.dir/home/toby001/pico/pico-sdk/src/rp2_common/pico_standard_link/crt0.S.obj
                0x00000000100001e8                __binary_info_header_end = .
 *(.reset)
 .reset         0x00000000100001e8       0xa8 CMakeFiles/pico-neopixel.dir/home/toby001/pico/pico-sdk/src/rp2_common/pico_standard_link/crt0.S.obj
                0x00000000100001e8                _entry_point
                0x0000000010000266                __get_current_exception
 .reset         0x0000000010000290       0x30 CMakeFiles/pico-neopixel.dir/home/toby001/pico/pico-sdk/src/rp2_common/pico_standard_link/binary_info.c.obj
 *(.init)
 .init          0x00000000100002c0        0x4 /usr/lib/gcc/arm-none-eabi/9.2.1/thumb/v6-m/nofp/crti.o
                0x00000000100002c0                _init
 *(EXCLUDE_FILE(*libm.a: *libc.a:*lib_a-mem*.o *libgcc.a:) .text*)
 .text          0x00000000100002c4       0x98 /usr/lib/gcc/arm-none-eabi/9.2.1/thumb/v6-m/nofp/crtbegin.o
 .text.startup.main
                0x000000001000035c      0x17c CMakeFiles/pico-neopixel.dir/pico-neopixel.c.obj
                0x000000001000035c                main
 .text.gpio_set_function
                0x00000000100004d8       0x30 CMakeFiles/pico-neopixel.dir/home/toby001/pico/pico-sdk/src/rp2_common/hardware_gpio/gpio.c.obj
                0x00000000100004d8                gpio_set_function
 .text.hw_claim_lock
                0x0000000010000508       0x18 CMakeFiles/pico-neopixel.dir/home/toby001/pico/pico-sdk/src/rp2_common/hardware_claim/claim.c.obj
                0x0000000010000508                hw_claim_lock
 .text.hw_claim_unlock
                0x0000000010000520       0x14 CMakeFiles/pico-neopixel.dir/home/toby001/pico/pico-sdk/src/rp2_common/hardware_claim/claim.c.obj
                0x0000000010000520                hw_claim_unlock
 .text.hw_claim_or_assert
                0x0000000010000534       0x60 CMakeFiles/pico-neopixel.dir/home/toby001/pico/pico-sdk/src/rp2_common/hardware_claim/claim.c.obj
                0x0000000010000534                hw_claim_or_assert
 .text.hw_claim_unused_from_range
                0x0000000010000594       0x9c CMakeFiles/pico-neopixel.dir/home/toby001/pico/pico-sdk/src/rp2_common/hardware_claim/claim.c.obj
                0x0000000010000594                hw_claim_unused_from_range
 .text.spin_locks_reset
                0x0000000010000630       0x1c CMakeFiles/pico-neopixel.dir/home/toby001/pico/pico-sdk/src/rp2_common/hardware_sync/sync.c.obj
                0x0000000010000630                spin_locks_reset
 .text.next_striped_spin_lock_num
                0x000000001000064c       0x18 CMakeFiles/pico-neopixel.dir/home/toby001/pico/pico-sdk/src/rp2_common/hardware_sync/sync.c.obj
                0x000000001000064c                next_striped_spin_lock_num
 .text.spin_lock_claim_unused
                0x0000000010000664       0x20 CMakeFiles/pico-neopixel.dir/home/toby001/pico/pico-sdk/src/rp2_common/hardware_sync/sync.c.obj
                0x0000000010000664                spin_lock_claim_unused
 .text.running_on_fpga
                0x0000000010000684       0x10 CMakeFiles/pico-neopixel.dir/home/toby001/pico/pico-sdk/src/rp2_common/pico_platform/platform.c.obj
                0x0000000010000684                running_on_fpga
 .text.uart_init
                0x0000000010000694       0xe4 CMakeFiles/pico-neopixel.dir/home/toby001/pico/pico-sdk/src/rp2_common/hardware_uart/uart.c.obj
                0x0000000010000694                uart_init
 .text.timer_pool_entry_comparator
                0x0000000010000778       0x34 CMakeFiles/pico-neopixel.dir/home/toby001/pico/pico-sdk/src/common/pico_time/time.c.obj
                0x0000000010000778                timer_pool_entry_comparator
 .text.sev_callback
                0x00000000100007ac        0x8 CMakeFiles/pico-neopixel.dir/home/toby001/pico/pico-sdk/src/common/pico_time/time.c.obj
 .text.alarm_pool_add_alarm_at.constprop.0
                0x00000000100007b4      0x128 CMakeFiles/pico-neopixel.dir/home/toby001/pico/pico-sdk/src/common/pico_time/time.c.obj
 .text.add_alarm_under_lock
                0x00000000100008dc      0x108 CMakeFiles/pico-neopixel.dir/home/toby001/pico/pico-sdk/src/common/pico_time/time.c.obj
 .text.alarm_pool_alarm_callback
                0x00000000100009e4      0x1c8 CMakeFiles/pico-neopixel.dir/home/toby001/pico/pico-sdk/src/common/pico_time/time.c.obj
 .text.alarm_pool_init_default
                0x0000000010000bac       0x58 CMakeFiles/pico-neopixel.dir/home/toby001/pico/pico-sdk/src/common/pico_time/time.c.obj
                0x0000000010000bac                alarm_pool_init_default
 .text.alarm_pool_get_default
                0x0000000010000c04        0x8 CMakeFiles/pico-neopixel.dir/home/toby001/pico/pico-sdk/src/common/pico_time/time.c.obj
                0x0000000010000c04                alarm_pool_get_default
 .text.alarm_pool_add_alarm_at
                0x0000000010000c0c      0x1ac CMakeFiles/pico-neopixel.dir/home/toby001/pico/pico-sdk/src/common/pico_time/time.c.obj
                0x0000000010000c0c                alarm_pool_add_alarm_at
 .text.sleep_ms
                0x0000000010000db8       0xa0 CMakeFiles/pico-neopixel.dir/home/toby001/pico/pico-sdk/src/common/pico_time/time.c.obj
                0x0000000010000db8                sleep_ms
 .text.best_effort_wfe_or_timeout
                0x0000000010000e58       0xd4 CMakeFiles/pico-neopixel.dir/home/toby001/pico/pico-sdk/src/common/pico_time/time.c.obj
                0x0000000010000e58                best_effort_wfe_or_timeout
 .text.hardware_alarm_irq_handler
                0x0000000010000f2c       0xb8 CMakeFiles/pico-neopixel.dir/home/toby001/pico/pico-sdk/src/rp2_common/hardware_timer/timer.c.obj
 .text.hardware_alarm_claim
                0x0000000010000fe4       0x18 CMakeFiles/pico-neopixel.dir/home/toby001/pico/pico-sdk/src/rp2_common/hardware_timer/timer.c.obj
                0x0000000010000fe4                hardware_alarm_claim
 .text.time_us_64
                0x0000000010000ffc       0x14 CMakeFiles/pico-neopixel.dir/home/toby001/pico/pico-sdk/src/rp2_common/hardware_timer/timer.c.obj
                0x0000000010000ffc                time_us_64
 .text.busy_wait_until
                0x0000000010001010       0x20 CMakeFiles/pico-neopixel.dir/home/toby001/pico/pico-sdk/src/rp2_common/hardware_timer/timer.c.obj
                0x0000000010001010                busy_wait_until
 .text.hardware_alarm_set_callback
                0x0000000010001030       0x8c CMakeFiles/pico-neopixel.dir/home/toby001/pico/pico-sdk/src/rp2_common/hardware_timer/timer.c.obj
                0x0000000010001030                hardware_alarm_set_callback
 .text.hardware_alarm_set_target
                0x00000000100010bc       0xe4 CMakeFiles/pico-neopixel.dir/home/toby001/pico/pico-sdk/src/rp2_common/hardware_timer/timer.c.obj
                0x00000000100010bc                hardware_alarm_set_target
 .text.hardware_alarm_cancel
                0x00000000100011a0       0x40 CMakeFiles/pico-neopixel.dir/home/toby001/pico/pico-sdk/src/rp2_common/hardware_timer/timer.c.obj
                0x00000000100011a0                hardware_alarm_cancel
 .text.lock_init
                0x00000000100011e0       0x10 CMakeFiles/pico-neopixel.dir/home/toby001/pico/pico-sdk/src/common/pico_sync/lock_core.c.obj
                0x00000000100011e0                lock_init
 .text.mutex_init
                0x00000000100011f0       0x1c CMakeFiles/pico-neopixel.dir/home/toby001/pico/pico-sdk/src/common/pico_sync/mutex.c.obj
                0x00000000100011f0                mutex_init
 .text.critical_section_init
                0x000000001000120c       0x18 CMakeFiles/pico-neopixel.dir/home/toby001/pico/pico-sdk/src/common/pico_sync/critical_section.c.obj
                0x000000001000120c                critical_section_init
 .text.ph_merge_nodes
                0x0000000010001224       0x68 CMakeFiles/pico-neopixel.dir/home/toby001/pico/pico-sdk/src/common/pico_util/pheap.c.obj
 .text.ph_post_alloc_init
                0x000000001000128c       0x3c CMakeFiles/pico-neopixel.dir/home/toby001/pico/pico-sdk/src/common/pico_util/pheap.c.obj
                0x000000001000128c                ph_post_alloc_init
 .text.ph_merge_two_pass
                0x00000000100012c8       0x90 CMakeFiles/pico-neopixel.dir/home/toby001/pico/pico-sdk/src/common/pico_util/pheap.c.obj
                0x00000000100012c8                ph_merge_two_pass
 .text.ph_remove_any_head
                0x0000000010001358       0xf8 CMakeFiles/pico-neopixel.dir/home/toby001/pico/pico-sdk/src/common/pico_util/pheap.c.obj
 .text.ph_remove_head
                0x0000000010001450      0x13c CMakeFiles/pico-neopixel.dir/home/toby001/pico/pico-sdk/src/common/pico_util/pheap.c.obj
                0x0000000010001450                ph_remove_head
 .text.ph_remove_and_free_node
                0x000000001000158c       0x7c CMakeFiles/pico-neopixel.dir/home/toby001/pico/pico-sdk/src/common/pico_util/pheap.c.obj
                0x000000001000158c                ph_remove_and_free_node
 .text.runtime_init
                0x0000000010001608       0xec CMakeFiles/pico-neopixel.dir/home/toby001/pico/pico-sdk/src/rp2_common/pico_runtime/runtime.c.obj
                0x0000000010001608                runtime_init
 .text.exit     0x00000000100016f4        0x4 CMakeFiles/pico-neopixel.dir/home/toby001/pico/pico-sdk/src/rp2_common/pico_runtime/runtime.c.obj
                0x00000000100016f4                exit
 .text.panic    0x00000000100016f8       0x30 CMakeFiles/pico-neopixel.dir/home/toby001/pico/pico-sdk/src/rp2_common/pico_runtime/runtime.c.obj
                0x00000000100016f8                panic
 .text.hard_assertion_failure
                0x0000000010001728        0xc CMakeFiles/pico-neopixel.dir/home/toby001/pico/pico-sdk/src/rp2_common/pico_runtime/runtime.c.obj
                0x0000000010001728                hard_assertion_failure
 .text.clocks_init
                0x0000000010001734      0x2e0 CMakeFiles/pico-neopixel.dir/home/toby001/pico/pico-sdk/src/rp2_common/hardware_clocks/clocks.c.obj
                0x0000000010001734                clocks_init
 .text.clock_get_hz
                0x0000000010001a14        0xc CMakeFiles/pico-neopixel.dir/home/toby001/pico/pico-sdk/src/rp2_common/hardware_clocks/clocks.c.obj
                0x0000000010001a14                clock_get_hz
 .text.watchdog_start_tick
                0x0000000010001a20       0x10 CMakeFiles/pico-neopixel.dir/home/toby001/pico/pico-sdk/src/rp2_common/hardware_watchdog/watchdog.c.obj
                0x0000000010001a20                watchdog_start_tick
 .text.watchdog_reboot
                0x0000000010001a30       0x98 CMakeFiles/pico-neopixel.dir/home/toby001/pico/pico-sdk/src/rp2_common/hardware_watchdog/watchdog.c.obj
                0x0000000010001a30                watchdog_reboot
 .text.xosc_init
                0x0000000010001ac8       0x28 CMakeFiles/pico-neopixel.dir/home/toby001/pico/pico-sdk/src/rp2_common/hardware_xosc/xosc.c.obj
                0x0000000010001ac8                xosc_init
 .text.pll_init
                0x0000000010001af0       0x54 CMakeFiles/pico-neopixel.dir/home/toby001/pico/pico-sdk/src/rp2_common/hardware_pll/pll.c.obj
                0x0000000010001af0                pll_init
 .text.irq_set_enabled
                0x0000000010001b44       0x24 CMakeFiles/pico-neopixel.dir/home/toby001/pico/pico-sdk/src/rp2_common/hardware_irq/irq.c.obj
                0x0000000010001b44                irq_set_enabled
 .text.irq_set_pending
                0x0000000010001b68       0x10 CMakeFiles/pico-neopixel.dir/home/toby001/pico/pico-sdk/src/rp2_common/hardware_irq/irq.c.obj
                0x0000000010001b68                irq_set_pending
 .text.irq_get_vtable_handler
                0x0000000010001b78       0x10 CMakeFiles/pico-neopixel.dir/home/toby001/pico/pico-sdk/src/rp2_common/hardware_irq/irq.c.obj
                0x0000000010001b78                irq_get_vtable_handler
 .text.irq_set_exclusive_handler
                0x0000000010001b88       0x54 CMakeFiles/pico-neopixel.dir/home/toby001/pico/pico-sdk/src/rp2_common/hardware_irq/irq.c.obj
                0x0000000010001b88                irq_set_exclusive_handler
 .text.irq_remove_handler
                0x0000000010001bdc      0x1b8 CMakeFiles/pico-neopixel.dir/home/toby001/pico/pico-sdk/src/rp2_common/hardware_irq/irq.c.obj
                0x0000000010001bdc                irq_remove_handler
 .text.irq_add_tail_to_free_list
                0x0000000010001d94       0xb8 CMakeFiles/pico-neopixel.dir/home/toby001/pico/pico-sdk/src/rp2_common/hardware_irq/irq.c.obj
                0x0000000010001d94                irq_add_tail_to_free_list
 .text.irq_init_priorities
                0x0000000010001e4c       0x38 CMakeFiles/pico-neopixel.dir/home/toby001/pico/pico-sdk/src/rp2_common/hardware_irq/irq.c.obj
                0x0000000010001e4c                irq_init_priorities
 .text._out_char
                0x0000000010001e84       0x10 CMakeFiles/pico-neopixel.dir/home/toby001/pico/pico-sdk/src/rp2_common/pico_printf/printf.c.obj
 .text.weak_raw_vprintf
                0x0000000010001e94       0x30 CMakeFiles/pico-neopixel.dir/home/toby001/pico/pico-sdk/src/rp2_common/pico_printf/printf.c.obj
                0x0000000010001e94                weak_raw_vprintf
 .text          0x0000000010001ec4       0x10 CMakeFiles/pico-neopixel.dir/home/toby001/pico/pico-sdk/src/rp2_common/pico_bit_ops/bit_ops_aeabi.S.obj
 .text.rom_func_lookup
                0x0000000010001ed4       0x10 CMakeFiles/pico-neopixel.dir/home/toby001/pico/pico-sdk/src/rp2_common/pico_bootrom/bootrom.c.obj
                0x0000000010001ed4                rom_func_lookup
 .text.rom_data_lookup
                0x0000000010001ee4       0x10 CMakeFiles/pico-neopixel.dir/home/toby001/pico/pico-sdk/src/rp2_common/pico_bootrom/bootrom.c.obj
                0x0000000010001ee4                rom_data_lookup
 .text.rom_funcs_lookup
                0x0000000010001ef4       0x3c CMakeFiles/pico-neopixel.dir/home/toby001/pico/pico-sdk/src/rp2_common/pico_bootrom/bootrom.c.obj
                0x0000000010001ef4                rom_funcs_lookup
 .text.__wrap___aeabi_uidiv
                0x0000000010001f30       0x54 CMakeFiles/pico-neopixel.dir/home/toby001/pico/pico-sdk/src/rp2_common/pico_divider/divider.S.obj
                0x0000000010001f30                __wrap___aeabi_uidiv
                0x0000000010001f30                __wrap___aeabi_uidivmod
                0x0000000010001f30                div_u32u32
                0x0000000010001f30                divmod_u32u32
                0x0000000010001f38                divmod_u32u32_unsafe
                0x0000000010001f60                divmod_u32u32_savestate
 .text.__aeabi_double_init
                0x0000000010001f84       0xac CMakeFiles/pico-neopixel.dir/home/toby001/pico/pico-sdk/src/rp2_common/pico_double/double_init_rom.c.obj
                0x0000000010001f84                __aeabi_double_init
 .text.double_table_shim_on_use_helper
                0x0000000010002030       0x2c CMakeFiles/pico-neopixel.dir/home/toby001/pico/pico-sdk/src/rp2_common/pico_double/double_v1_rom_shim.S.obj
                0x0000000010002030                double_table_shim_on_use_helper
 .text.__aeabi_lmul
                0x000000001000205c       0x32 CMakeFiles/pico-neopixel.dir/home/toby001/pico/pico-sdk/src/rp2_common/pico_int64_ops/pico_int64_ops_aeabi.S.obj
                0x000000001000205c                __wrap___aeabi_lmul
 *fill*         0x000000001000208e        0x2 
 .text.__wrap___aeabi_farithmetic
                0x0000000010002090       0x24 CMakeFiles/pico-neopixel.dir/home/toby001/pico/pico-sdk/src/rp2_common/pico_float/float_aeabi.S.obj
                0x0000000010002090                __wrap___aeabi_frsub
                0x0000000010002096                __wrap___aeabi_fsub
                0x000000001000209c                __wrap___aeabi_fadd
                0x00000000100020a2                __wrap___aeabi_fdiv
                0x00000000100020a8                __wrap___aeabi_fmul
 .text.__wrap___aeabi_ui2f
                0x00000000100020b4        0xa CMakeFiles/pico-neopixel.dir/home/toby001/pico/pico-sdk/src/rp2_common/pico_float/float_aeabi.S.obj
                0x00000000100020b4                __wrap___aeabi_ui2f
 *fill*         0x00000000100020be        0x2 
 .text.__wrap___aeabi_i2f
                0x00000000100020c0       0x44 CMakeFiles/pico-neopixel.dir/home/toby001/pico/pico-sdk/src/rp2_common/pico_float/float_aeabi.S.obj
                0x00000000100020c0                __wrap___aeabi_i2f
 .text.__wrap___aeabi_f2uiz
                0x0000000010002104        0xc CMakeFiles/pico-neopixel.dir/home/toby001/pico/pico-sdk/src/rp2_common/pico_float/float_aeabi.S.obj
                0x0000000010002104                __wrap___aeabi_f2uiz
 .text.__aeabi_float_init
                0x0000000010002110       0x64 CMakeFiles/pico-neopixel.dir/home/toby001/pico/pico-sdk/src/rp2_common/pico_float/float_init_rom.c.obj
                0x0000000010002110                __aeabi_float_init
 .text.float_table_shim_on_use_helper
                0x0000000010002174       0x2c CMakeFiles/pico-neopixel.dir/home/toby001/pico/pico-sdk/src/rp2_common/pico_float/float_v1_rom_shim.S.obj
                0x0000000010002174                float_table_shim_on_use_helper
 .text          0x00000000100021a0       0x10 CMakeFiles/pico-neopixel.dir/home/toby001/pico/pico-sdk/src/rp2_common/pico_mem_ops/mem_ops_aeabi.S.obj
                0x00000000100021a0                __aeabi_mem_init
 .text.memset   0x00000000100021b0        0xc CMakeFiles/pico-neopixel.dir/home/toby001/pico/pico-sdk/src/rp2_common/pico_mem_ops/mem_ops_aeabi.S.obj
                0x00000000100021b0                __wrap_memset
 .text.memcpy   0x00000000100021bc        0xc CMakeFiles/pico-neopixel.dir/home/toby001/pico/pico-sdk/src/rp2_common/pico_mem_ops/mem_ops_aeabi.S.obj
                0x00000000100021bc                __wrap___aeabi_memcpy
                0x00000000100021bc                __wrap_memcpy
 .text.stdio_out_chars_crlf.part.0
                0x00000000100021c8       0x84 CMakeFiles/pico-neopixel.dir/home/toby001/pico/pico-sdk/src/rp2_common/pico_stdio/stdio.c.obj
 .text.stdio_put_string
                0x000000001000224c      0x100 CMakeFiles/pico-neopixel.dir/home/toby001/pico/pico-sdk/src/rp2_common/pico_stdio/stdio.c.obj
 .text.__wrap_putchar
                0x000000001000234c       0x1c CMakeFiles/pico-neopixel.dir/home/toby001/pico/pico-sdk/src/rp2_common/pico_stdio/stdio.c.obj
                0x000000001000234c                __wrap_putchar
 .text.__wrap_puts
                0x0000000010002368       0x3c CMakeFiles/pico-neopixel.dir/home/toby001/pico/pico-sdk/src/rp2_common/pico_stdio/stdio.c.obj
                0x0000000010002368                __wrap_puts
 .text.stdio_set_driver_enabled
                0x00000000100023a4       0x3c CMakeFiles/pico-neopixel.dir/home/toby001/pico/pico-sdk/src/rp2_common/pico_stdio/stdio.c.obj
                0x00000000100023a4                stdio_set_driver_enabled
 .text.stdio_init_all
                0x00000000100023e0        0xc CMakeFiles/pico-neopixel.dir/home/toby001/pico/pico-sdk/src/rp2_common/pico_stdio/stdio.c.obj
                0x00000000100023e0                stdio_init_all
 .text.stdio_uart_out_chars
                0x00000000100023ec       0x4c CMakeFiles/pico-neopixel.dir/home/toby001/pico/pico-sdk/src/rp2_common/pico_stdio_uart/stdio_uart.c.obj
 .text.stdio_uart_in_chars
                0x0000000010002438       0x38 CMakeFiles/pico-neopixel.dir/home/toby001/pico/pico-sdk/src/rp2_common/pico_stdio_uart/stdio_uart.c.obj
                0x0000000010002438                stdio_uart_in_chars
 .text.stdio_uart_init
                0x0000000010002470       0x48 CMakeFiles/pico-neopixel.dir/home/toby001/pico/pico-sdk/src/rp2_common/pico_stdio_uart/stdio_uart.c.obj
                0x0000000010002470                stdio_uart_init
 .text.resetd_init
                0x00000000100024b8        0x4 CMakeFiles/pico-neopixel.dir/home/toby001/pico/pico-sdk/src/rp2_common/pico_stdio_usb/reset_interface.c.obj
 .text.resetd_reset
                0x00000000100024bc        0xc CMakeFiles/pico-neopixel.dir/home/toby001/pico/pico-sdk/src/rp2_common/pico_stdio_usb/reset_interface.c.obj
 .text.resetd_open
                0x00000000100024c8       0x28 CMakeFiles/pico-neopixel.dir/home/toby001/pico/pico-sdk/src/rp2_common/pico_stdio_usb/reset_interface.c.obj
 .text.resetd_control_complete_cb
                0x00000000100024f0        0x4 CMakeFiles/pico-neopixel.dir/home/toby001/pico/pico-sdk/src/rp2_common/pico_stdio_usb/reset_interface.c.obj
 .text.resetd_xfer_cb
                0x00000000100024f4        0x4 CMakeFiles/pico-neopixel.dir/home/toby001/pico/pico-sdk/src/rp2_common/pico_stdio_usb/reset_interface.c.obj
 .text.resetd_control_request_cb
                0x00000000100024f8       0x5c CMakeFiles/pico-neopixel.dir/home/toby001/pico/pico-sdk/src/rp2_common/pico_stdio_usb/reset_interface.c.obj
 .text.usbd_app_driver_get_cb
                0x0000000010002554        0xc CMakeFiles/pico-neopixel.dir/home/toby001/pico/pico-sdk/src/rp2_common/pico_stdio_usb/reset_interface.c.obj
                0x0000000010002554                usbd_app_driver_get_cb
 .text.tud_cdc_line_coding_cb
                0x0000000010002560       0x34 CMakeFiles/pico-neopixel.dir/home/toby001/pico/pico-sdk/src/rp2_common/pico_stdio_usb/reset_interface.c.obj
                0x0000000010002560                tud_cdc_line_coding_cb
 .text.stdio_usb_in_chars
                0x0000000010002594       0x68 CMakeFiles/pico-neopixel.dir/home/toby001/pico/pico-sdk/src/rp2_common/pico_stdio_usb/stdio_usb.c.obj
                0x0000000010002594                stdio_usb_in_chars
 .text.stdio_usb_out_chars
                0x00000000100025fc       0xec CMakeFiles/pico-neopixel.dir/home/toby001/pico/pico-sdk/src/rp2_common/pico_stdio_usb/stdio_usb.c.obj
 .text.timer_task
                0x00000000100026e8       0x10 CMakeFiles/pico-neopixel.dir/home/toby001/pico/pico-sdk/src/rp2_common/pico_stdio_usb/stdio_usb.c.obj
 .text.low_priority_worker_irq
                0x00000000100026f8       0x24 CMakeFiles/pico-neopixel.dir/home/toby001/pico/pico-sdk/src/rp2_common/pico_stdio_usb/stdio_usb.c.obj
 .text.stdio_usb_init
                0x000000001000271c       0x90 CMakeFiles/pico-neopixel.dir/home/toby001/pico/pico-sdk/src/rp2_common/pico_stdio_usb/stdio_usb.c.obj
                0x000000001000271c                stdio_usb_init
 .text.tud_descriptor_device_cb
                0x00000000100027ac        0x8 CMakeFiles/pico-neopixel.dir/home/toby001/pico/pico-sdk/src/rp2_common/pico_stdio_usb/stdio_usb_descriptors.c.obj
                0x00000000100027ac                tud_descriptor_device_cb
 .text.tud_descriptor_configuration_cb
                0x00000000100027b4        0x8 CMakeFiles/pico-neopixel.dir/home/toby001/pico/pico-sdk/src/rp2_common/pico_stdio_usb/stdio_usb_descriptors.c.obj
                0x00000000100027b4                tud_descriptor_configuration_cb
 .text.tud_descriptor_string_cb
                0x00000000100027bc       0x5c CMakeFiles/pico-neopixel.dir/home/toby001/pico/pico-sdk/src/rp2_common/pico_stdio_usb/stdio_usb_descriptors.c.obj
                0x00000000100027bc                tud_descriptor_string_cb
 .text.dcd_rp2040_irq
                0x0000000010002818      0x130 CMakeFiles/pico-neopixel.dir/home/toby001/pico/pico-sdk/lib/tinyusb/src/portable/raspberrypi/rp2040/dcd_rp2040.c.obj
 .text.dcd_int_enable
                0x0000000010002948        0xc CMakeFiles/pico-neopixel.dir/home/toby001/pico/pico-sdk/lib/tinyusb/src/portable/raspberrypi/rp2040/dcd_rp2040.c.obj
                0x0000000010002948                dcd_int_enable
 .text.dcd_set_address
                0x0000000010002954       0x30 CMakeFiles/pico-neopixel.dir/home/toby001/pico/pico-sdk/lib/tinyusb/src/portable/raspberrypi/rp2040/dcd_rp2040.c.obj
                0x0000000010002954                dcd_set_address
 .text.dcd_connect
                0x0000000010002984       0x10 CMakeFiles/pico-neopixel.dir/home/toby001/pico/pico-sdk/lib/tinyusb/src/portable/raspberrypi/rp2040/dcd_rp2040.c.obj
                0x0000000010002984                dcd_connect
 .text.dcd_init
                0x0000000010002994       0xb0 CMakeFiles/pico-neopixel.dir/home/toby001/pico/pico-sdk/lib/tinyusb/src/portable/raspberrypi/rp2040/dcd_rp2040.c.obj
                0x0000000010002994                dcd_init
 .text.dcd_edpt0_status_complete
                0x0000000010002a44       0x38 CMakeFiles/pico-neopixel.dir/home/toby001/pico/pico-sdk/lib/tinyusb/src/portable/raspberrypi/rp2040/dcd_rp2040.c.obj
                0x0000000010002a44                dcd_edpt0_status_complete
 .text.dcd_edpt_open
                0x0000000010002a7c      0x148 CMakeFiles/pico-neopixel.dir/home/toby001/pico/pico-sdk/lib/tinyusb/src/portable/raspberrypi/rp2040/dcd_rp2040.c.obj
                0x0000000010002a7c                dcd_edpt_open
 .text.dcd_edpt_xfer
                0x0000000010002bc4       0x2c CMakeFiles/pico-neopixel.dir/home/toby001/pico/pico-sdk/lib/tinyusb/src/portable/raspberrypi/rp2040/dcd_rp2040.c.obj
                0x0000000010002bc4                dcd_edpt_xfer
 .text.dcd_edpt_stall
                0x0000000010002bf0       0x50 CMakeFiles/pico-neopixel.dir/home/toby001/pico/pico-sdk/lib/tinyusb/src/portable/raspberrypi/rp2040/dcd_rp2040.c.obj
                0x0000000010002bf0                dcd_edpt_stall
 .text.dcd_edpt_clear_stall
                0x0000000010002c40       0x50 CMakeFiles/pico-neopixel.dir/home/toby001/pico/pico-sdk/lib/tinyusb/src/portable/raspberrypi/rp2040/dcd_rp2040.c.obj
                0x0000000010002c40                dcd_edpt_clear_stall
 .text.rp2040_usb_init
                0x0000000010002c90       0x50 CMakeFiles/pico-neopixel.dir/home/toby001/pico/pico-sdk/lib/tinyusb/src/portable/raspberrypi/rp2040/rp2040_usb.c.obj
                0x0000000010002c90                rp2040_usb_init
 .text.hw_endpoint_reset_transfer
                0x0000000010002ce0       0x14 CMakeFiles/pico-neopixel.dir/home/toby001/pico/pico-sdk/lib/tinyusb/src/portable/raspberrypi/rp2040/rp2040_usb.c.obj
                0x0000000010002ce0                hw_endpoint_reset_transfer
 .text._hw_endpoint_buffer_control_update32
                0x0000000010002cf4       0x54 CMakeFiles/pico-neopixel.dir/home/toby001/pico/pico-sdk/lib/tinyusb/src/portable/raspberrypi/rp2040/rp2040_usb.c.obj
                0x0000000010002cf4                _hw_endpoint_buffer_control_update32
 .text._hw_endpoint_xfer_continue
                0x0000000010002d48      0x10c CMakeFiles/pico-neopixel.dir/home/toby001/pico/pico-sdk/lib/tinyusb/src/portable/raspberrypi/rp2040/rp2040_usb.c.obj
                0x0000000010002d48                _hw_endpoint_xfer_continue
 .text._hw_endpoint_xfer
                0x0000000010002e54       0xc0 CMakeFiles/pico-neopixel.dir/home/toby001/pico/pico-sdk/lib/tinyusb/src/portable/raspberrypi/rp2040/rp2040_usb.c.obj
                0x0000000010002e54                _hw_endpoint_xfer
 .text.tud_mounted
                0x0000000010002f14       0x10 CMakeFiles/pico-neopixel.dir/home/toby001/pico/pico-sdk/lib/tinyusb/src/device/usbd.c.obj
                0x0000000010002f14                tud_mounted
 .text.tud_suspended
                0x0000000010002f24       0x10 CMakeFiles/pico-neopixel.dir/home/toby001/pico/pico-sdk/lib/tinyusb/src/device/usbd.c.obj
                0x0000000010002f24                tud_suspended
 .text.tud_init
                0x0000000010002f34       0xb0 CMakeFiles/pico-neopixel.dir/home/toby001/pico/pico-sdk/lib/tinyusb/src/device/usbd.c.obj
                0x0000000010002f34                tud_init
 .text.tud_task
                0x0000000010002fe4      0x80c CMakeFiles/pico-neopixel.dir/home/toby001/pico/pico-sdk/lib/tinyusb/src/device/usbd.c.obj
                0x0000000010002fe4                tud_task
 .text.dcd_event_bus_signal
                0x00000000100037f0       0xe0 CMakeFiles/pico-neopixel.dir/home/toby001/pico/pico-sdk/lib/tinyusb/src/device/usbd.c.obj
                0x00000000100037f0                dcd_event_bus_signal
 .text.dcd_event_setup_received
                0x00000000100038d0       0x50 CMakeFiles/pico-neopixel.dir/home/toby001/pico/pico-sdk/lib/tinyusb/src/device/usbd.c.obj
                0x00000000100038d0                dcd_event_setup_received
 .text.dcd_event_xfer_complete
                0x0000000010003920       0x68 CMakeFiles/pico-neopixel.dir/home/toby001/pico/pico-sdk/lib/tinyusb/src/device/usbd.c.obj
                0x0000000010003920                dcd_event_xfer_complete
 .text.usbd_open_edpt_pair
                0x0000000010003988       0x68 CMakeFiles/pico-neopixel.dir/home/toby001/pico/pico-sdk/lib/tinyusb/src/device/usbd.c.obj
                0x0000000010003988                usbd_open_edpt_pair
 .text.usbd_edpt_open
                0x00000000100039f0        0x8 CMakeFiles/pico-neopixel.dir/home/toby001/pico/pico-sdk/lib/tinyusb/src/device/usbd.c.obj
                0x00000000100039f0                usbd_edpt_open
 .text.usbd_edpt_claim
                0x00000000100039f8       0x64 CMakeFiles/pico-neopixel.dir/home/toby001/pico/pico-sdk/lib/tinyusb/src/device/usbd.c.obj
                0x00000000100039f8                usbd_edpt_claim
 .text.usbd_edpt_release
                0x0000000010003a5c       0x4c CMakeFiles/pico-neopixel.dir/home/toby001/pico/pico-sdk/lib/tinyusb/src/device/usbd.c.obj
                0x0000000010003a5c                usbd_edpt_release
 .text.usbd_edpt_xfer
                0x0000000010003aa8       0x48 CMakeFiles/pico-neopixel.dir/home/toby001/pico/pico-sdk/lib/tinyusb/src/device/usbd.c.obj
                0x0000000010003aa8                usbd_edpt_xfer
 .text.tud_control_status
                0x0000000010003af0       0x30 CMakeFiles/pico-neopixel.dir/home/toby001/pico/pico-sdk/lib/tinyusb/src/device/usbd_control.c.obj
                0x0000000010003af0                tud_control_status
 .text.tud_control_xfer
                0x0000000010003b20       0xb8 CMakeFiles/pico-neopixel.dir/home/toby001/pico/pico-sdk/lib/tinyusb/src/device/usbd_control.c.obj
                0x0000000010003b20                tud_control_xfer
 .text.usbd_control_reset
                0x0000000010003bd8       0x14 CMakeFiles/pico-neopixel.dir/home/toby001/pico/pico-sdk/lib/tinyusb/src/device/usbd_control.c.obj
                0x0000000010003bd8                usbd_control_reset
 .text.usbd_control_set_complete_callback
                0x0000000010003bec        0xc CMakeFiles/pico-neopixel.dir/home/toby001/pico/pico-sdk/lib/tinyusb/src/device/usbd_control.c.obj
                0x0000000010003bec                usbd_control_set_complete_callback
 .text.usbd_control_set_request
                0x0000000010003bf8       0x1c CMakeFiles/pico-neopixel.dir/home/toby001/pico/pico-sdk/lib/tinyusb/src/device/usbd_control.c.obj
                0x0000000010003bf8                usbd_control_set_request
 .text.usbd_control_xfer_cb
                0x0000000010003c14       0xe8 CMakeFiles/pico-neopixel.dir/home/toby001/pico/pico-sdk/lib/tinyusb/src/device/usbd_control.c.obj
                0x0000000010003c14                usbd_control_xfer_cb
 .text.tud_cdc_n_connected
                0x0000000010003cfc       0x34 CMakeFiles/pico-neopixel.dir/home/toby001/pico/pico-sdk/lib/tinyusb/src/class/cdc/cdc_device.c.obj
                0x0000000010003cfc                tud_cdc_n_connected
 .text.tud_cdc_n_available
                0x0000000010003d30       0x20 CMakeFiles/pico-neopixel.dir/home/toby001/pico/pico-sdk/lib/tinyusb/src/class/cdc/cdc_device.c.obj
                0x0000000010003d30                tud_cdc_n_available
 .text.tud_cdc_n_read
                0x0000000010003d50       0x74 CMakeFiles/pico-neopixel.dir/home/toby001/pico/pico-sdk/lib/tinyusb/src/class/cdc/cdc_device.c.obj
                0x0000000010003d50                tud_cdc_n_read
 .text.tud_cdc_n_write_flush
                0x0000000010003dc4       0xa4 CMakeFiles/pico-neopixel.dir/home/toby001/pico/pico-sdk/lib/tinyusb/src/class/cdc/cdc_device.c.obj
                0x0000000010003dc4                tud_cdc_n_write_flush
 .text.tud_cdc_n_write
                0x0000000010003e68       0x38 CMakeFiles/pico-neopixel.dir/home/toby001/pico/pico-sdk/lib/tinyusb/src/class/cdc/cdc_device.c.obj
                0x0000000010003e68                tud_cdc_n_write
 .text.tud_cdc_n_write_available
                0x0000000010003ea0       0x20 CMakeFiles/pico-neopixel.dir/home/toby001/pico/pico-sdk/lib/tinyusb/src/class/cdc/cdc_device.c.obj
                0x0000000010003ea0                tud_cdc_n_write_available
 .text.cdcd_init
                0x0000000010003ec0       0x78 CMakeFiles/pico-neopixel.dir/home/toby001/pico/pico-sdk/lib/tinyusb/src/class/cdc/cdc_device.c.obj
                0x0000000010003ec0                cdcd_init
 .text.cdcd_reset
                0x0000000010003f38       0x24 CMakeFiles/pico-neopixel.dir/home/toby001/pico/pico-sdk/lib/tinyusb/src/class/cdc/cdc_device.c.obj
                0x0000000010003f38                cdcd_reset
 .text.cdcd_open
                0x0000000010003f5c       0xec CMakeFiles/pico-neopixel.dir/home/toby001/pico/pico-sdk/lib/tinyusb/src/class/cdc/cdc_device.c.obj
                0x0000000010003f5c                cdcd_open
 .text.cdcd_control_complete
                0x0000000010004048       0x44 CMakeFiles/pico-neopixel.dir/home/toby001/pico/pico-sdk/lib/tinyusb/src/class/cdc/cdc_device.c.obj
                0x0000000010004048                cdcd_control_complete
 .text.cdcd_control_request
                0x000000001000408c       0x68 CMakeFiles/pico-neopixel.dir/home/toby001/pico/pico-sdk/lib/tinyusb/src/class/cdc/cdc_device.c.obj
                0x000000001000408c                cdcd_control_request
 .text.cdcd_xfer_cb
                0x00000000100040f4      0x1b4 CMakeFiles/pico-neopixel.dir/home/toby001/pico/pico-sdk/lib/tinyusb/src/class/cdc/cdc_device.c.obj
                0x00000000100040f4                cdcd_xfer_cb
 .text.tusb_init
                0x00000000100042a8       0x20 CMakeFiles/pico-neopixel.dir/home/toby001/pico/pico-sdk/lib/tinyusb/src/tusb.c.obj
                0x00000000100042a8                tusb_init
 .text.tusb_inited
                0x00000000100042c8        0xc CMakeFiles/pico-neopixel.dir/home/toby001/pico/pico-sdk/lib/tinyusb/src/tusb.c.obj
                0x00000000100042c8                tusb_inited
 .text.tu_fifo_config
                0x00000000100042d4       0x78 CMakeFiles/pico-neopixel.dir/home/toby001/pico/pico-sdk/lib/tinyusb/src/common/tusb_fifo.c.obj
                0x00000000100042d4                tu_fifo_config
 .text.tu_fifo_count
                0x000000001000434c       0x18 CMakeFiles/pico-neopixel.dir/home/toby001/pico/pico-sdk/lib/tinyusb/src/common/tusb_fifo.c.obj
                0x000000001000434c                tu_fifo_count
 .text.tu_fifo_remaining
                0x0000000010004364       0x1c CMakeFiles/pico-neopixel.dir/home/toby001/pico/pico-sdk/lib/tinyusb/src/common/tusb_fifo.c.obj
                0x0000000010004364                tu_fifo_remaining
 .text.tu_fifo_read
                0x0000000010004380       0xa8 CMakeFiles/pico-neopixel.dir/home/toby001/pico/pico-sdk/lib/tinyusb/src/common/tusb_fifo.c.obj
                0x0000000010004380                tu_fifo_read
 .text.tu_fifo_read_n
                0x0000000010004428       0xf0 CMakeFiles/pico-neopixel.dir/home/toby001/pico/pico-sdk/lib/tinyusb/src/common/tusb_fifo.c.obj
                0x0000000010004428                tu_fifo_read_n
 .text.tu_fifo_write
                0x0000000010004518       0x84 CMakeFiles/pico-neopixel.dir/home/toby001/pico/pico-sdk/lib/tinyusb/src/common/tusb_fifo.c.obj
                0x0000000010004518                tu_fifo_write
 .text.tu_fifo_write_n
                0x000000001000459c       0xfc CMakeFiles/pico-neopixel.dir/home/toby001/pico/pico-sdk/lib/tinyusb/src/common/tusb_fifo.c.obj
                0x000000001000459c                tu_fifo_write_n
 .text.tu_fifo_clear
                0x0000000010004698       0x2c CMakeFiles/pico-neopixel.dir/home/toby001/pico/pico-sdk/lib/tinyusb/src/common/tusb_fifo.c.obj
                0x0000000010004698                tu_fifo_clear
 .text.pio_add_program
                0x00000000100046c4       0xe4 CMakeFiles/pico-neopixel.dir/home/toby001/pico/pico-sdk/src/rp2_common/hardware_pio/pio.c.obj
                0x00000000100046c4                pio_add_program
 .text.pio_sm_set_consecutive_pindirs
                0x00000000100047a8       0x88 CMakeFiles/pico-neopixel.dir/home/toby001/pico/pico-sdk/src/rp2_common/hardware_pio/pio.c.obj
                0x00000000100047a8                pio_sm_set_consecutive_pindirs
 .text.pio_sm_init
                0x0000000010004830       0x90 CMakeFiles/pico-neopixel.dir/home/toby001/pico/pico-sdk/src/rp2_common/hardware_pio/pio.c.obj
                0x0000000010004830                pio_sm_init
 .text          0x00000000100048c0       0x68 /usr/lib/gcc/arm-none-eabi/9.2.1/../../../arm-none-eabi/lib/thumb/v6-m/nofp/libc.a(lib_a-strlen-stub.o)
                0x00000000100048c0                strlen
 *(.fini)
 .fini          0x0000000010004928        0x4 /usr/lib/gcc/arm-none-eabi/9.2.1/thumb/v6-m/nofp/crti.o
                0x0000000010004928                _fini
 *fill*         0x000000001000492c        0x4 
 .fini.__stub   0x0000000010004930       0x50 linker stubs
 *crtbegin.o(.ctors)
 *crtbegin?.o(.ctors)
 *(EXCLUDE_FILE(*crtend.o *crtend?.o) .ctors)
 *(SORT_BY_NAME(.ctors.*))
 *(.ctors)
 *crtbegin.o(.dtors)
 *crtbegin?.o(.dtors)
 *(EXCLUDE_FILE(*crtend.o *crtend?.o) .dtors)
 *(SORT_BY_NAME(.dtors.*))
 *(.dtors)
 *(.eh_frame*)
 .eh_frame      0x0000000010004980        0x0 /usr/lib/gcc/arm-none-eabi/9.2.1/thumb/v6-m/nofp/crtbegin.o
                0x0000000010004980                . = ALIGN (0x4)

.glue_7         0x0000000010004980        0x0
 .glue_7        0x0000000010004980        0x0 linker stubs

.glue_7t        0x0000000010004980        0x0
 .glue_7t       0x0000000010004980        0x0 linker stubs

.vfp11_veneer   0x0000000010004980        0x0
 .vfp11_veneer  0x0000000010004980        0x0 linker stubs

.v4_bx          0x0000000010004980        0x0
 .v4_bx         0x0000000010004980        0x0 linker stubs

.iplt           0x0000000010004980        0x0
 .iplt          0x0000000010004980        0x0 /usr/lib/gcc/arm-none-eabi/9.2.1/thumb/v6-m/nofp/crtbegin.o

.rodata         0x0000000010004980      0x398
 *(EXCLUDE_FILE(*libm.a: *libc.a:*lib_a-mem*.o *libgcc.a:) .rodata*)
 .rodata.main.str1.4
                0x0000000010004980       0x1c CMakeFiles/pico-neopixel.dir/pico-neopixel.c.obj
 .rodata.ws2812_program
                0x000000001000499c        0x6 CMakeFiles/pico-neopixel.dir/pico-neopixel.c.obj
 *fill*         0x00000000100049a2        0x2 
 .rodata.ws2812_program_instructions
                0x00000000100049a4        0x8 CMakeFiles/pico-neopixel.dir/pico-neopixel.c.obj
 .rodata.spin_lock_claim_unused.str1.4
                0x00000000100049ac       0x1b CMakeFiles/pico-neopixel.dir/home/toby001/pico/pico-sdk/src/rp2_common/hardware_sync/sync.c.obj
 *fill*         0x00000000100049c7        0x1 
 .rodata.hardware_alarm_claim.str1.4
                0x00000000100049c8       0x22 CMakeFiles/pico-neopixel.dir/home/toby001/pico/pico-sdk/src/rp2_common/hardware_timer/timer.c.obj
 *fill*         0x00000000100049ea        0x2 
 .rodata.panic.str1.4
                0x00000000100049ec       0x12 CMakeFiles/pico-neopixel.dir/home/toby001/pico/pico-sdk/src/rp2_common/pico_runtime/runtime.c.obj
 *fill*         0x00000000100049fe        0x2 
 .rodata.hard_assertion_failure.str1.4
                0x0000000010004a00        0xc CMakeFiles/pico-neopixel.dir/home/toby001/pico/pico-sdk/src/rp2_common/pico_runtime/runtime.c.obj
 .rodata.str1.4
                0x0000000010004a0c       0x44 CMakeFiles/pico-neopixel.dir/home/toby001/pico/pico-sdk/src/rp2_common/pico_standard_link/binary_info.c.obj
 .rodata.__bi_44
                0x0000000010004a50        0xc CMakeFiles/pico-neopixel.dir/home/toby001/pico/pico-sdk/src/rp2_common/pico_standard_link/binary_info.c.obj
 .rodata.__bi_75
                0x0000000010004a5c        0xc CMakeFiles/pico-neopixel.dir/home/toby001/pico/pico-sdk/src/rp2_common/pico_standard_link/binary_info.c.obj
 .rodata.__bi_81
                0x0000000010004a68        0xc CMakeFiles/pico-neopixel.dir/home/toby001/pico/pico-sdk/src/rp2_common/pico_standard_link/binary_info.c.obj
 .rodata.crlf_str.5999
                0x0000000010004a74        0x2 CMakeFiles/pico-neopixel.dir/home/toby001/pico/pico-sdk/src/rp2_common/pico_stdio/stdio.c.obj
 *fill*         0x0000000010004a76        0x2 
 .rodata.str1.4
                0x0000000010004a78       0x2c CMakeFiles/pico-neopixel.dir/home/toby001/pico/pico-sdk/src/rp2_common/pico_stdio_uart/stdio_uart.c.obj
 .rodata.__bi_28.4706
                0x0000000010004aa4        0xc CMakeFiles/pico-neopixel.dir/home/toby001/pico/pico-sdk/src/rp2_common/pico_stdio_uart/stdio_uart.c.obj
 .rodata.__bi_29.4710
                0x0000000010004ab0        0x8 CMakeFiles/pico-neopixel.dir/home/toby001/pico/pico-sdk/src/rp2_common/pico_stdio_uart/stdio_uart.c.obj
 .rodata._resetd_driver
                0x0000000010004ab8       0x1c CMakeFiles/pico-neopixel.dir/home/toby001/pico/pico-sdk/src/rp2_common/pico_stdio_usb/reset_interface.c.obj
 .rodata.str1.4
                0x0000000010004ad4       0x13 CMakeFiles/pico-neopixel.dir/home/toby001/pico/pico-sdk/src/rp2_common/pico_stdio_usb/stdio_usb.c.obj
 *fill*         0x0000000010004ae7        0x1 
 .rodata.__bi_93.7018
                0x0000000010004ae8        0xc CMakeFiles/pico-neopixel.dir/home/toby001/pico/pico-sdk/src/rp2_common/pico_stdio_usb/stdio_usb.c.obj
 .rodata.str1.4
                0x0000000010004af4       0x3a CMakeFiles/pico-neopixel.dir/home/toby001/pico/pico-sdk/src/rp2_common/pico_stdio_usb/stdio_usb_descriptors.c.obj
 *fill*         0x0000000010004b2e        0x2 
 .rodata.usbd_desc_cfg
                0x0000000010004b30       0x54 CMakeFiles/pico-neopixel.dir/home/toby001/pico/pico-sdk/src/rp2_common/pico_stdio_usb/stdio_usb_descriptors.c.obj
 .rodata.usbd_desc_device
                0x0000000010004b84       0x12 CMakeFiles/pico-neopixel.dir/home/toby001/pico/pico-sdk/src/rp2_common/pico_stdio_usb/stdio_usb_descriptors.c.obj
 *fill*         0x0000000010004b96        0x2 
 .rodata.usbd_desc_str
                0x0000000010004b98       0x18 CMakeFiles/pico-neopixel.dir/home/toby001/pico/pico-sdk/src/rp2_common/pico_stdio_usb/stdio_usb_descriptors.c.obj
 .rodata.dcd_rp2040_irq.str1.4
                0x0000000010004bb0       0x14 CMakeFiles/pico-neopixel.dir/home/toby001/pico/pico-sdk/lib/tinyusb/src/portable/raspberrypi/rp2040/dcd_rp2040.c.obj
 .rodata.dcd_edpt_open.str1.4
                0x0000000010004bc4       0x28 CMakeFiles/pico-neopixel.dir/home/toby001/pico/pico-sdk/lib/tinyusb/src/portable/raspberrypi/rp2040/dcd_rp2040.c.obj
 .rodata._hw_endpoint_buffer_control_update32.str1.4
                0x0000000010004bec       0x1f CMakeFiles/pico-neopixel.dir/home/toby001/pico/pico-sdk/lib/tinyusb/src/portable/raspberrypi/rp2040/rp2040_usb.c.obj
 *fill*         0x0000000010004c0b        0x1 
 .rodata._hw_endpoint_xfer_continue.str1.4
                0x0000000010004c0c       0x50 CMakeFiles/pico-neopixel.dir/home/toby001/pico/pico-sdk/lib/tinyusb/src/portable/raspberrypi/rp2040/rp2040_usb.c.obj
 .rodata.str1.4
                0x0000000010004c5c       0x50 CMakeFiles/pico-neopixel.dir/home/toby001/pico/pico-sdk/lib/tinyusb/src/portable/raspberrypi/rp2040/rp2040_usb.c.obj
                                          0x7 (size before relaxing)
 .rodata.tud_task
                0x0000000010004c5c       0x8c CMakeFiles/pico-neopixel.dir/home/toby001/pico/pico-sdk/lib/tinyusb/src/device/usbd.c.obj
 .rodata._usbd_driver
                0x0000000010004ce8       0x1c CMakeFiles/pico-neopixel.dir/home/toby001/pico/pico-sdk/lib/tinyusb/src/device/usbd.c.obj
 .rodata.pio_add_program.str1.4
                0x0000000010004d04       0x11 CMakeFiles/pico-neopixel.dir/home/toby001/pico/pico-sdk/src/rp2_common/hardware_pio/pio.c.obj
                0x0000000010004d18                . = ALIGN (0x4)
 *fill*         0x0000000010004d15        0x3 
 *(SORT_BY_ALIGNMENT(SORT_BY_NAME(.flashdata*)))
                0x0000000010004d18                . = ALIGN (0x4)

.rel.dyn        0x0000000010004d18        0x0
 .rel.iplt      0x0000000010004d18        0x0 /usr/lib/gcc/arm-none-eabi/9.2.1/thumb/v6-m/nofp/crtbegin.o

.ARM.extab
 *(.ARM.extab* .gnu.linkonce.armextab.*)
                0x0000000010004d18                __exidx_start = .

.ARM.exidx
 *(.ARM.exidx* .gnu.linkonce.armexidx.*)
                0x0000000010004d18                __exidx_end = .
                0x0000000010004d18                . = ALIGN (0x4)
                0x0000000010004d18                __binary_info_start = .

.binary_info    0x0000000010004d18       0x28
 *(.binary_info.keep.*)
 .binary_info.keep.__bi_ptr22
                0x0000000010004d18        0x4 CMakeFiles/pico-neopixel.dir/home/toby001/pico/pico-sdk/src/rp2_common/pico_standard_link/binary_info.c.obj
 .binary_info.keep.__bi_ptr30
                0x0000000010004d1c        0x4 CMakeFiles/pico-neopixel.dir/home/toby001/pico/pico-sdk/src/rp2_common/pico_standard_link/binary_info.c.obj
 .binary_info.keep.__bi_ptr38
                0x0000000010004d20        0x4 CMakeFiles/pico-neopixel.dir/home/toby001/pico/pico-sdk/src/rp2_common/pico_standard_link/binary_info.c.obj
 .binary_info.keep.__bi_ptr44
                0x0000000010004d24        0x4 CMakeFiles/pico-neopixel.dir/home/toby001/pico/pico-sdk/src/rp2_common/pico_standard_link/binary_info.c.obj
 .binary_info.keep.__bi_ptr50
                0x0000000010004d28        0x4 CMakeFiles/pico-neopixel.dir/home/toby001/pico/pico-sdk/src/rp2_common/pico_standard_link/binary_info.c.obj
 .binary_info.keep.__bi_ptr75
                0x0000000010004d2c        0x4 CMakeFiles/pico-neopixel.dir/home/toby001/pico/pico-sdk/src/rp2_common/pico_standard_link/binary_info.c.obj
 .binary_info.keep.__bi_ptr81
                0x0000000010004d30        0x4 CMakeFiles/pico-neopixel.dir/home/toby001/pico/pico-sdk/src/rp2_common/pico_standard_link/binary_info.c.obj
 *(.binary_info.*)
 .binary_info.__bi_ptr28
                0x0000000010004d34        0x4 CMakeFiles/pico-neopixel.dir/home/toby001/pico/pico-sdk/src/rp2_common/pico_stdio_uart/stdio_uart.c.obj
 .binary_info.__bi_ptr29
                0x0000000010004d38        0x4 CMakeFiles/pico-neopixel.dir/home/toby001/pico/pico-sdk/src/rp2_common/pico_stdio_uart/stdio_uart.c.obj
 .binary_info.__bi_ptr93
                0x0000000010004d3c        0x4 CMakeFiles/pico-neopixel.dir/home/toby001/pico/pico-sdk/src/rp2_common/pico_stdio_usb/stdio_usb.c.obj
                0x0000000010004d40                __binary_info_end = .
                0x0000000010004d40                . = ALIGN (0x4)
                0x0000000010004d40                __etext = .

.ram_vector_table
                0x0000000020000000       0xc0
 *(.ram_vector_table)
 .ram_vector_table
                0x0000000020000000       0xc0 CMakeFiles/pico-neopixel.dir/home/toby001/pico/pico-sdk/src/rp2_common/pico_runtime/runtime.c.obj
                0x0000000020000000                ram_vector_table

.data           0x00000000200000c0      0x28c load address 0x0000000010004d40
                0x00000000200000c0                __data_start__ = .
 *(vtable)
 *(.time_critical*)
 .time_critical.mutex_enter_blocking
                0x00000000200000c0       0x4c CMakeFiles/pico-neopixel.dir/home/toby001/pico/pico-sdk/src/common/pico_sync/mutex.c.obj
                0x00000000200000c0                mutex_enter_blocking
 .time_critical.mutex_try_enter
                0x000000002000010c       0x48 CMakeFiles/pico-neopixel.dir/home/toby001/pico/pico-sdk/src/common/pico_sync/mutex.c.obj
                0x000000002000010c                mutex_try_enter
 .time_critical.mutex_enter_timeout_ms
                0x0000000020000154       0x98 CMakeFiles/pico-neopixel.dir/home/toby001/pico/pico-sdk/src/common/pico_sync/mutex.c.obj
                0x0000000020000154                mutex_enter_timeout_ms
 .time_critical.mutex_exit
                0x00000000200001ec       0x28 CMakeFiles/pico-neopixel.dir/home/toby001/pico/pico-sdk/src/common/pico_sync/mutex.c.obj
                0x00000000200001ec                mutex_exit
 *(.text*)
 .text          0x0000000020000214        0x4 /usr/lib/gcc/arm-none-eabi/9.2.1/thumb/v6-m/nofp/libgcc.a(_dvmd_tls.o)
                0x0000000020000214                __aeabi_ldiv0
                0x0000000020000214                __aeabi_idiv0
 .text.__stub   0x0000000020000218       0x30 linker stubs
                0x0000000020000248                . = ALIGN (0x4)
 *(.rodata*)
                0x0000000020000248                . = ALIGN (0x4)
 *(.data*)
 .data.striped_spin_lock_num
                0x0000000020000248        0x1 CMakeFiles/pico-neopixel.dir/home/toby001/pico/pico-sdk/src/rp2_common/hardware_sync/sync.c.obj
 *fill*         0x0000000020000249        0x3 
 .data.default_alarm_pool
                0x000000002000024c       0x18 CMakeFiles/pico-neopixel.dir/home/toby001/pico/pico-sdk/src/common/pico_time/time.c.obj
 .data.default_alarm_pool_heap
                0x0000000020000264       0x10 CMakeFiles/pico-neopixel.dir/home/toby001/pico/pico-sdk/src/common/pico_time/time.c.obj
 .data          0x0000000020000274       0x48 CMakeFiles/pico-neopixel.dir/home/toby001/pico/pico-sdk/src/rp2_common/hardware_irq/irq_handler_chain.S.obj
                0x0000000020000274                irq_handler_chain_slots
                0x00000000200002a4                irq_handler_chain_first_slot
                0x00000000200002ae                irq_handler_chain_remove_tail
 *fill*         0x00000000200002bc        0x4 
 .data.aeabi_bits_funcs
                0x00000000200002c0       0x10 CMakeFiles/pico-neopixel.dir/home/toby001/pico/pico-sdk/src/rp2_common/pico_bit_ops/bit_ops_aeabi.S.obj
                0x00000000200002c0                aeabi_bits_funcs
                0x00000000200002d0                aeabi_bits_funcs_end
 .data.aeabi_mem_funcs
                0x00000000200002d0       0x10 CMakeFiles/pico-neopixel.dir/home/toby001/pico/pico-sdk/src/rp2_common/pico_mem_ops/mem_ops_aeabi.S.obj
                0x00000000200002d0                aeabi_mem_funcs
                0x00000000200002e0                aeabi_mem_funcs_end
 .data.stdio_uart
                0x00000000200002e0       0x14 CMakeFiles/pico-neopixel.dir/home/toby001/pico/pico-sdk/src/rp2_common/pico_stdio_uart/stdio_uart.c.obj
                0x00000000200002e0                stdio_uart
 .data.stdio_usb
                0x00000000200002f4       0x14 CMakeFiles/pico-neopixel.dir/home/toby001/pico/pico-sdk/src/rp2_common/pico_stdio_usb/stdio_usb.c.obj
                0x00000000200002f4                stdio_usb
 .data.ep_dir_string
                0x0000000020000308        0x8 CMakeFiles/pico-neopixel.dir/home/toby001/pico/pico-sdk/lib/tinyusb/src/portable/raspberrypi/rp2040/rp2040_usb.c.obj
                0x0000000020000308                ep_dir_string
 .data._usbd_qdef
                0x0000000020000310       0x20 CMakeFiles/pico-neopixel.dir/home/toby001/pico/pico-sdk/lib/tinyusb/src/device/usbd.c.obj
                0x0000000020000310                _usbd_qdef
                0x0000000020000330                . = ALIGN (0x4)
 *(.after_data.*)
                0x0000000020000330                . = ALIGN (0x4)
                0x0000000020000330                PROVIDE (__mutex_array_start = .)
 *(SORT_BY_NAME(.mutex_array.*))
 *(.mutex_array)
 .mutex_array   0x0000000020000330        0x8 CMakeFiles/pico-neopixel.dir/home/toby001/pico/pico-sdk/src/rp2_common/pico_stdio/stdio.c.obj
                0x0000000020000338                PROVIDE (__mutex_array_end = .)
                0x0000000020000338                . = ALIGN (0x4)
                0x0000000020000338                PROVIDE (__preinit_array_start = .)
 *(SORT_BY_NAME(.preinit_array.*))
 .preinit_array.00001
                0x0000000020000338        0x4 CMakeFiles/pico-neopixel.dir/home/toby001/pico/pico-sdk/src/rp2_common/pico_mem_ops/mem_ops_aeabi.S.obj
 .preinit_array.00010
                0x000000002000033c        0x4 CMakeFiles/pico-neopixel.dir/home/toby001/pico/pico-sdk/src/rp2_common/pico_bit_ops/bit_ops_aeabi.S.obj
 .preinit_array.00020
                0x0000000020000340        0x4 CMakeFiles/pico-neopixel.dir/home/toby001/pico/pico-sdk/src/rp2_common/pico_double/double_aeabi.S.obj
 .preinit_array.00020
                0x0000000020000344        0x4 CMakeFiles/pico-neopixel.dir/home/toby001/pico/pico-sdk/src/rp2_common/pico_float/float_aeabi.S.obj
 *(.preinit_array)
                0x0000000020000348                PROVIDE (__preinit_array_end = .)
                0x0000000020000348                . = ALIGN (0x4)
                0x0000000020000348                PROVIDE (__init_array_start = .)
 *(SORT_BY_NAME(.init_array.*))
 *(.init_array)
 .init_array    0x0000000020000348        0x4 /usr/lib/gcc/arm-none-eabi/9.2.1/thumb/v6-m/nofp/crtbegin.o
                0x000000002000034c                PROVIDE (__init_array_end = .)
                0x000000002000034c                . = ALIGN (0x4)
                0x000000002000034c                PROVIDE (__fini_array_start = .)
 *(SORT_BY_NAME(.fini_array.*))
 *(.fini_array)
                0x000000002000034c                PROVIDE (__fini_array_end = .)
 *(.jcr)
                0x000000002000034c                . = ALIGN (0x4)
                0x000000002000034c                __data_end__ = .

.tm_clone_table
                0x000000002000034c        0x0 load address 0x0000000010004fcc
 .tm_clone_table
                0x000000002000034c        0x0 /usr/lib/gcc/arm-none-eabi/9.2.1/thumb/v6-m/nofp/crtbegin.o
 .tm_clone_table
                0x000000002000034c        0x0 /usr/lib/gcc/arm-none-eabi/9.2.1/thumb/v6-m/nofp/crtend.o

.igot.plt       0x000000002000034c        0x0 load address 0x0000000010004fcc
 .igot.plt      0x000000002000034c        0x0 /usr/lib/gcc/arm-none-eabi/9.2.1/thumb/v6-m/nofp/crtbegin.o

.uninitialized_data
                0x000000002000034c        0x0 load address 0x0000000010004fcc
                0x000000002000034c                . = ALIGN (0x4)
 *(.uninitialized_data*)

.scratch_x      0x0000000020040000        0x0 load address 0x0000000010004fcc
                0x0000000020040000                __scratch_x_start__ = .
 *(.scratch_x.*)
                0x0000000020040000                . = ALIGN (0x4)
                0x0000000020040000                __scratch_x_end__ = .
                0x0000000010004fcc                __scratch_x_source__ = LOADADDR (.scratch_x)

.scratch_y      0x0000000020041000        0x0 load address 0x0000000010004fcc
                0x0000000020041000                __scratch_y_start__ = .
 *(.scratch_y.*)
                0x0000000020041000                . = ALIGN (0x4)
                0x0000000020041000                __scratch_y_end__ = .
                0x0000000010004fcc                __scratch_y_source__ = LOADADDR (.scratch_y)

.bss            0x0000000020000350      0xed0
                0x0000000020000350                . = ALIGN (0x4)
                0x0000000020000350                __bss_start__ = .
 *(SORT_BY_ALIGNMENT(SORT_BY_NAME(.bss*)))
 .bss.default_alarm_pool_entries
                0x0000000020000350      0x100 CMakeFiles/pico-neopixel.dir/home/toby001/pico/pico-sdk/src/common/pico_time/time.c.obj
 .bss.last_avail_time.6997
                0x0000000020000450        0x8 CMakeFiles/pico-neopixel.dir/home/toby001/pico/pico-sdk/src/rp2_common/pico_stdio_usb/stdio_usb.c.obj
 .bss           0x0000000020000458       0x1c /usr/lib/gcc/arm-none-eabi/9.2.1/thumb/v6-m/nofp/crtbegin.o
 .bss._app_driver
                0x0000000020000474        0x4 CMakeFiles/pico-neopixel.dir/home/toby001/pico/pico-sdk/lib/tinyusb/src/device/usbd.c.obj
 .bss._cdcd_itf
                0x0000000020000478      0x2d0 CMakeFiles/pico-neopixel.dir/home/toby001/pico/pico-sdk/lib/tinyusb/src/class/cdc/cdc_device.c.obj
 .bss._ctrl_xfer
                0x0000000020000748       0x14 CMakeFiles/pico-neopixel.dir/home/toby001/pico/pico-sdk/lib/tinyusb/src/device/usbd_control.c.obj
 .bss._ubsd_mutexdef
                0x000000002000075c        0x8 CMakeFiles/pico-neopixel.dir/home/toby001/pico/pico-sdk/lib/tinyusb/src/device/usbd.c.obj
 .bss._usbd_ctrl_buf
                0x0000000020000764       0x40 CMakeFiles/pico-neopixel.dir/home/toby001/pico/pico-sdk/lib/tinyusb/src/device/usbd_control.c.obj
 .bss._usbd_dev
                0x00000000200007a4       0x37 CMakeFiles/pico-neopixel.dir/home/toby001/pico/pico-sdk/lib/tinyusb/src/device/usbd.c.obj
 *fill*         0x00000000200007db        0x1 
 .bss._usbd_mutex
                0x00000000200007dc        0x4 CMakeFiles/pico-neopixel.dir/home/toby001/pico/pico-sdk/lib/tinyusb/src/device/usbd.c.obj
 .bss._usbd_q   0x00000000200007e0        0x4 CMakeFiles/pico-neopixel.dir/home/toby001/pico/pico-sdk/lib/tinyusb/src/device/usbd.c.obj
 .bss._used_instruction_space
                0x00000000200007e4        0x8 CMakeFiles/pico-neopixel.dir/home/toby001/pico/pico-sdk/src/rp2_common/hardware_pio/pio.c.obj
 .bss.alarm_callbacks
                0x00000000200007ec       0x10 CMakeFiles/pico-neopixel.dir/home/toby001/pico/pico-sdk/src/rp2_common/hardware_timer/timer.c.obj
 .bss.claimed   0x00000000200007fc        0x4 CMakeFiles/pico-neopixel.dir/home/toby001/pico/pico-sdk/src/rp2_common/hardware_sync/sync.c.obj
 .bss.configured_freq
                0x0000000020000800       0x28 CMakeFiles/pico-neopixel.dir/home/toby001/pico/pico-sdk/src/rp2_common/hardware_clocks/clocks.c.obj
 .bss.default_alarm_pool_entry_ids_high
                0x0000000020000828       0x10 CMakeFiles/pico-neopixel.dir/home/toby001/pico/pico-sdk/src/common/pico_time/time.c.obj
 .bss.default_alarm_pool_heap_nodes
                0x0000000020000838       0x30 CMakeFiles/pico-neopixel.dir/home/toby001/pico/pico-sdk/src/common/pico_time/time.c.obj
 .bss.desc_str.6892
                0x0000000020000868       0x28 CMakeFiles/pico-neopixel.dir/home/toby001/pico/pico-sdk/src/rp2_common/pico_stdio_usb/stdio_usb_descriptors.c.obj
 .bss.drivers   0x0000000020000890        0x4 CMakeFiles/pico-neopixel.dir/home/toby001/pico/pico-sdk/src/rp2_common/pico_stdio/stdio.c.obj
 .bss.filter    0x0000000020000894        0x4 CMakeFiles/pico-neopixel.dir/home/toby001/pico/pico-sdk/src/rp2_common/pico_stdio/stdio.c.obj
 .bss.hw_endpoints
                0x0000000020000898      0x680 CMakeFiles/pico-neopixel.dir/home/toby001/pico/pico-sdk/lib/tinyusb/src/portable/raspberrypi/rp2040/dcd_rp2040.c.obj
 .bss.lazy_vsnprintf
                0x0000000020000f18        0x4 CMakeFiles/pico-neopixel.dir/home/toby001/pico/pico-sdk/src/rp2_common/pico_printf/printf.c.obj
 .bss.load_value
                0x0000000020000f1c        0x4 CMakeFiles/pico-neopixel.dir/home/toby001/pico/pico-sdk/src/rp2_common/hardware_watchdog/watchdog.c.obj
 .bss.next_buffer_ptr
                0x0000000020000f20        0x4 CMakeFiles/pico-neopixel.dir/home/toby001/pico/pico-sdk/lib/tinyusb/src/portable/raspberrypi/rp2040/dcd_rp2040.c.obj
 .bss.pools     0x0000000020000f24       0x10 CMakeFiles/pico-neopixel.dir/home/toby001/pico/pico-sdk/src/common/pico_time/time.c.obj
 .bss.stdio_usb_mutex
                0x0000000020000f34        0x8 CMakeFiles/pico-neopixel.dir/home/toby001/pico/pico-sdk/src/rp2_common/pico_stdio_usb/stdio_usb.c.obj
 .bss.target_hi
                0x0000000020000f3c       0x10 CMakeFiles/pico-neopixel.dir/home/toby001/pico/pico-sdk/src/rp2_common/hardware_timer/timer.c.obj
 .bss.uart_instance
                0x0000000020000f4c        0x4 CMakeFiles/pico-neopixel.dir/home/toby001/pico/pico-sdk/src/rp2_common/pico_stdio_uart/stdio_uart.c.obj
 .bss._app_driver_count
                0x0000000020000f50        0x1 CMakeFiles/pico-neopixel.dir/home/toby001/pico/pico-sdk/lib/tinyusb/src/device/usbd.c.obj
 .bss._initialized
                0x0000000020000f51        0x1 CMakeFiles/pico-neopixel.dir/home/toby001/pico/pico-sdk/lib/tinyusb/src/tusb.c.obj
 .bss.assigned_address
                0x0000000020000f52        0x1 CMakeFiles/pico-neopixel.dir/home/toby001/pico/pico-sdk/lib/tinyusb/src/portable/raspberrypi/rp2040/dcd_rp2040.c.obj
 .bss.claimed   0x0000000020000f53        0x1 CMakeFiles/pico-neopixel.dir/home/toby001/pico/pico-sdk/src/rp2_common/hardware_timer/timer.c.obj
 .bss.irq_hander_chain_free_slot_head
                0x0000000020000f54        0x1 CMakeFiles/pico-neopixel.dir/home/toby001/pico/pico-sdk/src/rp2_common/hardware_irq/irq.c.obj
 .bss.itf_num   0x0000000020000f55        0x1 CMakeFiles/pico-neopixel.dir/home/toby001/pico/pico-sdk/src/rp2_common/pico_stdio_usb/reset_interface.c.obj
 .bss.timer_callbacks_pending
                0x0000000020000f56        0x1 CMakeFiles/pico-neopixel.dir/home/toby001/pico/pico-sdk/src/rp2_common/hardware_timer/timer.c.obj
 *(COMMON)
 *fill*         0x0000000020000f57        0x1 
 COMMON         0x0000000020000f58        0x4 CMakeFiles/pico-neopixel.dir/home/toby001/pico/pico-sdk/src/rp2_common/hardware_uart/uart.c.obj
                0x0000000020000f58                uart_char_to_line_feed
 COMMON         0x0000000020000f5c      0x100 CMakeFiles/pico-neopixel.dir/home/toby001/pico/pico-sdk/src/rp2_common/pico_double/double_init_rom.c.obj
                0x0000000020000f5c                sd_table
 COMMON         0x000000002000105c      0x104 CMakeFiles/pico-neopixel.dir/home/toby001/pico/pico-sdk/src/rp2_common/pico_float/float_init_rom.c.obj
                0x000000002000105c                sf_table
                0x000000002000115c                sf_clz_func
 COMMON         0x0000000020001160       0xc0 CMakeFiles/pico-neopixel.dir/home/toby001/pico/pico-sdk/lib/tinyusb/src/device/usbd.c.obj
                0x0000000020001160                _usbd_qdef_buf
                0x0000000020001220                . = ALIGN (0x4)
                0x0000000020001220                __bss_end__ = .

.heap           0x0000000020001220      0x800
                0x0000000020001220                __end__ = .
                0x0000000020001220                end = __end__
 *(.heap*)
 .heap          0x0000000020001220      0x800 CMakeFiles/pico-neopixel.dir/home/toby001/pico/pico-sdk/src/rp2_common/pico_standard_link/crt0.S.obj
                0x0000000020001a20                __HeapLimit = .

.stack1_dummy   0x0000000020040000        0x0
 *(.stack1*)

.stack_dummy    0x0000000020041000      0x800
 *(.stack*)
 .stack         0x0000000020041000      0x800 CMakeFiles/pico-neopixel.dir/home/toby001/pico/pico-sdk/src/rp2_common/pico_standard_link/crt0.S.obj

.flash_end      0x0000000010004fcc        0x0
                0x0000000010004fcc                __flash_binary_end = .
                0x0000000020040000                __StackLimit = (ORIGIN (RAM) + LENGTH (RAM))
                0x0000000020041000                __StackOneTop = (ORIGIN (SCRATCH_X) + LENGTH (SCRATCH_X))
                0x0000000020042000                __StackTop = (ORIGIN (SCRATCH_Y) + LENGTH (SCRATCH_Y))
                0x0000000020041000                __StackOneBottom = (__StackOneTop - SIZEOF (.stack1_dummy))
                0x0000000020041800                __StackBottom = (__StackTop - SIZEOF (.stack_dummy))
                0x0000000020042000                PROVIDE (__stack = __StackTop)
                0x0000000000000001                ASSERT ((__StackLimit >= __HeapLimit), region RAM overflowed)
                0x0000000000000001                ASSERT (((__binary_info_header_end - __logical_binary_start) <= 0x100), Binary info must be in first 256 bytes of the binary)
LOAD CMakeFiles/pico-neopixel.dir/pico-neopixel.c.obj
LOAD CMakeFiles/pico-neopixel.dir/home/toby001/pico/pico-sdk/src/rp2_common/pico_stdlib/stdlib.c.obj
LOAD CMakeFiles/pico-neopixel.dir/home/toby001/pico/pico-sdk/src/rp2_common/hardware_gpio/gpio.c.obj
LOAD CMakeFiles/pico-neopixel.dir/home/toby001/pico/pico-sdk/src/rp2_common/hardware_claim/claim.c.obj
LOAD CMakeFiles/pico-neopixel.dir/home/toby001/pico/pico-sdk/src/rp2_common/hardware_sync/sync.c.obj
LOAD CMakeFiles/pico-neopixel.dir/home/toby001/pico/pico-sdk/src/rp2_common/pico_platform/platform.c.obj
LOAD CMakeFiles/pico-neopixel.dir/home/toby001/pico/pico-sdk/src/rp2_common/hardware_uart/uart.c.obj
LOAD CMakeFiles/pico-neopixel.dir/home/toby001/pico/pico-sdk/src/rp2_common/hardware_divider/divider.S.obj
LOAD CMakeFiles/pico-neopixel.dir/home/toby001/pico/pico-sdk/src/common/pico_time/time.c.obj
LOAD CMakeFiles/pico-neopixel.dir/home/toby001/pico/pico-sdk/src/common/pico_time/timeout_helper.c.obj
LOAD CMakeFiles/pico-neopixel.dir/home/toby001/pico/pico-sdk/src/rp2_common/hardware_timer/timer.c.obj
LOAD CMakeFiles/pico-neopixel.dir/home/toby001/pico/pico-sdk/src/common/pico_sync/sem.c.obj
LOAD CMakeFiles/pico-neopixel.dir/home/toby001/pico/pico-sdk/src/common/pico_sync/lock_core.c.obj
LOAD CMakeFiles/pico-neopixel.dir/home/toby001/pico/pico-sdk/src/common/pico_sync/mutex.c.obj
LOAD CMakeFiles/pico-neopixel.dir/home/toby001/pico/pico-sdk/src/common/pico_sync/critical_section.c.obj
LOAD CMakeFiles/pico-neopixel.dir/home/toby001/pico/pico-sdk/src/common/pico_util/datetime.c.obj
LOAD CMakeFiles/pico-neopixel.dir/home/toby001/pico/pico-sdk/src/common/pico_util/pheap.c.obj
LOAD CMakeFiles/pico-neopixel.dir/home/toby001/pico/pico-sdk/src/common/pico_util/queue.c.obj
LOAD CMakeFiles/pico-neopixel.dir/home/toby001/pico/pico-sdk/src/rp2_common/pico_runtime/runtime.c.obj
LOAD CMakeFiles/pico-neopixel.dir/home/toby001/pico/pico-sdk/src/rp2_common/hardware_clocks/clocks.c.obj
LOAD CMakeFiles/pico-neopixel.dir/home/toby001/pico/pico-sdk/src/rp2_common/hardware_watchdog/watchdog.c.obj
LOAD CMakeFiles/pico-neopixel.dir/home/toby001/pico/pico-sdk/src/rp2_common/hardware_xosc/xosc.c.obj
LOAD CMakeFiles/pico-neopixel.dir/home/toby001/pico/pico-sdk/src/rp2_common/hardware_pll/pll.c.obj
LOAD CMakeFiles/pico-neopixel.dir/home/toby001/pico/pico-sdk/src/rp2_common/hardware_vreg/vreg.c.obj
LOAD CMakeFiles/pico-neopixel.dir/home/toby001/pico/pico-sdk/src/rp2_common/hardware_irq/irq.c.obj
LOAD CMakeFiles/pico-neopixel.dir/home/toby001/pico/pico-sdk/src/rp2_common/hardware_irq/irq_handler_chain.S.obj
LOAD CMakeFiles/pico-neopixel.dir/home/toby001/pico/pico-sdk/src/rp2_common/pico_printf/printf.c.obj
LOAD CMakeFiles/pico-neopixel.dir/home/toby001/pico/pico-sdk/src/rp2_common/pico_bit_ops/bit_ops_aeabi.S.obj
LOAD CMakeFiles/pico-neopixel.dir/home/toby001/pico/pico-sdk/src/rp2_common/pico_bootrom/bootrom.c.obj
LOAD CMakeFiles/pico-neopixel.dir/home/toby001/pico/pico-sdk/src/rp2_common/pico_divider/divider.S.obj
LOAD CMakeFiles/pico-neopixel.dir/home/toby001/pico/pico-sdk/src/rp2_common/pico_double/double_aeabi.S.obj
LOAD CMakeFiles/pico-neopixel.dir/home/toby001/pico/pico-sdk/src/rp2_common/pico_double/double_init_rom.c.obj
LOAD CMakeFiles/pico-neopixel.dir/home/toby001/pico/pico-sdk/src/rp2_common/pico_double/double_math.c.obj
LOAD CMakeFiles/pico-neopixel.dir/home/toby001/pico/pico-sdk/src/rp2_common/pico_double/double_v1_rom_shim.S.obj
LOAD CMakeFiles/pico-neopixel.dir/home/toby001/pico/pico-sdk/src/rp2_common/pico_int64_ops/pico_int64_ops_aeabi.S.obj
LOAD CMakeFiles/pico-neopixel.dir/home/toby001/pico/pico-sdk/src/rp2_common/pico_float/float_aeabi.S.obj
LOAD CMakeFiles/pico-neopixel.dir/home/toby001/pico/pico-sdk/src/rp2_common/pico_float/float_init_rom.c.obj
LOAD CMakeFiles/pico-neopixel.dir/home/toby001/pico/pico-sdk/src/rp2_common/pico_float/float_math.c.obj
LOAD CMakeFiles/pico-neopixel.dir/home/toby001/pico/pico-sdk/src/rp2_common/pico_float/float_v1_rom_shim.S.obj
LOAD CMakeFiles/pico-neopixel.dir/home/toby001/pico/pico-sdk/src/rp2_common/pico_malloc/pico_malloc.c.obj
LOAD CMakeFiles/pico-neopixel.dir/home/toby001/pico/pico-sdk/src/rp2_common/pico_mem_ops/mem_ops_aeabi.S.obj
LOAD CMakeFiles/pico-neopixel.dir/home/toby001/pico/pico-sdk/src/rp2_common/pico_standard_link/crt0.S.obj
LOAD CMakeFiles/pico-neopixel.dir/home/toby001/pico/pico-sdk/src/rp2_common/pico_standard_link/new_delete.cpp.obj
LOAD CMakeFiles/pico-neopixel.dir/home/toby001/pico/pico-sdk/src/rp2_common/pico_standard_link/binary_info.c.obj
LOAD CMakeFiles/pico-neopixel.dir/home/toby001/pico/pico-sdk/src/rp2_common/pico_stdio/stdio.c.obj
LOAD CMakeFiles/pico-neopixel.dir/home/toby001/pico/pico-sdk/src/rp2_common/pico_stdio_uart/stdio_uart.c.obj
LOAD CMakeFiles/pico-neopixel.dir/home/toby001/pico/pico-sdk/src/rp2_common/pico_stdio_usb/reset_interface.c.obj
LOAD CMakeFiles/pico-neopixel.dir/home/toby001/pico/pico-sdk/src/rp2_common/pico_stdio_usb/stdio_usb.c.obj
LOAD CMakeFiles/pico-neopixel.dir/home/toby001/pico/pico-sdk/src/rp2_common/pico_stdio_usb/stdio_usb_descriptors.c.obj
LOAD CMakeFiles/pico-neopixel.dir/home/toby001/pico/pico-sdk/lib/tinyusb/src/portable/raspberrypi/rp2040/dcd_rp2040.c.obj
LOAD CMakeFiles/pico-neopixel.dir/home/toby001/pico/pico-sdk/lib/tinyusb/src/portable/raspberrypi/rp2040/rp2040_usb.c.obj
LOAD CMakeFiles/pico-neopixel.dir/home/toby001/pico/pico-sdk/lib/tinyusb/src/device/usbd.c.obj
LOAD CMakeFiles/pico-neopixel.dir/home/toby001/pico/pico-sdk/lib/tinyusb/src/device/usbd_control.c.obj
LOAD CMakeFiles/pico-neopixel.dir/home/toby001/pico/pico-sdk/lib/tinyusb/src/class/audio/audio_device.c.obj
LOAD CMakeFiles/pico-neopixel.dir/home/toby001/pico/pico-sdk/lib/tinyusb/src/class/cdc/cdc_device.c.obj
LOAD CMakeFiles/pico-neopixel.dir/home/toby001/pico/pico-sdk/lib/tinyusb/src/class/dfu/dfu_rt_device.c.obj
LOAD CMakeFiles/pico-neopixel.dir/home/toby001/pico/pico-sdk/lib/tinyusb/src/class/hid/hid_device.c.obj
LOAD CMakeFiles/pico-neopixel.dir/home/toby001/pico/pico-sdk/lib/tinyusb/src/class/midi/midi_device.c.obj
LOAD CMakeFiles/pico-neopixel.dir/home/toby001/pico/pico-sdk/lib/tinyusb/src/class/msc/msc_device.c.obj
LOAD CMakeFiles/pico-neopixel.dir/home/toby001/pico/pico-sdk/lib/tinyusb/src/class/net/net_device.c.obj
LOAD CMakeFiles/pico-neopixel.dir/home/toby001/pico/pico-sdk/lib/tinyusb/src/class/usbtmc/usbtmc_device.c.obj
LOAD CMakeFiles/pico-neopixel.dir/home/toby001/pico/pico-sdk/lib/tinyusb/src/class/vendor/vendor_device.c.obj
LOAD CMakeFiles/pico-neopixel.dir/home/toby001/pico/pico-sdk/lib/tinyusb/src/tusb.c.obj
LOAD CMakeFiles/pico-neopixel.dir/home/toby001/pico/pico-sdk/lib/tinyusb/src/common/tusb_fifo.c.obj
LOAD CMakeFiles/pico-neopixel.dir/home/toby001/pico/pico-sdk/src/rp2_common/pico_fix/rp2040_usb_device_enumeration/rp2040_usb_device_enumeration.c.obj
LOAD CMakeFiles/pico-neopixel.dir/home/toby001/pico/pico-sdk/src/rp2_common/hardware_pio/pio.c.obj
LOAD /tmp/cchXalCl.o
LOAD /usr/lib/gcc/arm-none-eabi/9.2.1/../../../arm-none-eabi/lib/thumb/v6-m/nofp/libstdc++.a
LOAD /usr/lib/gcc/arm-none-eabi/9.2.1/../../../arm-none-eabi/lib/thumb/v6-m/nofp/libm.a
START GROUP
LOAD /usr/lib/gcc/arm-none-eabi/9.2.1/thumb/v6-m/nofp/libgcc.a
LOAD /usr/lib/gcc/arm-none-eabi/9.2.1/../../../arm-none-eabi/lib/thumb/v6-m/nofp/libc.a
END GROUP
START GROUP
LOAD /usr/lib/gcc/arm-none-eabi/9.2.1/thumb/v6-m/nofp/libgcc.a
LOAD /usr/lib/gcc/arm-none-eabi/9.2.1/../../../arm-none-eabi/lib/thumb/v6-m/nofp/libc.a
LOAD /usr/lib/gcc/arm-none-eabi/9.2.1/../../../arm-none-eabi/lib/thumb/v6-m/nofp/libnosys.a
END GROUP
LOAD /usr/lib/gcc/arm-none-eabi/9.2.1/thumb/v6-m/nofp/crtend.o
LOAD /usr/lib/gcc/arm-none-eabi/9.2.1/thumb/v6-m/nofp/crtn.o
OUTPUT(pico-neopixel.elf elf32-littlearm)
LOAD linker stubs

.ARM.attributes
                0x0000000000000000       0x28
 .ARM.attributes
                0x0000000000000000       0x1e /usr/lib/gcc/arm-none-eabi/9.2.1/thumb/v6-m/nofp/crti.o
 .ARM.attributes
                0x000000000000001e       0x2c /usr/lib/gcc/arm-none-eabi/9.2.1/thumb/v6-m/nofp/crtbegin.o
 .ARM.attributes
                0x000000000000004a       0x2c CMakeFiles/pico-neopixel.dir/pico-neopixel.c.obj
 .ARM.attributes
                0x0000000000000076       0x2c CMakeFiles/pico-neopixel.dir/home/toby001/pico/pico-sdk/src/rp2_common/hardware_gpio/gpio.c.obj
 .ARM.attributes
                0x00000000000000a2       0x2c CMakeFiles/pico-neopixel.dir/home/toby001/pico/pico-sdk/src/rp2_common/hardware_claim/claim.c.obj
 .ARM.attributes
                0x00000000000000ce       0x2c CMakeFiles/pico-neopixel.dir/home/toby001/pico/pico-sdk/src/rp2_common/hardware_sync/sync.c.obj
 .ARM.attributes
                0x00000000000000fa       0x2c CMakeFiles/pico-neopixel.dir/home/toby001/pico/pico-sdk/src/rp2_common/pico_platform/platform.c.obj
 .ARM.attributes
                0x0000000000000126       0x2c CMakeFiles/pico-neopixel.dir/home/toby001/pico/pico-sdk/src/rp2_common/hardware_uart/uart.c.obj
 .ARM.attributes
                0x0000000000000152       0x2c CMakeFiles/pico-neopixel.dir/home/toby001/pico/pico-sdk/src/common/pico_time/time.c.obj
 .ARM.attributes
                0x000000000000017e       0x2c CMakeFiles/pico-neopixel.dir/home/toby001/pico/pico-sdk/src/rp2_common/hardware_timer/timer.c.obj
 .ARM.attributes
                0x00000000000001aa       0x2c CMakeFiles/pico-neopixel.dir/home/toby001/pico/pico-sdk/src/common/pico_sync/lock_core.c.obj
 .ARM.attributes
                0x00000000000001d6       0x2c CMakeFiles/pico-neopixel.dir/home/toby001/pico/pico-sdk/src/common/pico_sync/mutex.c.obj
 .ARM.attributes
                0x0000000000000202       0x2c CMakeFiles/pico-neopixel.dir/home/toby001/pico/pico-sdk/src/common/pico_sync/critical_section.c.obj
 .ARM.attributes
                0x000000000000022e       0x2c CMakeFiles/pico-neopixel.dir/home/toby001/pico/pico-sdk/src/common/pico_util/pheap.c.obj
 .ARM.attributes
                0x000000000000025a       0x2c CMakeFiles/pico-neopixel.dir/home/toby001/pico/pico-sdk/src/rp2_common/pico_runtime/runtime.c.obj
 .ARM.attributes
                0x0000000000000286       0x2c CMakeFiles/pico-neopixel.dir/home/toby001/pico/pico-sdk/src/rp2_common/hardware_clocks/clocks.c.obj
 .ARM.attributes
                0x00000000000002b2       0x2c CMakeFiles/pico-neopixel.dir/home/toby001/pico/pico-sdk/src/rp2_common/hardware_watchdog/watchdog.c.obj
 .ARM.attributes
                0x00000000000002de       0x2c CMakeFiles/pico-neopixel.dir/home/toby001/pico/pico-sdk/src/rp2_common/hardware_xosc/xosc.c.obj
 .ARM.attributes
                0x000000000000030a       0x2c CMakeFiles/pico-neopixel.dir/home/toby001/pico/pico-sdk/src/rp2_common/hardware_pll/pll.c.obj
 .ARM.attributes
                0x0000000000000336       0x2c CMakeFiles/pico-neopixel.dir/home/toby001/pico/pico-sdk/src/rp2_common/hardware_irq/irq.c.obj
 .ARM.attributes
                0x0000000000000362       0x22 CMakeFiles/pico-neopixel.dir/home/toby001/pico/pico-sdk/src/rp2_common/hardware_irq/irq_handler_chain.S.obj
 .ARM.attributes
                0x0000000000000384       0x2c CMakeFiles/pico-neopixel.dir/home/toby001/pico/pico-sdk/src/rp2_common/pico_printf/printf.c.obj
 .ARM.attributes
                0x00000000000003b0       0x22 CMakeFiles/pico-neopixel.dir/home/toby001/pico/pico-sdk/src/rp2_common/pico_bit_ops/bit_ops_aeabi.S.obj
 .ARM.attributes
                0x00000000000003d2       0x2c CMakeFiles/pico-neopixel.dir/home/toby001/pico/pico-sdk/src/rp2_common/pico_bootrom/bootrom.c.obj
 .ARM.attributes
                0x00000000000003fe       0x22 CMakeFiles/pico-neopixel.dir/home/toby001/pico/pico-sdk/src/rp2_common/pico_divider/divider.S.obj
 .ARM.attributes
                0x0000000000000420       0x22 CMakeFiles/pico-neopixel.dir/home/toby001/pico/pico-sdk/src/rp2_common/pico_double/double_aeabi.S.obj
 .ARM.attributes
                0x0000000000000442       0x2c CMakeFiles/pico-neopixel.dir/home/toby001/pico/pico-sdk/src/rp2_common/pico_double/double_init_rom.c.obj
 .ARM.attributes
                0x000000000000046e       0x22 CMakeFiles/pico-neopixel.dir/home/toby001/pico/pico-sdk/src/rp2_common/pico_double/double_v1_rom_shim.S.obj
 .ARM.attributes
                0x0000000000000490       0x22 CMakeFiles/pico-neopixel.dir/home/toby001/pico/pico-sdk/src/rp2_common/pico_int64_ops/pico_int64_ops_aeabi.S.obj
 .ARM.attributes
                0x00000000000004b2       0x22 CMakeFiles/pico-neopixel.dir/home/toby001/pico/pico-sdk/src/rp2_common/pico_float/float_aeabi.S.obj
 .ARM.attributes
                0x00000000000004d4       0x2c CMakeFiles/pico-neopixel.dir/home/toby001/pico/pico-sdk/src/rp2_common/pico_float/float_init_rom.c.obj
 .ARM.attributes
                0x0000000000000500       0x22 CMakeFiles/pico-neopixel.dir/home/toby001/pico/pico-sdk/src/rp2_common/pico_float/float_v1_rom_shim.S.obj
 .ARM.attributes
                0x0000000000000522       0x22 CMakeFiles/pico-neopixel.dir/home/toby001/pico/pico-sdk/src/rp2_common/pico_mem_ops/mem_ops_aeabi.S.obj
 .ARM.attributes
                0x0000000000000544       0x22 CMakeFiles/pico-neopixel.dir/home/toby001/pico/pico-sdk/src/rp2_common/pico_standard_link/crt0.S.obj
 .ARM.attributes
                0x0000000000000566       0x32 CMakeFiles/pico-neopixel.dir/home/toby001/pico/pico-sdk/src/rp2_common/pico_standard_link/binary_info.c.obj
 .ARM.attributes
                0x0000000000000598       0x2c CMakeFiles/pico-neopixel.dir/home/toby001/pico/pico-sdk/src/rp2_common/pico_stdio/stdio.c.obj
 .ARM.attributes
                0x00000000000005c4       0x2c CMakeFiles/pico-neopixel.dir/home/toby001/pico/pico-sdk/src/rp2_common/pico_stdio_uart/stdio_uart.c.obj
 .ARM.attributes
                0x00000000000005f0       0x2c CMakeFiles/pico-neopixel.dir/home/toby001/pico/pico-sdk/src/rp2_common/pico_stdio_usb/reset_interface.c.obj
 .ARM.attributes
                0x000000000000061c       0x2c CMakeFiles/pico-neopixel.dir/home/toby001/pico/pico-sdk/src/rp2_common/pico_stdio_usb/stdio_usb.c.obj
 .ARM.attributes
                0x0000000000000648       0x2c CMakeFiles/pico-neopixel.dir/home/toby001/pico/pico-sdk/src/rp2_common/pico_stdio_usb/stdio_usb_descriptors.c.obj
 .ARM.attributes
                0x0000000000000674       0x2c CMakeFiles/pico-neopixel.dir/home/toby001/pico/pico-sdk/lib/tinyusb/src/portable/raspberrypi/rp2040/dcd_rp2040.c.obj
 .ARM.attributes
                0x00000000000006a0       0x2c CMakeFiles/pico-neopixel.dir/home/toby001/pico/pico-sdk/lib/tinyusb/src/portable/raspberrypi/rp2040/rp2040_usb.c.obj
 .ARM.attributes
                0x00000000000006cc       0x2c CMakeFiles/pico-neopixel.dir/home/toby001/pico/pico-sdk/lib/tinyusb/src/device/usbd.c.obj
 .ARM.attributes
                0x00000000000006f8       0x2c CMakeFiles/pico-neopixel.dir/home/toby001/pico/pico-sdk/lib/tinyusb/src/device/usbd_control.c.obj
 .ARM.attributes
                0x0000000000000724       0x2c CMakeFiles/pico-neopixel.dir/home/toby001/pico/pico-sdk/lib/tinyusb/src/class/cdc/cdc_device.c.obj
 .ARM.attributes
                0x0000000000000750       0x2c CMakeFiles/pico-neopixel.dir/home/toby001/pico/pico-sdk/lib/tinyusb/src/tusb.c.obj
 .ARM.attributes
                0x000000000000077c       0x2c CMakeFiles/pico-neopixel.dir/home/toby001/pico/pico-sdk/lib/tinyusb/src/common/tusb_fifo.c.obj
 .ARM.attributes
                0x00000000000007a8       0x2c CMakeFiles/pico-neopixel.dir/home/toby001/pico/pico-sdk/src/rp2_common/hardware_pio/pio.c.obj
 .ARM.attributes
                0x00000000000007d4       0x22 /tmp/cchXalCl.o
 .ARM.attributes
                0x00000000000007f6       0x1e /usr/lib/gcc/arm-none-eabi/9.2.1/thumb/v6-m/nofp/libgcc.a(_dvmd_tls.o)
 .ARM.attributes
                0x0000000000000814       0x2c /usr/lib/gcc/arm-none-eabi/9.2.1/../../../arm-none-eabi/lib/thumb/v6-m/nofp/libc.a(lib_a-strlen-stub.o)
 .ARM.attributes
                0x0000000000000840       0x2c /usr/lib/gcc/arm-none-eabi/9.2.1/thumb/v6-m/nofp/crtend.o

.comment        0x0000000000000000       0xa7
 .comment       0x0000000000000000       0x59 /usr/lib/gcc/arm-none-eabi/9.2.1/thumb/v6-m/nofp/crtbegin.o
                                         0x5a (size before relaxing)
 .comment       0x0000000000000059       0x5a CMakeFiles/pico-neopixel.dir/pico-neopixel.c.obj
 .comment       0x0000000000000059       0x5a CMakeFiles/pico-neopixel.dir/home/toby001/pico/pico-sdk/src/rp2_common/hardware_gpio/gpio.c.obj
 .comment       0x0000000000000059       0x5a CMakeFiles/pico-neopixel.dir/home/toby001/pico/pico-sdk/src/rp2_common/hardware_claim/claim.c.obj
 .comment       0x0000000000000059       0x5a CMakeFiles/pico-neopixel.dir/home/toby001/pico/pico-sdk/src/rp2_common/hardware_sync/sync.c.obj
 .comment       0x0000000000000059       0x5a CMakeFiles/pico-neopixel.dir/home/toby001/pico/pico-sdk/src/rp2_common/pico_platform/platform.c.obj
 .comment       0x0000000000000059       0x5a CMakeFiles/pico-neopixel.dir/home/toby001/pico/pico-sdk/src/rp2_common/hardware_uart/uart.c.obj
 .comment       0x0000000000000059       0x5a CMakeFiles/pico-neopixel.dir/home/toby001/pico/pico-sdk/src/common/pico_time/time.c.obj
 .comment       0x0000000000000059       0x5a CMakeFiles/pico-neopixel.dir/home/toby001/pico/pico-sdk/src/rp2_common/hardware_timer/timer.c.obj
 .comment       0x0000000000000059       0x5a CMakeFiles/pico-neopixel.dir/home/toby001/pico/pico-sdk/src/common/pico_sync/lock_core.c.obj
 .comment       0x0000000000000059       0x5a CMakeFiles/pico-neopixel.dir/home/toby001/pico/pico-sdk/src/common/pico_sync/mutex.c.obj
 .comment       0x0000000000000059       0x5a CMakeFiles/pico-neopixel.dir/home/toby001/pico/pico-sdk/src/common/pico_sync/critical_section.c.obj
 .comment       0x0000000000000059       0x5a CMakeFiles/pico-neopixel.dir/home/toby001/pico/pico-sdk/src/common/pico_util/pheap.c.obj
 .comment       0x0000000000000059       0x5a CMakeFiles/pico-neopixel.dir/home/toby001/pico/pico-sdk/src/rp2_common/pico_runtime/runtime.c.obj
 .comment       0x0000000000000059       0x5a CMakeFiles/pico-neopixel.dir/home/toby001/pico/pico-sdk/src/rp2_common/hardware_clocks/clocks.c.obj
 .comment       0x0000000000000059       0x5a CMakeFiles/pico-neopixel.dir/home/toby001/pico/pico-sdk/src/rp2_common/hardware_watchdog/watchdog.c.obj
 .comment       0x0000000000000059       0x5a CMakeFiles/pico-neopixel.dir/home/toby001/pico/pico-sdk/src/rp2_common/hardware_xosc/xosc.c.obj
 .comment       0x0000000000000059       0x5a CMakeFiles/pico-neopixel.dir/home/toby001/pico/pico-sdk/src/rp2_common/hardware_pll/pll.c.obj
 .comment       0x0000000000000059       0x5a CMakeFiles/pico-neopixel.dir/home/toby001/pico/pico-sdk/src/rp2_common/hardware_irq/irq.c.obj
 .comment       0x0000000000000059       0x5a CMakeFiles/pico-neopixel.dir/home/toby001/pico/pico-sdk/src/rp2_common/pico_printf/printf.c.obj
 .comment       0x0000000000000059       0x5a CMakeFiles/pico-neopixel.dir/home/toby001/pico/pico-sdk/src/rp2_common/pico_bootrom/bootrom.c.obj
 .comment       0x0000000000000059       0x5a CMakeFiles/pico-neopixel.dir/home/toby001/pico/pico-sdk/src/rp2_common/pico_double/double_init_rom.c.obj
 .comment       0x0000000000000059       0x5a CMakeFiles/pico-neopixel.dir/home/toby001/pico/pico-sdk/src/rp2_common/pico_float/float_init_rom.c.obj
 .comment       0x0000000000000059       0x5a CMakeFiles/pico-neopixel.dir/home/toby001/pico/pico-sdk/src/rp2_common/pico_standard_link/binary_info.c.obj
 .comment       0x0000000000000059       0x5a CMakeFiles/pico-neopixel.dir/home/toby001/pico/pico-sdk/src/rp2_common/pico_stdio/stdio.c.obj
 .comment       0x0000000000000059       0x5a CMakeFiles/pico-neopixel.dir/home/toby001/pico/pico-sdk/src/rp2_common/pico_stdio_uart/stdio_uart.c.obj
 .comment       0x0000000000000059       0x5a CMakeFiles/pico-neopixel.dir/home/toby001/pico/pico-sdk/src/rp2_common/pico_stdio_usb/reset_interface.c.obj
 .comment       0x0000000000000059       0x5a CMakeFiles/pico-neopixel.dir/home/toby001/pico/pico-sdk/src/rp2_common/pico_stdio_usb/stdio_usb.c.obj
 .comment       0x0000000000000059       0x5a CMakeFiles/pico-neopixel.dir/home/toby001/pico/pico-sdk/src/rp2_common/pico_stdio_usb/stdio_usb_descriptors.c.obj
 .comment       0x0000000000000059       0x5a CMakeFiles/pico-neopixel.dir/home/toby001/pico/pico-sdk/lib/tinyusb/src/portable/raspberrypi/rp2040/dcd_rp2040.c.obj
 .comment       0x0000000000000059       0x5a CMakeFiles/pico-neopixel.dir/home/toby001/pico/pico-sdk/lib/tinyusb/src/portable/raspberrypi/rp2040/rp2040_usb.c.obj
 .comment       0x0000000000000059       0x5a CMakeFiles/pico-neopixel.dir/home/toby001/pico/pico-sdk/lib/tinyusb/src/device/usbd.c.obj
 .comment       0x0000000000000059       0x5a CMakeFiles/pico-neopixel.dir/home/toby001/pico/pico-sdk/lib/tinyusb/src/device/usbd_control.c.obj
 .comment       0x0000000000000059       0x5a CMakeFiles/pico-neopixel.dir/home/toby001/pico/pico-sdk/lib/tinyusb/src/class/cdc/cdc_device.c.obj
 .comment       0x0000000000000059       0x5a CMakeFiles/pico-neopixel.dir/home/toby001/pico/pico-sdk/lib/tinyusb/src/tusb.c.obj
 .comment       0x0000000000000059       0x5a CMakeFiles/pico-neopixel.dir/home/toby001/pico/pico-sdk/lib/tinyusb/src/common/tusb_fifo.c.obj
 .comment       0x0000000000000059       0x5a CMakeFiles/pico-neopixel.dir/home/toby001/pico/pico-sdk/src/rp2_common/hardware_pio/pio.c.obj
 .comment       0x0000000000000059       0x4e /usr/lib/gcc/arm-none-eabi/9.2.1/../../../arm-none-eabi/lib/thumb/v6-m/nofp/libc.a(lib_a-strlen-stub.o)
                                         0x4f (size before relaxing)
 .comment       0x00000000000000a7       0x5a /usr/lib/gcc/arm-none-eabi/9.2.1/thumb/v6-m/nofp/crtend.o

.debug_line     0x0000000000000000      0x222
 .debug_line    0x0000000000000000       0x60 /usr/lib/gcc/arm-none-eabi/9.2.1/thumb/v6-m/nofp/libgcc.a(_dvmd_tls.o)
 .debug_line    0x0000000000000060      0x1c2 /usr/lib/gcc/arm-none-eabi/9.2.1/../../../arm-none-eabi/lib/thumb/v6-m/nofp/libc.a(lib_a-strlen-stub.o)

.debug_info     0x0000000000000000      0x999
 .debug_info    0x0000000000000000       0x26 /usr/lib/gcc/arm-none-eabi/9.2.1/thumb/v6-m/nofp/libgcc.a(_dvmd_tls.o)
 .debug_info    0x0000000000000026      0x973 /usr/lib/gcc/arm-none-eabi/9.2.1/../../../arm-none-eabi/lib/thumb/v6-m/nofp/libc.a(lib_a-strlen-stub.o)

.debug_abbrev   0x0000000000000000      0x1fc
 .debug_abbrev  0x0000000000000000       0x14 /usr/lib/gcc/arm-none-eabi/9.2.1/thumb/v6-m/nofp/libgcc.a(_dvmd_tls.o)
 .debug_abbrev  0x0000000000000014      0x1e8 /usr/lib/gcc/arm-none-eabi/9.2.1/../../../arm-none-eabi/lib/thumb/v6-m/nofp/libc.a(lib_a-strlen-stub.o)

.debug_aranges  0x0000000000000000       0x40
 .debug_aranges
                0x0000000000000000       0x20 /usr/lib/gcc/arm-none-eabi/9.2.1/thumb/v6-m/nofp/libgcc.a(_dvmd_tls.o)
 .debug_aranges
                0x0000000000000020       0x20 /usr/lib/gcc/arm-none-eabi/9.2.1/../../../arm-none-eabi/lib/thumb/v6-m/nofp/libc.a(lib_a-strlen-stub.o)

.debug_str      0x0000000000000000      0x613
 .debug_str     0x0000000000000000       0xa3 /usr/lib/gcc/arm-none-eabi/9.2.1/thumb/v6-m/nofp/libgcc.a(_dvmd_tls.o)
 .debug_str     0x00000000000000a3      0x570 /usr/lib/gcc/arm-none-eabi/9.2.1/../../../arm-none-eabi/lib/thumb/v6-m/nofp/libc.a(lib_a-strlen-stub.o)
                                        0x5c2 (size before relaxing)

.debug_loc      0x0000000000000000       0xa3
 .debug_loc     0x0000000000000000       0xa3 /usr/lib/gcc/arm-none-eabi/9.2.1/../../../arm-none-eabi/lib/thumb/v6-m/nofp/libc.a(lib_a-strlen-stub.o)

.debug_frame    0x0000000000000000       0x28
 .debug_frame   0x0000000000000000       0x28 /usr/lib/gcc/arm-none-eabi/9.2.1/../../../arm-none-eabi/lib/thumb/v6-m/nofp/libc.a(lib_a-strlen-stub.o)
