Archive member included to satisfy reference by file (symbol)

/usr/lib/gcc/arm-none-eabi/9.2.1/../../../arm-none-eabi/lib/thumb/v6-m/nofp/libstdc++.a(guard.o)
                              CMakeFiles/lcd_i2c_cpp.dir/lib/lcd_i2c.cpp.obj (__cxa_guard_acquire)
/usr/lib/gcc/arm-none-eabi/9.2.1/../../../arm-none-eabi/lib/thumb/v6-m/nofp/libstdc++.a(guard_error.o)
                              /usr/lib/gcc/arm-none-eabi/9.2.1/../../../arm-none-eabi/lib/thumb/v6-m/nofp/libstdc++.a(guard.o) (__gnu_cxx::recursive_init_error::~recursive_init_error())
/usr/lib/gcc/arm-none-eabi/9.2.1/../../../arm-none-eabi/lib/thumb/v6-m/nofp/libstdc++.a(si_class_type_info.o)
                              /usr/lib/gcc/arm-none-eabi/9.2.1/../../../arm-none-eabi/lib/thumb/v6-m/nofp/libstdc++.a(guard_error.o) (vtable for __cxxabiv1::__si_class_type_info)
/usr/lib/gcc/arm-none-eabi/9.2.1/../../../arm-none-eabi/lib/thumb/v6-m/nofp/libstdc++.a(tinfo.o)
                              /usr/lib/gcc/arm-none-eabi/9.2.1/../../../arm-none-eabi/lib/thumb/v6-m/nofp/libstdc++.a(si_class_type_info.o) (std::type_info::__is_pointer_p() const)
/usr/lib/gcc/arm-none-eabi/9.2.1/../../../arm-none-eabi/lib/thumb/v6-m/nofp/libstdc++.a(class_type_info.o)
                              /usr/lib/gcc/arm-none-eabi/9.2.1/../../../arm-none-eabi/lib/thumb/v6-m/nofp/libstdc++.a(si_class_type_info.o) (__cxxabiv1::__class_type_info::__do_upcast(__cxxabiv1::__class_type_info const*, void**) const)
/usr/lib/gcc/arm-none-eabi/9.2.1/../../../arm-none-eabi/lib/thumb/v6-m/nofp/libstdc++.a(eh_alloc.o)
                              /usr/lib/gcc/arm-none-eabi/9.2.1/../../../arm-none-eabi/lib/thumb/v6-m/nofp/libstdc++.a(guard.o) (__cxa_allocate_exception)
/usr/lib/gcc/arm-none-eabi/9.2.1/../../../arm-none-eabi/lib/thumb/v6-m/nofp/libstdc++.a(eh_exception.o)
                              /usr/lib/gcc/arm-none-eabi/9.2.1/../../../arm-none-eabi/lib/thumb/v6-m/nofp/libstdc++.a(guard_error.o) (std::exception::~exception())
/usr/lib/gcc/arm-none-eabi/9.2.1/../../../arm-none-eabi/lib/thumb/v6-m/nofp/libstdc++.a(eh_terminate.o)
                              /usr/lib/gcc/arm-none-eabi/9.2.1/../../../arm-none-eabi/lib/thumb/v6-m/nofp/libstdc++.a(eh_alloc.o) (std::terminate())
/usr/lib/gcc/arm-none-eabi/9.2.1/../../../arm-none-eabi/lib/thumb/v6-m/nofp/libstdc++.a(eh_throw.o)
                              /usr/lib/gcc/arm-none-eabi/9.2.1/../../../arm-none-eabi/lib/thumb/v6-m/nofp/libstdc++.a(guard.o) (__cxa_throw)
/usr/lib/gcc/arm-none-eabi/9.2.1/../../../arm-none-eabi/lib/thumb/v6-m/nofp/libstdc++.a(eh_unex_handler.o)
                              /usr/lib/gcc/arm-none-eabi/9.2.1/../../../arm-none-eabi/lib/thumb/v6-m/nofp/libstdc++.a(eh_terminate.o) (__cxxabiv1::__unexpected_handler)
/usr/lib/gcc/arm-none-eabi/9.2.1/../../../arm-none-eabi/lib/thumb/v6-m/nofp/libstdc++.a(pure.o)
                              /usr/lib/gcc/arm-none-eabi/9.2.1/../../../arm-none-eabi/lib/thumb/v6-m/nofp/libstdc++.a(eh_exception.o) (__cxa_pure_virtual)
/usr/lib/gcc/arm-none-eabi/9.2.1/../../../arm-none-eabi/lib/thumb/v6-m/nofp/libstdc++.a(eh_arm.o)
                              /usr/lib/gcc/arm-none-eabi/9.2.1/../../../arm-none-eabi/lib/thumb/v6-m/nofp/libstdc++.a(eh_terminate.o) (__cxa_end_cleanup)
/usr/lib/gcc/arm-none-eabi/9.2.1/../../../arm-none-eabi/lib/thumb/v6-m/nofp/libstdc++.a(eh_call.o)
                              /usr/lib/gcc/arm-none-eabi/9.2.1/../../../arm-none-eabi/lib/thumb/v6-m/nofp/libstdc++.a(eh_terminate.o) (__cxa_call_unexpected)
/usr/lib/gcc/arm-none-eabi/9.2.1/../../../arm-none-eabi/lib/thumb/v6-m/nofp/libstdc++.a(eh_catch.o)
                              /usr/lib/gcc/arm-none-eabi/9.2.1/../../../arm-none-eabi/lib/thumb/v6-m/nofp/libstdc++.a(eh_terminate.o) (__cxa_begin_catch)
/usr/lib/gcc/arm-none-eabi/9.2.1/../../../arm-none-eabi/lib/thumb/v6-m/nofp/libstdc++.a(eh_globals.o)
                              /usr/lib/gcc/arm-none-eabi/9.2.1/../../../arm-none-eabi/lib/thumb/v6-m/nofp/libstdc++.a(eh_call.o) (__cxa_get_globals_fast)
/usr/lib/gcc/arm-none-eabi/9.2.1/../../../arm-none-eabi/lib/thumb/v6-m/nofp/libstdc++.a(eh_personality.o)
                              /usr/lib/gcc/arm-none-eabi/9.2.1/../../../arm-none-eabi/lib/thumb/v6-m/nofp/libstdc++.a(eh_terminate.o) (__gxx_personality_v0)
/usr/lib/gcc/arm-none-eabi/9.2.1/../../../arm-none-eabi/lib/thumb/v6-m/nofp/libstdc++.a(eh_term_handler.o)
                              /usr/lib/gcc/arm-none-eabi/9.2.1/../../../arm-none-eabi/lib/thumb/v6-m/nofp/libstdc++.a(eh_terminate.o) (__cxxabiv1::__terminate_handler)
/usr/lib/gcc/arm-none-eabi/9.2.1/thumb/v6-m/nofp/libgcc.a(_dvmd_tls.o)
                              CMakeFiles/lcd_i2c_cpp.dir/home/toby001/pico/pico-sdk/src/rp2_common/pico_divider/divider.S.obj (__aeabi_idiv0)
/usr/lib/gcc/arm-none-eabi/9.2.1/thumb/v6-m/nofp/libgcc.a(unwind-arm.o)
[...]
Memory Configuration

Name             Origin             Length             Attributes
FLASH            0x0000000010000000 0x0000000000200000 xr
RAM              0x0000000020000000 0x0000000000040000 xrw
SCRATCH_X        0x0000000020040000 0x0000000000001000 xrw
SCRATCH_Y        0x0000000020041000 0x0000000000001000 xrw
*default*        0x0000000000000000 0xffffffffffffffff

Linker script and memory map

LOAD /usr/lib/gcc/arm-none-eabi/9.2.1/thumb/v6-m/nofp/crti.o
LOAD /usr/lib/gcc/arm-none-eabi/9.2.1/thumb/v6-m/nofp/crtbegin.o
LOAD /usr/lib/gcc/arm-none-eabi/9.2.1/../../../arm-none-eabi/lib/thumb/v6-m/nofp/crt0.o

.flash_begin    0x0000000010000000        0x0
                0x0000000010000000                __flash_binary_start = .

.boot2          0x0000000010000000      0x100
                0x0000000010000000                __boot2_start__ = .
 *(.boot2)
 .boot2         0x0000000010000000      0x100 /tmp/ccdMlDKe.o
                0x0000000010000100                __boot2_end__ = .
                0x0000000000000001                ASSERT (((__boot2_end__ - __boot2_start__) == 0x100), ERROR: Pico second stage bootloader must be 256 bytes in size)

.text           0x0000000010000100     0x4020
                0x0000000010000100                __logical_binary_start = .
 *(.vectors)
 .vectors       0x0000000010000100       0xd4 CMakeFiles/lcd_i2c_cpp.dir/home/toby001/pico/pico-sdk/src/rp2_common/pico_standard_link/crt0.S.obj
                0x0000000010000100                __vectors
                0x00000000100001c0                isr_invalid
                0x00000000100001c2                isr_nmi
                0x00000000100001c4                isr_hardfault
                0x00000000100001c6                isr_svcall
                0x00000000100001c8                isr_pendsv
                0x00000000100001ca                isr_systick
                0x00000000100001cc                isr_irq30
                0x00000000100001cc                __unhandled_user_irq
                0x00000000100001cc                isr_irq13
                0x00000000100001cc                isr_irq27
                0x00000000100001cc                isr_irq31
                0x00000000100001cc                isr_irq5
                0x00000000100001cc                isr_irq11
                0x00000000100001cc                isr_irq23
                0x00000000100001cc                isr_irq18
                0x00000000100001cc                isr_irq28
                0x00000000100001cc                isr_irq19
                0x00000000100001cc                isr_irq0
                0x00000000100001cc                isr_irq6
                0x00000000100001cc                isr_irq22
                0x00000000100001cc                isr_irq17
                0x00000000100001cc                isr_irq14
                0x00000000100001cc                isr_irq2
                0x00000000100001cc                isr_irq10
                0x00000000100001cc                isr_irq8
                0x00000000100001cc                isr_irq24
                0x00000000100001cc                isr_irq1
                0x00000000100001cc                isr_irq7
                0x00000000100001cc                isr_irq21
                0x00000000100001cc                isr_irq20
                0x00000000100001cc                isr_irq15
                0x00000000100001cc                isr_irq25
                0x00000000100001cc                isr_irq4
                0x00000000100001cc                isr_irq16
                0x00000000100001cc                isr_irq29
                0x00000000100001cc                isr_irq26
                0x00000000100001cc                isr_irq3
                0x00000000100001cc                isr_irq12
                0x00000000100001cc                isr_irq9
                0x00000000100001d2                unhandled_user_irq_num_in_r0
 *(.binary_info_header)
 .binary_info_header
                0x00000000100001d4       0x14 CMakeFiles/lcd_i2c_cpp.dir/home/toby001/pico/pico-sdk/src/rp2_common/pico_standard_link/crt0.S.obj
                0x00000000100001e8                __binary_info_header_end = .
 *(.reset)
 .reset         0x00000000100001e8       0xa8 CMakeFiles/lcd_i2c_cpp.dir/home/toby001/pico/pico-sdk/src/rp2_common/pico_standard_link/crt0.S.obj
                0x00000000100001e8                _entry_point
                0x0000000010000266                __get_current_exception
 .reset         0x0000000010000290       0x30 CMakeFiles/lcd_i2c_cpp.dir/home/toby001/pico/pico-sdk/src/rp2_common/pico_standard_link/binary_info.c.obj
 *(.init)
 .init          0x00000000100002c0        0x4 /usr/lib/gcc/arm-none-eabi/9.2.1/thumb/v6-m/nofp/crti.o
                0x00000000100002c0                _init
 *(EXCLUDE_FILE(*libm.a: *libc.a:*lib_a-mem*.o *libgcc.a:) .text*)
 .text          0x00000000100002c4       0x98 /usr/lib/gcc/arm-none-eabi/9.2.1/thumb/v6-m/nofp/crtbegin.o
 .text.startup.main
                0x000000001000035c       0xec CMakeFiles/lcd_i2c_cpp.dir/lcd_i2c_quotes.cpp.obj
                0x000000001000035c                main
 .text._ZN6LCDI2CC2Eiiijji
                0x0000000010000448       0x64 CMakeFiles/lcd_i2c_cpp.dir/lib/lcd_i2c.cpp.obj
                0x0000000010000448                LCDI2C::LCDI2C(int, int, int, unsigned int, unsigned int, int)
                0x0000000010000448                LCDI2C::LCDI2C(int, int, int, unsigned int, unsigned int, int)
 .text._ZN6LCDI2C13lcd_send_byteEhi
                0x00000000100004ac      0x180 CMakeFiles/lcd_i2c_cpp.dir/lib/lcd_i2c.cpp.obj
                0x00000000100004ac                LCDI2C::lcd_send_byte(unsigned char, int)
 .text._ZN6LCDI2C9lcd_clearEv
                0x000000001000062c        0xc CMakeFiles/lcd_i2c_cpp.dir/lib/lcd_i2c.cpp.obj
                0x000000001000062c                LCDI2C::lcd_clear()
 .text._ZN6LCDI2C14lcd_set_cursorEii
                0x0000000010000638       0x34 CMakeFiles/lcd_i2c_cpp.dir/lib/lcd_i2c.cpp.obj
                0x0000000010000638                LCDI2C::lcd_set_cursor(int, int)
 .text._ZN6LCDI2C10lcd_stringEPKc
                0x000000001000066c       0x20 CMakeFiles/lcd_i2c_cpp.dir/lib/lcd_i2c.cpp.obj
                0x000000001000066c                LCDI2C::lcd_string(char const*)
 .text._ZN6LCDI2C8lcd_initEv
                0x000000001000068c       0x68 CMakeFiles/lcd_i2c_cpp.dir/lib/lcd_i2c.cpp.obj
                0x000000001000068c                LCDI2C::lcd_init()
 .text._ZN6LCDI2C4initEv
                0x00000000100006f4       0x90 CMakeFiles/lcd_i2c_cpp.dir/lib/lcd_i2c.cpp.obj
                0x00000000100006f4                LCDI2C::init()
 .text._ZN6LCDI2C13getMaxColumnsEv
                0x0000000010000784        0x4 CMakeFiles/lcd_i2c_cpp.dir/lib/lcd_i2c.cpp.obj
                0x0000000010000784                LCDI2C::getMaxColumns()
 .text.gpio_set_function
                0x0000000010000788       0x30 CMakeFiles/lcd_i2c_cpp.dir/home/toby001/pico/pico-sdk/src/rp2_common/hardware_gpio/gpio.c.obj
                0x0000000010000788                gpio_set_function
 .text.gpio_set_pulls
                0x00000000100007b8       0x30 CMakeFiles/lcd_i2c_cpp.dir/home/toby001/pico/pico-sdk/src/rp2_common/hardware_gpio/gpio.c.obj
                0x00000000100007b8                gpio_set_pulls
 .text.hw_claim_or_assert
                0x00000000100007e8       0x60 CMakeFiles/lcd_i2c_cpp.dir/home/toby001/pico/pico-sdk/src/rp2_common/hardware_claim/claim.c.obj
                0x00000000100007e8                hw_claim_or_assert
 .text.spin_locks_reset
                0x0000000010000848       0x1c CMakeFiles/lcd_i2c_cpp.dir/home/toby001/pico/pico-sdk/src/rp2_common/hardware_sync/sync.c.obj
                0x0000000010000848                spin_locks_reset
 .text.next_striped_spin_lock_num
                0x0000000010000864       0x18 CMakeFiles/lcd_i2c_cpp.dir/home/toby001/pico/pico-sdk/src/rp2_common/hardware_sync/sync.c.obj
                0x0000000010000864                next_striped_spin_lock_num
 .text.running_on_fpga
                0x000000001000087c       0x10 CMakeFiles/lcd_i2c_cpp.dir/home/toby001/pico/pico-sdk/src/rp2_common/pico_platform/platform.c.obj
                0x000000001000087c                running_on_fpga
 .text.timer_pool_entry_comparator
                0x000000001000088c       0x34 CMakeFiles/lcd_i2c_cpp.dir/home/toby001/pico/pico-sdk/src/common/pico_time/time.c.obj
                0x000000001000088c                timer_pool_entry_comparator
 .text.sev_callback
                0x00000000100008c0        0x8 CMakeFiles/lcd_i2c_cpp.dir/home/toby001/pico/pico-sdk/src/common/pico_time/time.c.obj
 .text.alarm_pool_add_alarm_at.constprop.0
                0x00000000100008c8      0x128 CMakeFiles/lcd_i2c_cpp.dir/home/toby001/pico/pico-sdk/src/common/pico_time/time.c.obj
 .text.add_alarm_under_lock
                0x00000000100009f0      0x108 CMakeFiles/lcd_i2c_cpp.dir/home/toby001/pico/pico-sdk/src/common/pico_time/time.c.obj
 .text.alarm_pool_alarm_callback
                0x0000000010000af8      0x1c8 CMakeFiles/lcd_i2c_cpp.dir/home/toby001/pico/pico-sdk/src/common/pico_time/time.c.obj
 .text.alarm_pool_init_default
                0x0000000010000cc0       0x58 CMakeFiles/lcd_i2c_cpp.dir/home/toby001/pico/pico-sdk/src/common/pico_time/time.c.obj
                0x0000000010000cc0                alarm_pool_init_default
 .text.sleep_us
                0x0000000010000d18       0x90 CMakeFiles/lcd_i2c_cpp.dir/home/toby001/pico/pico-sdk/src/common/pico_time/time.c.obj
                0x0000000010000d18                sleep_us
 .text.sleep_ms
                0x0000000010000da8       0xa0 CMakeFiles/lcd_i2c_cpp.dir/home/toby001/pico/pico-sdk/src/common/pico_time/time.c.obj
                0x0000000010000da8                sleep_ms
 .text.hardware_alarm_irq_handler
                0x0000000010000e48       0xb8 CMakeFiles/lcd_i2c_cpp.dir/home/toby001/pico/pico-sdk/src/rp2_common/hardware_timer/timer.c.obj
 .text.hardware_alarm_claim
                0x0000000010000f00       0x18 CMakeFiles/lcd_i2c_cpp.dir/home/toby001/pico/pico-sdk/src/rp2_common/hardware_timer/timer.c.obj
                0x0000000010000f00                hardware_alarm_claim
 .text.time_us_64
                0x0000000010000f18       0x14 CMakeFiles/lcd_i2c_cpp.dir/home/toby001/pico/pico-sdk/src/rp2_common/hardware_timer/timer.c.obj
                0x0000000010000f18                time_us_64
 .text.busy_wait_until
                0x0000000010000f2c       0x20 CMakeFiles/lcd_i2c_cpp.dir/home/toby001/pico/pico-sdk/src/rp2_common/hardware_timer/timer.c.obj
                0x0000000010000f2c                busy_wait_until
 .text.hardware_alarm_set_callback
                0x0000000010000f4c       0x8c CMakeFiles/lcd_i2c_cpp.dir/home/toby001/pico/pico-sdk/src/rp2_common/hardware_timer/timer.c.obj
                0x0000000010000f4c                hardware_alarm_set_callback
 .text.hardware_alarm_set_target
                0x0000000010000fd8       0xe4 CMakeFiles/lcd_i2c_cpp.dir/home/toby001/pico/pico-sdk/src/rp2_common/hardware_timer/timer.c.obj
                0x0000000010000fd8                hardware_alarm_set_target
 .text.hardware_alarm_cancel
                0x00000000100010bc       0x40 CMakeFiles/lcd_i2c_cpp.dir/home/toby001/pico/pico-sdk/src/rp2_common/hardware_timer/timer.c.obj
                0x00000000100010bc                hardware_alarm_cancel
 .text.lock_init
                0x00000000100010fc       0x10 CMakeFiles/lcd_i2c_cpp.dir/home/toby001/pico/pico-sdk/src/common/pico_sync/lock_core.c.obj
                0x00000000100010fc                lock_init
 .text.mutex_init
                0x000000001000110c       0x1c CMakeFiles/lcd_i2c_cpp.dir/home/toby001/pico/pico-sdk/src/common/pico_sync/mutex.c.obj
                0x000000001000110c                mutex_init
 .text.ph_merge_nodes
                0x0000000010001128       0x68 CMakeFiles/lcd_i2c_cpp.dir/home/toby001/pico/pico-sdk/src/common/pico_util/pheap.c.obj
 .text.ph_post_alloc_init
                0x0000000010001190       0x3c CMakeFiles/lcd_i2c_cpp.dir/home/toby001/pico/pico-sdk/src/common/pico_util/pheap.c.obj
                0x0000000010001190                ph_post_alloc_init
 .text.ph_merge_two_pass
                0x00000000100011cc       0x90 CMakeFiles/lcd_i2c_cpp.dir/home/toby001/pico/pico-sdk/src/common/pico_util/pheap.c.obj
                0x00000000100011cc                ph_merge_two_pass
 .text.ph_remove_any_head
                0x000000001000125c       0xf8 CMakeFiles/lcd_i2c_cpp.dir/home/toby001/pico/pico-sdk/src/common/pico_util/pheap.c.obj
 .text.ph_remove_head
                0x0000000010001354      0x13c CMakeFiles/lcd_i2c_cpp.dir/home/toby001/pico/pico-sdk/src/common/pico_util/pheap.c.obj
                0x0000000010001354                ph_remove_head
 .text.ph_remove_and_free_node
                0x0000000010001490       0x7c CMakeFiles/lcd_i2c_cpp.dir/home/toby001/pico/pico-sdk/src/common/pico_util/pheap.c.obj
                0x0000000010001490                ph_remove_and_free_node
 .text.runtime_init
                0x000000001000150c       0xec CMakeFiles/lcd_i2c_cpp.dir/home/toby001/pico/pico-sdk/src/rp2_common/pico_runtime/runtime.c.obj
                0x000000001000150c                runtime_init
 .text._exit    0x00000000100015f8        0x4 CMakeFiles/lcd_i2c_cpp.dir/home/toby001/pico/pico-sdk/src/rp2_common/pico_runtime/runtime.c.obj
                0x00000000100015f8                _exit
 .text._sbrk    0x00000000100015fc       0x34 CMakeFiles/lcd_i2c_cpp.dir/home/toby001/pico/pico-sdk/src/rp2_common/pico_runtime/runtime.c.obj
                0x00000000100015fc                _sbrk
 .text.exit     0x0000000010001630        0x4 CMakeFiles/lcd_i2c_cpp.dir/home/toby001/pico/pico-sdk/src/rp2_common/pico_runtime/runtime.c.obj
                0x0000000010001630                exit
 .text.panic    0x0000000010001634       0x30 CMakeFiles/lcd_i2c_cpp.dir/home/toby001/pico/pico-sdk/src/rp2_common/pico_runtime/runtime.c.obj
                0x0000000010001634                panic
 .text.hard_assertion_failure
                0x0000000010001664        0xc CMakeFiles/lcd_i2c_cpp.dir/home/toby001/pico/pico-sdk/src/rp2_common/pico_runtime/runtime.c.obj
                0x0000000010001664                hard_assertion_failure
 .text.clocks_init
                0x0000000010001670      0x2e0 CMakeFiles/lcd_i2c_cpp.dir/home/toby001/pico/pico-sdk/src/rp2_common/hardware_clocks/clocks.c.obj
                0x0000000010001670                clocks_init
 .text.clock_get_hz
                0x0000000010001950        0xc CMakeFiles/lcd_i2c_cpp.dir/home/toby001/pico/pico-sdk/src/rp2_common/hardware_clocks/clocks.c.obj
                0x0000000010001950                clock_get_hz
 .text.watchdog_start_tick
                0x000000001000195c       0x10 CMakeFiles/lcd_i2c_cpp.dir/home/toby001/pico/pico-sdk/src/rp2_common/hardware_watchdog/watchdog.c.obj
                0x000000001000195c                watchdog_start_tick
 .text.xosc_init
                0x000000001000196c       0x28 CMakeFiles/lcd_i2c_cpp.dir/home/toby001/pico/pico-sdk/src/rp2_common/hardware_xosc/xosc.c.obj
                0x000000001000196c                xosc_init
 .text.pll_init
                0x0000000010001994       0x54 CMakeFiles/lcd_i2c_cpp.dir/home/toby001/pico/pico-sdk/src/rp2_common/hardware_pll/pll.c.obj
                0x0000000010001994                pll_init
 .text.irq_set_enabled
                0x00000000100019e8       0x24 CMakeFiles/lcd_i2c_cpp.dir/home/toby001/pico/pico-sdk/src/rp2_common/hardware_irq/irq.c.obj
                0x00000000100019e8                irq_set_enabled
 .text.irq_get_vtable_handler
                0x0000000010001a0c       0x10 CMakeFiles/lcd_i2c_cpp.dir/home/toby001/pico/pico-sdk/src/rp2_common/hardware_irq/irq.c.obj
                0x0000000010001a0c                irq_get_vtable_handler
 .text.irq_set_exclusive_handler
                0x0000000010001a1c       0x54 CMakeFiles/lcd_i2c_cpp.dir/home/toby001/pico/pico-sdk/src/rp2_common/hardware_irq/irq.c.obj
                0x0000000010001a1c                irq_set_exclusive_handler
 .text.irq_remove_handler
                0x0000000010001a70      0x1b8 CMakeFiles/lcd_i2c_cpp.dir/home/toby001/pico/pico-sdk/src/rp2_common/hardware_irq/irq.c.obj
                0x0000000010001a70                irq_remove_handler
 .text.irq_add_tail_to_free_list
                0x0000000010001c28       0xb8 CMakeFiles/lcd_i2c_cpp.dir/home/toby001/pico/pico-sdk/src/rp2_common/hardware_irq/irq.c.obj
                0x0000000010001c28                irq_add_tail_to_free_list
 .text.irq_init_priorities
                0x0000000010001ce0       0x38 CMakeFiles/lcd_i2c_cpp.dir/home/toby001/pico/pico-sdk/src/rp2_common/hardware_irq/irq.c.obj
                0x0000000010001ce0                irq_init_priorities
 .text._out_char
                0x0000000010001d18       0x10 CMakeFiles/lcd_i2c_cpp.dir/home/toby001/pico/pico-sdk/src/rp2_common/pico_printf/printf.c.obj
 .text.weak_raw_vprintf
                0x0000000010001d28       0x30 CMakeFiles/lcd_i2c_cpp.dir/home/toby001/pico/pico-sdk/src/rp2_common/pico_printf/printf.c.obj
                0x0000000010001d28                weak_raw_vprintf
 .text          0x0000000010001d58       0x10 CMakeFiles/lcd_i2c_cpp.dir/home/toby001/pico/pico-sdk/src/rp2_common/pico_bit_ops/bit_ops_aeabi.S.obj
 .text.rom_func_lookup
                0x0000000010001d68       0x10 CMakeFiles/lcd_i2c_cpp.dir/home/toby001/pico/pico-sdk/src/rp2_common/pico_bootrom/bootrom.c.obj
                0x0000000010001d68                rom_func_lookup
 .text.rom_data_lookup
                0x0000000010001d78       0x10 CMakeFiles/lcd_i2c_cpp.dir/home/toby001/pico/pico-sdk/src/rp2_common/pico_bootrom/bootrom.c.obj
                0x0000000010001d78                rom_data_lookup
 .text.rom_funcs_lookup
                0x0000000010001d88       0x3c CMakeFiles/lcd_i2c_cpp.dir/home/toby001/pico/pico-sdk/src/rp2_common/pico_bootrom/bootrom.c.obj
                0x0000000010001d88                rom_funcs_lookup
 .text.__wrap___aeabi_idiv
                0x0000000010001dc4       0x58 CMakeFiles/lcd_i2c_cpp.dir/home/toby001/pico/pico-sdk/src/rp2_common/pico_divider/divider.S.obj
                0x0000000010001dc4                __wrap___aeabi_idivmod
                0x0000000010001dc4                divmod_s32s32
                0x0000000010001dc4                div_s32s32
                0x0000000010001dc4                __wrap___aeabi_idiv
                0x0000000010001dcc                divmod_s32s32_unsafe
                0x0000000010001df8                divmod_s32s32_savestate
 .text.__wrap___aeabi_uidiv
                0x0000000010001e1c       0x54 CMakeFiles/lcd_i2c_cpp.dir/home/toby001/pico/pico-sdk/src/rp2_common/pico_divider/divider.S.obj
                0x0000000010001e1c                __wrap___aeabi_uidiv
                0x0000000010001e1c                __wrap___aeabi_uidivmod
                0x0000000010001e1c                div_u32u32
                0x0000000010001e1c                divmod_u32u32
                0x0000000010001e24                divmod_u32u32_unsafe
                0x0000000010001e4c                divmod_u32u32_savestate
 .text.__aeabi_double_init
                0x0000000010001e70       0xac CMakeFiles/lcd_i2c_cpp.dir/home/toby001/pico/pico-sdk/src/rp2_common/pico_double/double_init_rom.c.obj
                0x0000000010001e70                __aeabi_double_init
 .text.double_table_shim_on_use_helper
                0x0000000010001f1c       0x2c CMakeFiles/lcd_i2c_cpp.dir/home/toby001/pico/pico-sdk/src/rp2_common/pico_double/double_v1_rom_shim.S.obj
                0x0000000010001f1c                double_table_shim_on_use_helper
 .text.__aeabi_lmul
                0x0000000010001f48       0x32 CMakeFiles/lcd_i2c_cpp.dir/home/toby001/pico/pico-sdk/src/rp2_common/pico_int64_ops/pico_int64_ops_aeabi.S.obj
                0x0000000010001f48                __wrap___aeabi_lmul
 *fill*         0x0000000010001f7a        0x2 
 .text.__aeabi_float_init
                0x0000000010001f7c       0x64 CMakeFiles/lcd_i2c_cpp.dir/home/toby001/pico/pico-sdk/src/rp2_common/pico_float/float_init_rom.c.obj
                0x0000000010001f7c                __aeabi_float_init
 .text.float_table_shim_on_use_helper
                0x0000000010001fe0       0x2c CMakeFiles/lcd_i2c_cpp.dir/home/toby001/pico/pico-sdk/src/rp2_common/pico_float/float_v1_rom_shim.S.obj
                0x0000000010001fe0                float_table_shim_on_use_helper
 .text.__wrap_malloc
                0x000000001000200c       0x24 CMakeFiles/lcd_i2c_cpp.dir/home/toby001/pico/pico-sdk/src/rp2_common/pico_malloc/pico_malloc.c.obj
                0x000000001000200c                __wrap_malloc
 .text.__wrap_free
                0x0000000010002030        0x8 CMakeFiles/lcd_i2c_cpp.dir/home/toby001/pico/pico-sdk/src/rp2_common/pico_malloc/pico_malloc.c.obj
                0x0000000010002030                __wrap_free
 .text          0x0000000010002038       0x10 CMakeFiles/lcd_i2c_cpp.dir/home/toby001/pico/pico-sdk/src/rp2_common/pico_mem_ops/mem_ops_aeabi.S.obj
                0x0000000010002038                __aeabi_mem_init
 .text.memset   0x0000000010002048        0xc CMakeFiles/lcd_i2c_cpp.dir/home/toby001/pico/pico-sdk/src/rp2_common/pico_mem_ops/mem_ops_aeabi.S.obj
                0x0000000010002048                __wrap_memset
 .text.memcpy   0x0000000010002054        0xc CMakeFiles/lcd_i2c_cpp.dir/home/toby001/pico/pico-sdk/src/rp2_common/pico_mem_ops/mem_ops_aeabi.S.obj
                0x0000000010002054                __wrap___aeabi_memcpy
                0x0000000010002054                __wrap_memcpy
 .text._ZdlPvj  0x0000000010002060        0x8 CMakeFiles/lcd_i2c_cpp.dir/home/toby001/pico/pico-sdk/src/rp2_common/pico_standard_link/new_delete.cpp.obj
                0x0000000010002060                operator delete(void*, unsigned int)
 .text.stdio_out_chars_crlf.part.0
                0x0000000010002068       0x84 CMakeFiles/lcd_i2c_cpp.dir/home/toby001/pico/pico-sdk/src/rp2_common/pico_stdio/stdio.c.obj
 .text.stdio_put_string
                0x00000000100020ec      0x100 CMakeFiles/lcd_i2c_cpp.dir/home/toby001/pico/pico-sdk/src/rp2_common/pico_stdio/stdio.c.obj
 .text.__wrap_putchar
                0x00000000100021ec       0x1c CMakeFiles/lcd_i2c_cpp.dir/home/toby001/pico/pico-sdk/src/rp2_common/pico_stdio/stdio.c.obj
                0x00000000100021ec                __wrap_putchar
 .text.__wrap_puts
                0x0000000010002208       0x3c CMakeFiles/lcd_i2c_cpp.dir/home/toby001/pico/pico-sdk/src/rp2_common/pico_stdio/stdio.c.obj
                0x0000000010002208                __wrap_puts
 .text.i2c_init
                0x0000000010002244       0xa8 CMakeFiles/lcd_i2c_cpp.dir/home/toby001/pico/pico-sdk/src/rp2_common/hardware_i2c/i2c.c.obj
                0x0000000010002244                i2c_init
 .text.i2c_write_blocking
                0x00000000100022ec       0xa0 CMakeFiles/lcd_i2c_cpp.dir/home/toby001/pico/pico-sdk/src/rp2_common/hardware_i2c/i2c.c.obj
                0x00000000100022ec                i2c_write_blocking
 .text.__cxa_guard_acquire
                0x000000001000238c       0x38 /usr/lib/gcc/arm-none-eabi/9.2.1/../../../arm-none-eabi/lib/thumb/v6-m/nofp/libstdc++.a(guard.o)
                0x000000001000238c                __cxa_guard_acquire
 .text.__cxa_guard_release
                0x00000000100023c4        0x8 /usr/lib/gcc/arm-none-eabi/9.2.1/../../../arm-none-eabi/lib/thumb/v6-m/nofp/libstdc++.a(guard.o)
                0x00000000100023c4                __cxa_guard_release
 .text._ZN9__gnu_cxx20recursive_init_errorD2Ev
                0x00000000100023cc       0x18 /usr/lib/gcc/arm-none-eabi/9.2.1/../../../arm-none-eabi/lib/thumb/v6-m/nofp/libstdc++.a(guard_error.o)
                0x00000000100023cc                __gnu_cxx::recursive_init_error::~recursive_init_error()
                0x00000000100023cc                __gnu_cxx::recursive_init_error::~recursive_init_error()
 .text._ZN9__gnu_cxx20recursive_init_errorD0Ev
                0x00000000100023e4       0x20 /usr/lib/gcc/arm-none-eabi/9.2.1/../../../arm-none-eabi/lib/thumb/v6-m/nofp/libstdc++.a(guard_error.o)
                0x00000000100023e4                __gnu_cxx::recursive_init_error::~recursive_init_error()
 .text._ZN9__gnu_cxx20recursive_init_errorC2Ev
                0x0000000010002404        0xc /usr/lib/gcc/arm-none-eabi/9.2.1/../../../arm-none-eabi/lib/thumb/v6-m/nofp/libstdc++.a(guard_error.o)
                0x0000000010002404                __gnu_cxx::recursive_init_error::recursive_init_error()
                0x0000000010002404                __gnu_cxx::recursive_init_error::recursive_init_error()
 .text._ZN10__cxxabiv120__si_class_type_infoD2Ev
                0x0000000010002410       0x18 /usr/lib/gcc/arm-none-eabi/9.2.1/../../../arm-none-eabi/lib/thumb/v6-m/nofp/libstdc++.a(si_class_type_info.o)
                0x0000000010002410                __cxxabiv1::__si_class_type_info::~__si_class_type_info()
                0x0000000010002410                __cxxabiv1::__si_class_type_info::~__si_class_type_info()
 .text._ZN10__cxxabiv120__si_class_type_infoD0Ev
                0x0000000010002428       0x20 /usr/lib/gcc/arm-none-eabi/9.2.1/../../../arm-none-eabi/lib/thumb/v6-m/nofp/libstdc++.a(si_class_type_info.o)
                0x0000000010002428                __cxxabiv1::__si_class_type_info::~__si_class_type_info()
 .text._ZNK10__cxxabiv120__si_class_type_info20__do_find_public_srcEiPKvPKNS_17__class_type_infoES2_
                0x0000000010002448       0x38 /usr/lib/gcc/arm-none-eabi/9.2.1/../../../arm-none-eabi/lib/thumb/v6-m/nofp/libstdc++.a(si_class_type_info.o)
                0x0000000010002448                __cxxabiv1::__si_class_type_info::__do_find_public_src(int, void const*, __cxxabiv1::__class_type_info const*, void const*) const
 .text._ZNK10__cxxabiv120__si_class_type_info12__do_dyncastEiNS_17__class_type_info10__sub_kindEPKS1_PKvS4_S6_RNS1_16__dyncast_resultE
                0x0000000010002480       0x9c /usr/lib/gcc/arm-none-eabi/9.2.1/../../../arm-none-eabi/lib/thumb/v6-m/nofp/libstdc++.a(si_class_type_info.o)
                0x0000000010002480                __cxxabiv1::__si_class_type_info::__do_dyncast(int, __cxxabiv1::__class_type_info::__sub_kind, __cxxabiv1::__class_type_info const*, void const*, __cxxabiv1::__class_type_info const*, void const*, __cxxabiv1::__class_type_info::__dyncast_result&) const
 .text._ZNK10__cxxabiv120__si_class_type_info11__do_upcastEPKNS_17__class_type_infoEPKvRNS1_15__upcast_resultE
                0x000000001000251c       0x24 /usr/lib/gcc/arm-none-eabi/9.2.1/../../../arm-none-eabi/lib/thumb/v6-m/nofp/libstdc++.a(si_class_type_info.o)
                0x000000001000251c                __cxxabiv1::__si_class_type_info::__do_upcast(__cxxabiv1::__class_type_info const*, void const*, __cxxabiv1::__class_type_info::__upcast_result&) const
 .text._ZNSt9type_infoD2Ev
                0x0000000010002540        0x4 /usr/lib/gcc/arm-none-eabi/9.2.1/../../../arm-none-eabi/lib/thumb/v6-m/nofp/libstdc++.a(tinfo.o)
                0x0000000010002540                std::type_info::~type_info()
                0x0000000010002540                std::type_info::~type_info()
 .text._ZNKSt9type_info14__is_pointer_pEv
                0x0000000010002544        0x4 /usr/lib/gcc/arm-none-eabi/9.2.1/../../../arm-none-eabi/lib/thumb/v6-m/nofp/libstdc++.a(tinfo.o)
                0x0000000010002544                std::type_info::__is_function_p() const
                0x0000000010002544                std::type_info::__is_pointer_p() const
 .text._ZNKSt9type_infoeqERKS_
                0x0000000010002548       0x30 /usr/lib/gcc/arm-none-eabi/9.2.1/../../../arm-none-eabi/lib/thumb/v6-m/nofp/libstdc++.a(tinfo.o)
                0x0000000010002548                std::type_info::operator==(std::type_info const&) const
 .text._ZNK10__cxxabiv117__class_type_info11__do_upcastEPKS0_PPv
                0x0000000010002578       0x38 /usr/lib/gcc/arm-none-eabi/9.2.1/../../../arm-none-eabi/lib/thumb/v6-m/nofp/libstdc++.a(class_type_info.o)
                0x0000000010002578                __cxxabiv1::__class_type_info::__do_upcast(__cxxabiv1::__class_type_info const*, void**) const
 .text._ZNK10__cxxabiv117__class_type_info20__do_find_public_srcEiPKvPKS0_S2_
                0x00000000100025b0       0x14 /usr/lib/gcc/arm-none-eabi/9.2.1/../../../arm-none-eabi/lib/thumb/v6-m/nofp/libstdc++.a(class_type_info.o)
                0x00000000100025b0                __cxxabiv1::__class_type_info::__do_find_public_src(int, void const*, __cxxabiv1::__class_type_info const*, void const*) const
 .text._ZN10__cxxabiv117__class_type_infoD2Ev
                0x00000000100025c4       0x18 /usr/lib/gcc/arm-none-eabi/9.2.1/../../../arm-none-eabi/lib/thumb/v6-m/nofp/libstdc++.a(class_type_info.o)
                0x00000000100025c4                __cxxabiv1::__class_type_info::~__class_type_info()
                0x00000000100025c4                __cxxabiv1::__class_type_info::~__class_type_info()
 .text._ZN10__cxxabiv117__class_type_infoD0Ev
                0x00000000100025dc       0x20 /usr/lib/gcc/arm-none-eabi/9.2.1/../../../arm-none-eabi/lib/thumb/v6-m/nofp/libstdc++.a(class_type_info.o)
                0x00000000100025dc                __cxxabiv1::__class_type_info::~__class_type_info()
 .text._ZNK10__cxxabiv117__class_type_info12__do_dyncastEiNS0_10__sub_kindEPKS0_PKvS3_S5_RNS0_16__dyncast_resultE
                0x00000000100025fc       0x40 /usr/lib/gcc/arm-none-eabi/9.2.1/../../../arm-none-eabi/lib/thumb/v6-m/nofp/libstdc++.a(class_type_info.o)
                0x00000000100025fc                __cxxabiv1::__class_type_info::__do_dyncast(int, __cxxabiv1::__class_type_info::__sub_kind, __cxxabiv1::__class_type_info const*, void const*, __cxxabiv1::__class_type_info const*, void const*, __cxxabiv1::__class_type_info::__dyncast_result&) const
 .text._ZNK10__cxxabiv117__class_type_info11__do_upcastEPKS0_PKvRNS0_15__upcast_resultE
                0x000000001000263c       0x1c /usr/lib/gcc/arm-none-eabi/9.2.1/../../../arm-none-eabi/lib/thumb/v6-m/nofp/libstdc++.a(class_type_info.o)
                0x000000001000263c                __cxxabiv1::__class_type_info::__do_upcast(__cxxabiv1::__class_type_info const*, void const*, __cxxabiv1::__class_type_info::__upcast_result&) const
 .text._ZNK10__cxxabiv117__class_type_info10__do_catchEPKSt9type_infoPPvj
                0x0000000010002658       0x24 /usr/lib/gcc/arm-none-eabi/9.2.1/../../../arm-none-eabi/lib/thumb/v6-m/nofp/libstdc++.a(class_type_info.o)
                0x0000000010002658                __cxxabiv1::__class_type_info::__do_catch(std::type_info const*, void**, unsigned int) const
 .text._ZN12_GLOBAL__N_14pool4freeEPv.constprop.0
                0x000000001000267c       0x78 /usr/lib/gcc/arm-none-eabi/9.2.1/../../../arm-none-eabi/lib/thumb/v6-m/nofp/libstdc++.a(eh_alloc.o)
 .text._ZN12_GLOBAL__N_14pool8allocateEj.constprop.0
                0x00000000100026f4       0x50 /usr/lib/gcc/arm-none-eabi/9.2.1/../../../arm-none-eabi/lib/thumb/v6-m/nofp/libstdc++.a(eh_alloc.o)
 .text.__cxa_allocate_exception
                0x0000000010002744       0x2c /usr/lib/gcc/arm-none-eabi/9.2.1/../../../arm-none-eabi/lib/thumb/v6-m/nofp/libstdc++.a(eh_alloc.o)
                0x0000000010002744                __cxa_allocate_exception
 .text.__cxa_free_exception
                0x0000000010002770       0x24 /usr/lib/gcc/arm-none-eabi/9.2.1/../../../arm-none-eabi/lib/thumb/v6-m/nofp/libstdc++.a(eh_alloc.o)
                0x0000000010002770                __cxa_free_exception
 .text.startup._GLOBAL__sub_I__ZN9__gnu_cxx9__freeresEv
                0x0000000010002794       0x2c /usr/lib/gcc/arm-none-eabi/9.2.1/../../../arm-none-eabi/lib/thumb/v6-m/nofp/libstdc++.a(eh_alloc.o)
 .text._ZNSt9exceptionD2Ev
                0x00000000100027c0        0x4 /usr/lib/gcc/arm-none-eabi/9.2.1/../../../arm-none-eabi/lib/thumb/v6-m/nofp/libstdc++.a(eh_exception.o)
                0x00000000100027c0                std::exception::~exception()
                0x00000000100027c0                std::exception::~exception()
 .text._ZNSt13bad_exceptionD2Ev
                0x00000000100027c4        0x4 /usr/lib/gcc/arm-none-eabi/9.2.1/../../../arm-none-eabi/lib/thumb/v6-m/nofp/libstdc++.a(eh_exception.o)
                0x00000000100027c4                std::bad_exception::~bad_exception()
                0x00000000100027c4                std::bad_exception::~bad_exception()
 .text._ZNKSt9exception4whatEv
                0x00000000100027c8        0x8 /usr/lib/gcc/arm-none-eabi/9.2.1/../../../arm-none-eabi/lib/thumb/v6-m/nofp/libstdc++.a(eh_exception.o)
                0x00000000100027c8                transaction clone for std::exception::what() const
                0x00000000100027c8                std::exception::what() const
 .text._ZNKSt13bad_exception4whatEv
                0x00000000100027d0        0x8 /usr/lib/gcc/arm-none-eabi/9.2.1/../../../arm-none-eabi/lib/thumb/v6-m/nofp/libstdc++.a(eh_exception.o)
                0x00000000100027d0                transaction clone for std::bad_exception::what() const
                0x00000000100027d0                std::bad_exception::what() const
 .text._ZNSt13bad_exceptionD0Ev
                0x00000000100027d8       0x10 /usr/lib/gcc/arm-none-eabi/9.2.1/../../../arm-none-eabi/lib/thumb/v6-m/nofp/libstdc++.a(eh_exception.o)
                0x00000000100027d8                std::bad_exception::~bad_exception()
 .text._ZN10__cxxabiv111__terminateEPFvvE
                0x00000000100027e8       0x28 /usr/lib/gcc/arm-none-eabi/9.2.1/../../../arm-none-eabi/lib/thumb/v6-m/nofp/libstdc++.a(eh_terminate.o)
                0x00000000100027e8                __cxxabiv1::__terminate(void (*)())
 .text._ZSt9terminatev
                0x0000000010002810       0x10 /usr/lib/gcc/arm-none-eabi/9.2.1/../../../arm-none-eabi/lib/thumb/v6-m/nofp/libstdc++.a(eh_terminate.o)
                0x0000000010002810                std::terminate()
 .text._ZN10__cxxabiv112__unexpectedEPFvvE
                0x0000000010002820        0x8 /usr/lib/gcc/arm-none-eabi/9.2.1/../../../arm-none-eabi/lib/thumb/v6-m/nofp/libstdc++.a(eh_terminate.o)
                0x0000000010002820                __cxxabiv1::__unexpected(void (*)())
 .text._ZSt10unexpectedv
                0x0000000010002828       0x10 /usr/lib/gcc/arm-none-eabi/9.2.1/../../../arm-none-eabi/lib/thumb/v6-m/nofp/libstdc++.a(eh_terminate.o)
                0x0000000010002828                std::unexpected()
 .text._ZSt13get_terminatev
                0x0000000010002838        0xc /usr/lib/gcc/arm-none-eabi/9.2.1/../../../arm-none-eabi/lib/thumb/v6-m/nofp/libstdc++.a(eh_terminate.o)
                0x0000000010002838                std::get_terminate()
 .text._ZSt14get_unexpectedv
                0x0000000010002844        0xc /usr/lib/gcc/arm-none-eabi/9.2.1/../../../arm-none-eabi/lib/thumb/v6-m/nofp/libstdc++.a(eh_terminate.o)
                0x0000000010002844                std::get_unexpected()
 .text._ZL23__gxx_exception_cleanup19_Unwind_Reason_CodeP21_Unwind_Control_Block
                0x0000000010002850       0x34 /usr/lib/gcc/arm-none-eabi/9.2.1/../../../arm-none-eabi/lib/thumb/v6-m/nofp/libstdc++.a(eh_throw.o)
 .text.__cxa_init_primary_exception
                0x0000000010002884       0x4c /usr/lib/gcc/arm-none-eabi/9.2.1/../../../arm-none-eabi/lib/thumb/v6-m/nofp/libstdc++.a(eh_throw.o)
                0x0000000010002884                __cxa_init_primary_exception
 .text.__cxa_throw
                0x00000000100028d0       0x34 /usr/lib/gcc/arm-none-eabi/9.2.1/../../../arm-none-eabi/lib/thumb/v6-m/nofp/libstdc++.a(eh_throw.o)
                0x00000000100028d0                __cxa_throw
 .text.__cxa_rethrow
                0x0000000010002904       0x70 /usr/lib/gcc/arm-none-eabi/9.2.1/../../../arm-none-eabi/lib/thumb/v6-m/nofp/libstdc++.a(eh_throw.o)
                0x0000000010002904                __cxa_rethrow
 .text.__cxa_end_cleanup
                0x0000000010002974        0xc /usr/lib/gcc/arm-none-eabi/9.2.1/../../../arm-none-eabi/lib/thumb/v6-m/nofp/libstdc++.a(eh_arm.o)
                0x0000000010002974                __cxa_end_cleanup
 .text.__cxa_type_match
                0x0000000010002980       0xd0 /usr/lib/gcc/arm-none-eabi/9.2.1/../../../arm-none-eabi/lib/thumb/v6-m/nofp/libstdc++.a(eh_arm.o)
                0x0000000010002980                __cxa_type_match
 .text.__cxa_begin_cleanup
                0x0000000010002a50       0x60 /usr/lib/gcc/arm-none-eabi/9.2.1/../../../arm-none-eabi/lib/thumb/v6-m/nofp/libstdc++.a(eh_arm.o)
                0x0000000010002a50                __cxa_begin_cleanup
 .text.__gnu_end_cleanup
                0x0000000010002ab0       0x70 /usr/lib/gcc/arm-none-eabi/9.2.1/../../../arm-none-eabi/lib/thumb/v6-m/nofp/libstdc++.a(eh_arm.o)
                0x0000000010002ab0                __gnu_end_cleanup
 .text._ZN10__cxxabiv1L24__is_gxx_exception_classEPc
                0x0000000010002b20       0x3c /usr/lib/gcc/arm-none-eabi/9.2.1/../../../arm-none-eabi/lib/thumb/v6-m/nofp/libstdc++.a(eh_call.o)
 .text.__cxa_call_terminate
                0x0000000010002b5c       0x20 /usr/lib/gcc/arm-none-eabi/9.2.1/../../../arm-none-eabi/lib/thumb/v6-m/nofp/libstdc++.a(eh_call.o)
                0x0000000010002b5c                __cxa_call_terminate
 .text.unlikely.__cxa_call_unexpected
                0x0000000010002b7c      0x100 /usr/lib/gcc/arm-none-eabi/9.2.1/../../../arm-none-eabi/lib/thumb/v6-m/nofp/libstdc++.a(eh_call.o)
                0x0000000010002b7c                __cxa_call_unexpected
 .text.__cxa_begin_catch
                0x0000000010002c7c       0x74 /usr/lib/gcc/arm-none-eabi/9.2.1/../../../arm-none-eabi/lib/thumb/v6-m/nofp/libstdc++.a(eh_catch.o)
                0x0000000010002c7c                __cxa_begin_catch
 .text.__cxa_end_catch
                0x0000000010002cf0       0x90 /usr/lib/gcc/arm-none-eabi/9.2.1/../../../arm-none-eabi/lib/thumb/v6-m/nofp/libstdc++.a(eh_catch.o)
                0x0000000010002cf0                __cxa_end_catch
 .text.__cxa_get_globals_fast
                0x0000000010002d80        0x8 /usr/lib/gcc/arm-none-eabi/9.2.1/../../../arm-none-eabi/lib/thumb/v6-m/nofp/libstdc++.a(eh_globals.o)
                0x0000000010002d80                __cxa_get_globals_fast
 .text.__cxa_get_globals
                0x0000000010002d88        0x8 /usr/lib/gcc/arm-none-eabi/9.2.1/../../../arm-none-eabi/lib/thumb/v6-m/nofp/libstdc++.a(eh_globals.o)
                0x0000000010002d88                __cxa_get_globals
 .text._ZL28read_encoded_value_with_basehjPKhPj
                0x0000000010002d90      0x114 /usr/lib/gcc/arm-none-eabi/9.2.1/../../../arm-none-eabi/lib/thumb/v6-m/nofp/libstdc++.a(eh_personality.o)
 .text._ZL21base_of_encoded_valuehP15_Unwind_Context
                0x0000000010002ea4       0x48 /usr/lib/gcc/arm-none-eabi/9.2.1/../../../arm-none-eabi/lib/thumb/v6-m/nofp/libstdc++.a(eh_personality.o)
 .text._ZL17parse_lsda_headerP15_Unwind_ContextPKhP16lsda_header_info
                0x0000000010002eec       0x98 /usr/lib/gcc/arm-none-eabi/9.2.1/../../../arm-none-eabi/lib/thumb/v6-m/nofp/libstdc++.a(eh_personality.o)
 .text.__gxx_personality_v0
                0x0000000010002f84      0x4a4 /usr/lib/gcc/arm-none-eabi/9.2.1/../../../arm-none-eabi/lib/thumb/v6-m/nofp/libstdc++.a(eh_personality.o)
                0x0000000010002f84                __gxx_personality_v0
 .text          0x0000000010003428       0x10 /usr/lib/gcc/arm-none-eabi/9.2.1/../../../arm-none-eabi/lib/thumb/v6-m/nofp/libc.a(lib_a-abort.o)
                0x0000000010003428                abort
 .text          0x0000000010003438       0x28 /usr/lib/gcc/arm-none-eabi/9.2.1/../../../arm-none-eabi/lib/thumb/v6-m/nofp/libc.a(lib_a-malloc.o)
                0x0000000010003438                malloc
                0x000000001000344c                free
 .text          0x0000000010003460      0x58c /usr/lib/gcc/arm-none-eabi/9.2.1/../../../arm-none-eabi/lib/thumb/v6-m/nofp/libc.a(lib_a-mallocr.o)
                0x0000000010003460                _malloc_r
 .text          0x00000000100039ec        0x8 /usr/lib/gcc/arm-none-eabi/9.2.1/../../../arm-none-eabi/lib/thumb/v6-m/nofp/libc.a(lib_a-mlock.o)
                0x00000000100039ec                __malloc_lock
                0x00000000100039f0                __malloc_unlock
 .text          0x00000000100039f4       0x48 /usr/lib/gcc/arm-none-eabi/9.2.1/../../../arm-none-eabi/lib/thumb/v6-m/nofp/libc.a(lib_a-rand.o)
                0x00000000100039f4                srand
                0x0000000010003a08                rand
 .text          0x0000000010003a3c       0x24 /usr/lib/gcc/arm-none-eabi/9.2.1/../../../arm-none-eabi/lib/thumb/v6-m/nofp/libc.a(lib_a-sbrkr.o)
                0x0000000010003a3c                _sbrk_r
 .text          0x0000000010003a60      0x190 /usr/lib/gcc/arm-none-eabi/9.2.1/../../../arm-none-eabi/lib/thumb/v6-m/nofp/libc.a(lib_a-signal.o)
                0x0000000010003a8c                _init_signal_r
                0x0000000010003aa8                _signal_r
                0x0000000010003ae4                _raise_r
                0x0000000010003b40                __sigtramp_r
                0x0000000010003b90                raise
                0x0000000010003ba4                signal
                0x0000000010003bbc                _init_signal
                0x0000000010003bdc                __sigtramp
 .text          0x0000000010003bf0       0x30 /usr/lib/gcc/arm-none-eabi/9.2.1/../../../arm-none-eabi/lib/thumb/v6-m/nofp/libc.a(lib_a-signalr.o)
                0x0000000010003bf0                _kill_r
                0x0000000010003c18                _getpid_r
 .text          0x0000000010003c20       0x88 /usr/lib/gcc/arm-none-eabi/9.2.1/../../../arm-none-eabi/lib/thumb/v6-m/nofp/libc.a(lib_a-strcmp.o)
                0x0000000010003c20                strcmp
 .text          0x0000000010003ca8       0x68 /usr/lib/gcc/arm-none-eabi/9.2.1/../../../arm-none-eabi/lib/thumb/v6-m/nofp/libc.a(lib_a-strlen-stub.o)
                0x0000000010003ca8                strlen
 .text          0x0000000010003d10       0x34 /usr/lib/gcc/arm-none-eabi/9.2.1/../../../arm-none-eabi/lib/thumb/v6-m/nofp/libc.a(lib_a-time.o)
                0x0000000010003d10                time
 .text          0x0000000010003d44      0x27c /usr/lib/gcc/arm-none-eabi/9.2.1/../../../arm-none-eabi/lib/thumb/v6-m/nofp/libc.a(lib_a-freer.o)
                0x0000000010003d44                _malloc_trim_r
                0x0000000010003de4                _free_r
 .text          0x0000000010003fc0       0x28 /usr/lib/gcc/arm-none-eabi/9.2.1/../../../arm-none-eabi/lib/thumb/v6-m/nofp/libc.a(lib_a-gettimeofdayr.o)
                0x0000000010003fc0                _gettimeofday_r
 .text          0x0000000010003fe8       0x10 /usr/lib/gcc/arm-none-eabi/9.2.1/../../../arm-none-eabi/lib/thumb/v6-m/nofp/libnosys.a(getpid.o)
                0x0000000010003fe8                _getpid
 .text          0x0000000010003ff8       0x10 /usr/lib/gcc/arm-none-eabi/9.2.1/../../../arm-none-eabi/lib/thumb/v6-m/nofp/libnosys.a(gettod.o)
                0x0000000010003ff8                _gettimeofday
 .text          0x0000000010004008       0x10 /usr/lib/gcc/arm-none-eabi/9.2.1/../../../arm-none-eabi/lib/thumb/v6-m/nofp/libnosys.a(kill.o)
                0x0000000010004008                _kill
 *(.fini)
 .fini          0x0000000010004018        0x4 /usr/lib/gcc/arm-none-eabi/9.2.1/thumb/v6-m/nofp/crti.o
                0x0000000010004018                _fini
 *fill*         0x000000001000401c        0x4 
 .fini.__stub   0x0000000010004020      0x100 linker stubs
 *crtbegin.o(.ctors)
 *crtbegin?.o(.ctors)
 *(EXCLUDE_FILE(*crtend.o *crtend?.o) .ctors)
 *(SORT_BY_NAME(.ctors.*))
 *(.ctors)
 *crtbegin.o(.dtors)
 *crtbegin?.o(.dtors)
 *(EXCLUDE_FILE(*crtend.o *crtend?.o) .dtors)
 *(SORT_BY_NAME(.dtors.*))
 *(.dtors)
 *(.eh_frame*)
 .eh_frame      0x0000000010004120        0x0 /usr/lib/gcc/arm-none-eabi/9.2.1/thumb/v6-m/nofp/crtbegin.o
                0x0000000010004120                . = ALIGN (0x4)

.glue_7         0x0000000010004120        0x0
 .glue_7        0x0000000010004120        0x0 linker stubs

.glue_7t        0x0000000010004120        0x0
 .glue_7t       0x0000000010004120        0x0 linker stubs

.vfp11_veneer   0x0000000010004120        0x0
 .vfp11_veneer  0x0000000010004120        0x0 linker stubs

.v4_bx          0x0000000010004120        0x0
 .v4_bx         0x0000000010004120        0x0 linker stubs

.iplt           0x0000000010004120        0x0
 .iplt          0x0000000010004120        0x0 /usr/lib/gcc/arm-none-eabi/9.2.1/thumb/v6-m/nofp/crtbegin.o

.rodata         0x0000000010004120      0x588
 *(EXCLUDE_FILE(*libm.a: *libc.a:*lib_a-mem*.o *libgcc.a:) .rodata*)
 .rodata.str1.4
                0x0000000010004120      0x294 CMakeFiles/lcd_i2c_cpp.dir/lcd_i2c_quotes.cpp.obj
 .rodata        0x00000000100043b4       0x28 CMakeFiles/lcd_i2c_cpp.dir/lcd_i2c_quotes.cpp.obj
 .rodata.hardware_alarm_claim.str1.4
                0x00000000100043dc       0x22 CMakeFiles/lcd_i2c_cpp.dir/home/toby001/pico/pico-sdk/src/rp2_common/hardware_timer/timer.c.obj
 *fill*         0x00000000100043fe        0x2 
 .rodata.panic.str1.4
                0x0000000010004400       0x12 CMakeFiles/lcd_i2c_cpp.dir/home/toby001/pico/pico-sdk/src/rp2_common/pico_runtime/runtime.c.obj
 *fill*         0x0000000010004412        0x2 
 .rodata.hard_assertion_failure.str1.4
                0x0000000010004414        0xc CMakeFiles/lcd_i2c_cpp.dir/home/toby001/pico/pico-sdk/src/rp2_common/pico_runtime/runtime.c.obj
 .rodata.__wrap_malloc.str1.4
                0x0000000010004420        0xe CMakeFiles/lcd_i2c_cpp.dir/home/toby001/pico/pico-sdk/src/rp2_common/pico_malloc/pico_malloc.c.obj
 *fill*         0x000000001000442e        0x2 
 .rodata.str1.4
                0x0000000010004430       0x40 CMakeFiles/lcd_i2c_cpp.dir/home/toby001/pico/pico-sdk/src/rp2_common/pico_standard_link/binary_info.c.obj
 .rodata.__bi_44
                0x0000000010004470        0xc CMakeFiles/lcd_i2c_cpp.dir/home/toby001/pico/pico-sdk/src/rp2_common/pico_standard_link/binary_info.c.obj
 .rodata.__bi_75
                0x000000001000447c        0xc CMakeFiles/lcd_i2c_cpp.dir/home/toby001/pico/pico-sdk/src/rp2_common/pico_standard_link/binary_info.c.obj
 .rodata.__bi_81
                0x0000000010004488        0xc CMakeFiles/lcd_i2c_cpp.dir/home/toby001/pico/pico-sdk/src/rp2_common/pico_standard_link/binary_info.c.obj
 .rodata.crlf_str.5999
                0x0000000010004494        0x2 CMakeFiles/lcd_i2c_cpp.dir/home/toby001/pico/pico-sdk/src/rp2_common/pico_stdio/stdio.c.obj
 *fill*         0x0000000010004496        0x2 
 .rodata._ZTIN9__gnu_cxx20recursive_init_errorE
                0x0000000010004498        0xc /usr/lib/gcc/arm-none-eabi/9.2.1/../../../arm-none-eabi/lib/thumb/v6-m/nofp/libstdc++.a(guard_error.o)
                0x0000000010004498                typeinfo for __gnu_cxx::recursive_init_error
 .rodata._ZTSN9__gnu_cxx20recursive_init_errorE
                0x00000000100044a4       0x23 /usr/lib/gcc/arm-none-eabi/9.2.1/../../../arm-none-eabi/lib/thumb/v6-m/nofp/libstdc++.a(guard_error.o)
                0x00000000100044a4                typeinfo name for __gnu_cxx::recursive_init_error
 *fill*         0x00000000100044c7        0x1 
 .rodata._ZTVN9__gnu_cxx20recursive_init_errorE
                0x00000000100044c8       0x14 /usr/lib/gcc/arm-none-eabi/9.2.1/../../../arm-none-eabi/lib/thumb/v6-m/nofp/libstdc++.a(guard_error.o)
                0x00000000100044c8                vtable for __gnu_cxx::recursive_init_error
 .rodata._ZTIN10__cxxabiv120__si_class_type_infoE
                0x00000000100044dc        0xc /usr/lib/gcc/arm-none-eabi/9.2.1/../../../arm-none-eabi/lib/thumb/v6-m/nofp/libstdc++.a(si_class_type_info.o)
                0x00000000100044dc                typeinfo for __cxxabiv1::__si_class_type_info
 .rodata._ZTSN10__cxxabiv120__si_class_type_infoE
                0x00000000100044e8       0x25 /usr/lib/gcc/arm-none-eabi/9.2.1/../../../arm-none-eabi/lib/thumb/v6-m/nofp/libstdc++.a(si_class_type_info.o)
                0x00000000100044e8                typeinfo name for __cxxabiv1::__si_class_type_info
 *fill*         0x000000001000450d        0x3 
 .rodata._ZTVN10__cxxabiv120__si_class_type_infoE
                0x0000000010004510       0x2c /usr/lib/gcc/arm-none-eabi/9.2.1/../../../arm-none-eabi/lib/thumb/v6-m/nofp/libstdc++.a(si_class_type_info.o)
                0x0000000010004510                vtable for __cxxabiv1::__si_class_type_info
 .rodata._ZTISt9type_info
                0x000000001000453c        0x8 /usr/lib/gcc/arm-none-eabi/9.2.1/../../../arm-none-eabi/lib/thumb/v6-m/nofp/libstdc++.a(tinfo.o)
                0x000000001000453c                typeinfo for std::type_info
 .rodata._ZTSSt9type_info
                0x0000000010004544        0xd /usr/lib/gcc/arm-none-eabi/9.2.1/../../../arm-none-eabi/lib/thumb/v6-m/nofp/libstdc++.a(tinfo.o)
                0x0000000010004544                typeinfo name for std::type_info
 *fill*         0x0000000010004551        0x3 
 .rodata._ZTIN10__cxxabiv117__class_type_infoE
                0x0000000010004554        0xc /usr/lib/gcc/arm-none-eabi/9.2.1/../../../arm-none-eabi/lib/thumb/v6-m/nofp/libstdc++.a(class_type_info.o)
                0x0000000010004554                typeinfo for __cxxabiv1::__class_type_info
 .rodata._ZTSN10__cxxabiv117__class_type_infoE
                0x0000000010004560       0x22 /usr/lib/gcc/arm-none-eabi/9.2.1/../../../arm-none-eabi/lib/thumb/v6-m/nofp/libstdc++.a(class_type_info.o)
                0x0000000010004560                typeinfo name for __cxxabiv1::__class_type_info
 *fill*         0x0000000010004582        0x2 
 .rodata._ZTVN10__cxxabiv117__class_type_infoE
                0x0000000010004584       0x2c /usr/lib/gcc/arm-none-eabi/9.2.1/../../../arm-none-eabi/lib/thumb/v6-m/nofp/libstdc++.a(class_type_info.o)
                0x0000000010004584                vtable for __cxxabiv1::__class_type_info
 .rodata._ZNKSt9exception4whatEv.str1.4
                0x00000000100045b0        0xf /usr/lib/gcc/arm-none-eabi/9.2.1/../../../arm-none-eabi/lib/thumb/v6-m/nofp/libstdc++.a(eh_exception.o)
 *fill*         0x00000000100045bf        0x1 
 .rodata._ZNKSt13bad_exception4whatEv.str1.4
                0x00000000100045c0       0x13 /usr/lib/gcc/arm-none-eabi/9.2.1/../../../arm-none-eabi/lib/thumb/v6-m/nofp/libstdc++.a(eh_exception.o)
 *fill*         0x00000000100045d3        0x1 
 .rodata._ZTIN10__cxxabiv115__forced_unwindE
                0x00000000100045d4        0x8 /usr/lib/gcc/arm-none-eabi/9.2.1/../../../arm-none-eabi/lib/thumb/v6-m/nofp/libstdc++.a(eh_exception.o)
                0x00000000100045d4                typeinfo for __cxxabiv1::__forced_unwind
 .rodata._ZTIN10__cxxabiv119__foreign_exceptionE
                0x00000000100045dc        0x8 /usr/lib/gcc/arm-none-eabi/9.2.1/../../../arm-none-eabi/lib/thumb/v6-m/nofp/libstdc++.a(eh_exception.o)
                0x00000000100045dc                typeinfo for __cxxabiv1::__foreign_exception
 .rodata._ZTISt13bad_exception
                0x00000000100045e4        0xc /usr/lib/gcc/arm-none-eabi/9.2.1/../../../arm-none-eabi/lib/thumb/v6-m/nofp/libstdc++.a(eh_exception.o)
                0x00000000100045e4                typeinfo for std::bad_exception
 .rodata._ZTISt9exception
                0x00000000100045f0        0x8 /usr/lib/gcc/arm-none-eabi/9.2.1/../../../arm-none-eabi/lib/thumb/v6-m/nofp/libstdc++.a(eh_exception.o)
                0x00000000100045f0                typeinfo for std::exception
 .rodata._ZTSN10__cxxabiv115__forced_unwindE
                0x00000000100045f8       0x20 /usr/lib/gcc/arm-none-eabi/9.2.1/../../../arm-none-eabi/lib/thumb/v6-m/nofp/libstdc++.a(eh_exception.o)
                0x00000000100045f8                typeinfo name for __cxxabiv1::__forced_unwind
 .rodata._ZTSN10__cxxabiv119__foreign_exceptionE
                0x0000000010004618       0x24 /usr/lib/gcc/arm-none-eabi/9.2.1/../../../arm-none-eabi/lib/thumb/v6-m/nofp/libstdc++.a(eh_exception.o)
                0x0000000010004618                typeinfo name for __cxxabiv1::__foreign_exception
 .rodata._ZTSSt13bad_exception
                0x000000001000463c       0x12 /usr/lib/gcc/arm-none-eabi/9.2.1/../../../arm-none-eabi/lib/thumb/v6-m/nofp/libstdc++.a(eh_exception.o)
                0x000000001000463c                typeinfo name for std::bad_exception
 *fill*         0x000000001000464e        0x2 
 .rodata._ZTSSt9exception
                0x0000000010004650        0xd /usr/lib/gcc/arm-none-eabi/9.2.1/../../../arm-none-eabi/lib/thumb/v6-m/nofp/libstdc++.a(eh_exception.o)
                0x0000000010004650                typeinfo name for std::exception
 *fill*         0x000000001000465d        0x3 
 .rodata._ZTVSt13bad_exception
                0x0000000010004660       0x14 /usr/lib/gcc/arm-none-eabi/9.2.1/../../../arm-none-eabi/lib/thumb/v6-m/nofp/libstdc++.a(eh_exception.o)
                0x0000000010004660                vtable for std::bad_exception
 .rodata._ZL28read_encoded_value_with_basehjPKhPj
                0x0000000010004674       0x34 /usr/lib/gcc/arm-none-eabi/9.2.1/../../../arm-none-eabi/lib/thumb/v6-m/nofp/libstdc++.a(eh_personality.o)
                0x00000000100046a8                . = ALIGN (0x4)
 *(SORT_BY_ALIGNMENT(SORT_BY_NAME(.flashdata*)))
                0x00000000100046a8                . = ALIGN (0x4)

.ARM.extab      0x00000000100046a8       0xd8
 *(.ARM.extab* .gnu.linkonce.armextab.*)
 .ARM.extab.text._ZNK10__cxxabiv120__si_class_type_info12__do_dyncastEiNS_17__class_type_info10__sub_kindEPKS1_PKvS4_S6_RNS1_16__dyncast_resultE
                0x00000000100046a8        0xc /usr/lib/gcc/arm-none-eabi/9.2.1/../../../arm-none-eabi/lib/thumb/v6-m/nofp/libstdc++.a(si_class_type_info.o)
 .ARM.extab.text._ZN10__cxxabiv111__terminateEPFvvE
                0x00000000100046b4       0x28 /usr/lib/gcc/arm-none-eabi/9.2.1/../../../arm-none-eabi/lib/thumb/v6-m/nofp/libstdc++.a(eh_terminate.o)
 .ARM.extab.text.__cxa_type_match
                0x00000000100046dc        0xc /usr/lib/gcc/arm-none-eabi/9.2.1/../../../arm-none-eabi/lib/thumb/v6-m/nofp/libstdc++.a(eh_arm.o)
 .ARM.extab.text.unlikely.__cxa_call_unexpected
                0x00000000100046e8       0x28 /usr/lib/gcc/arm-none-eabi/9.2.1/../../../arm-none-eabi/lib/thumb/v6-m/nofp/libstdc++.a(eh_call.o)
 .ARM.extab.text.__cxa_begin_catch
                0x0000000010004710        0xc /usr/lib/gcc/arm-none-eabi/9.2.1/../../../arm-none-eabi/lib/thumb/v6-m/nofp/libstdc++.a(eh_catch.o)
 .ARM.extab.text._ZL28read_encoded_value_with_basehjPKhPj
                0x000000001000471c        0xc /usr/lib/gcc/arm-none-eabi/9.2.1/../../../arm-none-eabi/lib/thumb/v6-m/nofp/libstdc++.a(eh_personality.o)
 .ARM.extab.text.__gxx_personality_v0
                0x0000000010004728       0x28 /usr/lib/gcc/arm-none-eabi/9.2.1/../../../arm-none-eabi/lib/thumb/v6-m/nofp/libstdc++.a(eh_personality.o)
 .ARM.extab     0x0000000010004750       0x24 /usr/lib/gcc/arm-none-eabi/9.2.1/thumb/v6-m/nofp/libgcc.a(unwind-arm.o)
 .ARM.extab     0x0000000010004774        0xc /usr/lib/gcc/arm-none-eabi/9.2.1/thumb/v6-m/nofp/libgcc.a(pr-support.o)
                0x0000000010004780                __exidx_start = .

.ARM.exidx      0x0000000010004780      0x1b0
 *(.ARM.exidx* .gnu.linkonce.armexidx.*)
 .ARM.exidx.text.__cxa_guard_acquire
                0x0000000010004780        0x8 /usr/lib/gcc/arm-none-eabi/9.2.1/../../../arm-none-eabi/lib/thumb/v6-m/nofp/libstdc++.a(guard.o)
 .ARM.exidx.text.__cxa_guard_release
                0x0000000010004788        0x8 /usr/lib/gcc/arm-none-eabi/9.2.1/../../../arm-none-eabi/lib/thumb/v6-m/nofp/libstdc++.a(guard.o)
 .ARM.exidx.text._ZN9__gnu_cxx20recursive_init_errorD2Ev
                0x0000000010004790        0x0 /usr/lib/gcc/arm-none-eabi/9.2.1/../../../arm-none-eabi/lib/thumb/v6-m/nofp/libstdc++.a(guard_error.o)
                                          0x8 (size before relaxing)
 .ARM.exidx.text._ZN9__gnu_cxx20recursive_init_errorD0Ev
                0x0000000010004790        0x0 /usr/lib/gcc/arm-none-eabi/9.2.1/../../../arm-none-eabi/lib/thumb/v6-m/nofp/libstdc++.a(guard_error.o)
                                          0x8 (size before relaxing)
 .ARM.exidx.text._ZN9__gnu_cxx20recursive_init_errorC2Ev
                0x0000000010004790        0x0 /usr/lib/gcc/arm-none-eabi/9.2.1/../../../arm-none-eabi/lib/thumb/v6-m/nofp/libstdc++.a(guard_error.o)
                                          0x8 (size before relaxing)
 .ARM.exidx.text._ZN10__cxxabiv120__si_class_type_infoD2Ev
                0x0000000010004790        0x0 /usr/lib/gcc/arm-none-eabi/9.2.1/../../../arm-none-eabi/lib/thumb/v6-m/nofp/libstdc++.a(si_class_type_info.o)
                                          0x8 (size before relaxing)
 .ARM.exidx.text._ZN10__cxxabiv120__si_class_type_infoD0Ev
                0x0000000010004790        0x0 /usr/lib/gcc/arm-none-eabi/9.2.1/../../../arm-none-eabi/lib/thumb/v6-m/nofp/libstdc++.a(si_class_type_info.o)
                                          0x8 (size before relaxing)
 .ARM.exidx.text._ZNK10__cxxabiv120__si_class_type_info20__do_find_public_srcEiPKvPKNS_17__class_type_infoES2_
                0x0000000010004790        0x8 /usr/lib/gcc/arm-none-eabi/9.2.1/../../../arm-none-eabi/lib/thumb/v6-m/nofp/libstdc++.a(si_class_type_info.o)
 .ARM.exidx.text._ZNK10__cxxabiv120__si_class_type_info12__do_dyncastEiNS_17__class_type_info10__sub_kindEPKS1_PKvS4_S6_RNS1_16__dyncast_resultE
                0x0000000010004798        0x8 /usr/lib/gcc/arm-none-eabi/9.2.1/../../../arm-none-eabi/lib/thumb/v6-m/nofp/libstdc++.a(si_class_type_info.o)
 .ARM.exidx.text._ZNK10__cxxabiv120__si_class_type_info11__do_upcastEPKNS_17__class_type_infoEPKvRNS1_15__upcast_resultE
                0x00000000100047a0        0x8 /usr/lib/gcc/arm-none-eabi/9.2.1/../../../arm-none-eabi/lib/thumb/v6-m/nofp/libstdc++.a(si_class_type_info.o)
 .ARM.exidx.text._ZNSt9type_infoD2Ev
                0x00000000100047a8        0x8 /usr/lib/gcc/arm-none-eabi/9.2.1/../../../arm-none-eabi/lib/thumb/v6-m/nofp/libstdc++.a(tinfo.o)
 .ARM.exidx.text._ZNKSt9type_info14__is_pointer_pEv
                0x00000000100047b0        0x0 /usr/lib/gcc/arm-none-eabi/9.2.1/../../../arm-none-eabi/lib/thumb/v6-m/nofp/libstdc++.a(tinfo.o)
                                          0x8 (size before relaxing)
 .ARM.exidx.text._ZNKSt9type_infoeqERKS_
                0x00000000100047b0        0x0 /usr/lib/gcc/arm-none-eabi/9.2.1/../../../arm-none-eabi/lib/thumb/v6-m/nofp/libstdc++.a(tinfo.o)
                                          0x8 (size before relaxing)
 .ARM.exidx.text._ZNK10__cxxabiv117__class_type_info11__do_upcastEPKS0_PPv
                0x00000000100047b0        0x8 /usr/lib/gcc/arm-none-eabi/9.2.1/../../../arm-none-eabi/lib/thumb/v6-m/nofp/libstdc++.a(class_type_info.o)
 .ARM.exidx.text._ZNK10__cxxabiv117__class_type_info20__do_find_public_srcEiPKvPKS0_S2_
                0x00000000100047b8        0x8 /usr/lib/gcc/arm-none-eabi/9.2.1/../../../arm-none-eabi/lib/thumb/v6-m/nofp/libstdc++.a(class_type_info.o)
 .ARM.exidx.text._ZN10__cxxabiv117__class_type_infoD2Ev
                0x00000000100047c0        0x0 /usr/lib/gcc/arm-none-eabi/9.2.1/../../../arm-none-eabi/lib/thumb/v6-m/nofp/libstdc++.a(class_type_info.o)
                                          0x8 (size before relaxing)
 .ARM.exidx.text._ZN10__cxxabiv117__class_type_infoD0Ev
                0x00000000100047c0        0x0 /usr/lib/gcc/arm-none-eabi/9.2.1/../../../arm-none-eabi/lib/thumb/v6-m/nofp/libstdc++.a(class_type_info.o)
                                          0x8 (size before relaxing)
 .ARM.exidx.text._ZNK10__cxxabiv117__class_type_info12__do_dyncastEiNS0_10__sub_kindEPKS0_PKvS3_S5_RNS0_16__dyncast_resultE
                0x00000000100047c0        0x0 /usr/lib/gcc/arm-none-eabi/9.2.1/../../../arm-none-eabi/lib/thumb/v6-m/nofp/libstdc++.a(class_type_info.o)
                                          0x8 (size before relaxing)
 .ARM.exidx.text._ZNK10__cxxabiv117__class_type_info11__do_upcastEPKS0_PKvRNS0_15__upcast_resultE
                0x00000000100047c0        0x0 /usr/lib/gcc/arm-none-eabi/9.2.1/../../../arm-none-eabi/lib/thumb/v6-m/nofp/libstdc++.a(class_type_info.o)
                                          0x8 (size before relaxing)
 .ARM.exidx.text._ZNK10__cxxabiv117__class_type_info10__do_catchEPKSt9type_infoPPvj
                0x00000000100047c0        0x8 /usr/lib/gcc/arm-none-eabi/9.2.1/../../../arm-none-eabi/lib/thumb/v6-m/nofp/libstdc++.a(class_type_info.o)
 .ARM.exidx.text._ZN12_GLOBAL__N_14pool4freeEPv.constprop.0
                0x00000000100047c8        0x8 /usr/lib/gcc/arm-none-eabi/9.2.1/../../../arm-none-eabi/lib/thumb/v6-m/nofp/libstdc++.a(eh_alloc.o)
 .ARM.exidx.text._ZN12_GLOBAL__N_14pool8allocateEj.constprop.0
                0x00000000100047d0        0x0 /usr/lib/gcc/arm-none-eabi/9.2.1/../../../arm-none-eabi/lib/thumb/v6-m/nofp/libstdc++.a(eh_alloc.o)
                                          0x8 (size before relaxing)
 .ARM.exidx.text.__cxa_allocate_exception
                0x00000000100047d0        0x0 /usr/lib/gcc/arm-none-eabi/9.2.1/../../../arm-none-eabi/lib/thumb/v6-m/nofp/libstdc++.a(eh_alloc.o)
                                          0x8 (size before relaxing)
 .ARM.exidx.text.__cxa_free_exception
                0x00000000100047d0        0x0 /usr/lib/gcc/arm-none-eabi/9.2.1/../../../arm-none-eabi/lib/thumb/v6-m/nofp/libstdc++.a(eh_alloc.o)
                                          0x8 (size before relaxing)
 .ARM.exidx.text.startup._GLOBAL__sub_I__ZN9__gnu_cxx9__freeresEv
                0x00000000100047d0        0x0 /usr/lib/gcc/arm-none-eabi/9.2.1/../../../arm-none-eabi/lib/thumb/v6-m/nofp/libstdc++.a(eh_alloc.o)
                                          0x8 (size before relaxing)
 .ARM.exidx.text._ZNSt9exceptionD2Ev
                0x00000000100047d0        0x0 /usr/lib/gcc/arm-none-eabi/9.2.1/../../../arm-none-eabi/lib/thumb/v6-m/nofp/libstdc++.a(eh_exception.o)
                                          0x8 (size before relaxing)
 .ARM.exidx.text._ZNSt13bad_exceptionD2Ev
                0x00000000100047d0        0x0 /usr/lib/gcc/arm-none-eabi/9.2.1/../../../arm-none-eabi/lib/thumb/v6-m/nofp/libstdc++.a(eh_exception.o)
                                          0x8 (size before relaxing)
 .ARM.exidx.text._ZNKSt9exception4whatEv
                0x00000000100047d0        0x0 /usr/lib/gcc/arm-none-eabi/9.2.1/../../../arm-none-eabi/lib/thumb/v6-m/nofp/libstdc++.a(eh_exception.o)
                                          0x8 (size before relaxing)
 .ARM.exidx.text._ZNKSt13bad_exception4whatEv
                0x00000000100047d0        0x0 /usr/lib/gcc/arm-none-eabi/9.2.1/../../../arm-none-eabi/lib/thumb/v6-m/nofp/libstdc++.a(eh_exception.o)
                                          0x8 (size before relaxing)
 .ARM.exidx.text._ZNSt13bad_exceptionD0Ev
                0x00000000100047d0        0x0 /usr/lib/gcc/arm-none-eabi/9.2.1/../../../arm-none-eabi/lib/thumb/v6-m/nofp/libstdc++.a(eh_exception.o)
                                          0x8 (size before relaxing)
 .ARM.exidx.text._ZN10__cxxabiv111__terminateEPFvvE
                0x00000000100047d0        0x8 /usr/lib/gcc/arm-none-eabi/9.2.1/../../../arm-none-eabi/lib/thumb/v6-m/nofp/libstdc++.a(eh_terminate.o)
 .ARM.exidx.text._ZSt9terminatev
                0x00000000100047d8        0x8 /usr/lib/gcc/arm-none-eabi/9.2.1/../../../arm-none-eabi/lib/thumb/v6-m/nofp/libstdc++.a(eh_terminate.o)
 .ARM.exidx.text._ZN10__cxxabiv112__unexpectedEPFvvE
                0x00000000100047e0        0x8 /usr/lib/gcc/arm-none-eabi/9.2.1/../../../arm-none-eabi/lib/thumb/v6-m/nofp/libstdc++.a(eh_terminate.o)
 .ARM.exidx.text._ZSt10unexpectedv
                0x00000000100047e8        0x0 /usr/lib/gcc/arm-none-eabi/9.2.1/../../../arm-none-eabi/lib/thumb/v6-m/nofp/libstdc++.a(eh_terminate.o)
                                          0x8 (size before relaxing)
 .ARM.exidx.text._ZSt13get_terminatev
                0x00000000100047e8        0x8 /usr/lib/gcc/arm-none-eabi/9.2.1/../../../arm-none-eabi/lib/thumb/v6-m/nofp/libstdc++.a(eh_terminate.o)
 .ARM.exidx.text._ZSt14get_unexpectedv
                0x00000000100047f0        0x0 /usr/lib/gcc/arm-none-eabi/9.2.1/../../../arm-none-eabi/lib/thumb/v6-m/nofp/libstdc++.a(eh_terminate.o)
                                          0x8 (size before relaxing)
 .ARM.exidx.text._ZL23__gxx_exception_cleanup19_Unwind_Reason_CodeP21_Unwind_Control_Block
                0x00000000100047f0        0x8 /usr/lib/gcc/arm-none-eabi/9.2.1/../../../arm-none-eabi/lib/thumb/v6-m/nofp/libstdc++.a(eh_throw.o)
 .ARM.exidx.text.__cxa_init_primary_exception
                0x00000000100047f8        0x8 /usr/lib/gcc/arm-none-eabi/9.2.1/../../../arm-none-eabi/lib/thumb/v6-m/nofp/libstdc++.a(eh_throw.o)
 .ARM.exidx.text.__cxa_throw
                0x0000000010004800        0x8 /usr/lib/gcc/arm-none-eabi/9.2.1/../../../arm-none-eabi/lib/thumb/v6-m/nofp/libstdc++.a(eh_throw.o)
 .ARM.exidx.text.__cxa_rethrow
                0x0000000010004808       0x10 /usr/lib/gcc/arm-none-eabi/9.2.1/../../../arm-none-eabi/lib/thumb/v6-m/nofp/libstdc++.a(eh_throw.o)
                                          0x8 (size before relaxing)
 .ARM.exidx.text.__cxa_type_match
                0x0000000010004818        0x8 /usr/lib/gcc/arm-none-eabi/9.2.1/../../../arm-none-eabi/lib/thumb/v6-m/nofp/libstdc++.a(eh_arm.o)
 .ARM.exidx.text.__cxa_begin_cleanup
                0x0000000010004820        0x8 /usr/lib/gcc/arm-none-eabi/9.2.1/../../../arm-none-eabi/lib/thumb/v6-m/nofp/libstdc++.a(eh_arm.o)
 .ARM.exidx.text.__gnu_end_cleanup
                0x0000000010004828        0x0 /usr/lib/gcc/arm-none-eabi/9.2.1/../../../arm-none-eabi/lib/thumb/v6-m/nofp/libstdc++.a(eh_arm.o)
                                          0x8 (size before relaxing)
 .ARM.exidx.text._ZN10__cxxabiv1L24__is_gxx_exception_classEPc
                0x0000000010004828        0x0 /usr/lib/gcc/arm-none-eabi/9.2.1/../../../arm-none-eabi/lib/thumb/v6-m/nofp/libstdc++.a(eh_call.o)
                                          0x8 (size before relaxing)
 .ARM.exidx.text.__cxa_call_terminate
                0x0000000010004828        0x0 /usr/lib/gcc/arm-none-eabi/9.2.1/../../../arm-none-eabi/lib/thumb/v6-m/nofp/libstdc++.a(eh_call.o)
                                          0x8 (size before relaxing)
 .ARM.exidx.text.unlikely.__cxa_call_unexpected
                0x0000000010004828        0x8 /usr/lib/gcc/arm-none-eabi/9.2.1/../../../arm-none-eabi/lib/thumb/v6-m/nofp/libstdc++.a(eh_call.o)
 .ARM.exidx.text.__cxa_begin_catch
                0x0000000010004830        0x8 /usr/lib/gcc/arm-none-eabi/9.2.1/../../../arm-none-eabi/lib/thumb/v6-m/nofp/libstdc++.a(eh_catch.o)
 .ARM.exidx.text.__cxa_end_catch
                0x0000000010004838        0x8 /usr/lib/gcc/arm-none-eabi/9.2.1/../../../arm-none-eabi/lib/thumb/v6-m/nofp/libstdc++.a(eh_catch.o)
 .ARM.exidx.text.__cxa_get_globals_fast
                0x0000000010004840        0x8 /usr/lib/gcc/arm-none-eabi/9.2.1/../../../arm-none-eabi/lib/thumb/v6-m/nofp/libstdc++.a(eh_globals.o)
 .ARM.exidx.text.__cxa_get_globals
                0x0000000010004848        0x0 /usr/lib/gcc/arm-none-eabi/9.2.1/../../../arm-none-eabi/lib/thumb/v6-m/nofp/libstdc++.a(eh_globals.o)
                                          0x8 (size before relaxing)
 .ARM.exidx.text._ZL28read_encoded_value_with_basehjPKhPj
                0x0000000010004848        0x8 /usr/lib/gcc/arm-none-eabi/9.2.1/../../../arm-none-eabi/lib/thumb/v6-m/nofp/libstdc++.a(eh_personality.o)
 .ARM.exidx.text._ZL21base_of_encoded_valuehP15_Unwind_Context
                0x0000000010004850        0x8 /usr/lib/gcc/arm-none-eabi/9.2.1/../../../arm-none-eabi/lib/thumb/v6-m/nofp/libstdc++.a(eh_personality.o)
 .ARM.exidx.text._ZL17parse_lsda_headerP15_Unwind_ContextPKhP16lsda_header_info
                0x0000000010004858        0x8 /usr/lib/gcc/arm-none-eabi/9.2.1/../../../arm-none-eabi/lib/thumb/v6-m/nofp/libstdc++.a(eh_personality.o)
 .ARM.exidx.text.__gxx_personality_v0
                0x0000000010004860       0x10 /usr/lib/gcc/arm-none-eabi/9.2.1/../../../arm-none-eabi/lib/thumb/v6-m/nofp/libstdc++.a(eh_personality.o)
                                          0x8 (size before relaxing)
 .ARM.exidx     0x0000000010004870       0x90 /usr/lib/gcc/arm-none-eabi/9.2.1/thumb/v6-m/nofp/libgcc.a(unwind-arm.o)
                                         0xd8 (size before relaxing)
 .ARM.exidx     0x0000000010004900       0x28 /usr/lib/gcc/arm-none-eabi/9.2.1/thumb/v6-m/nofp/libgcc.a(pr-support.o)
                                         0x38 (size before relaxing)
 .ARM.exidx.text.unlikely
                0x0000000010004928        0x8 /usr/lib/gcc/arm-none-eabi/9.2.1/thumb/v6-m/nofp/libgcc.a(pr-support.o)
                                         0x10 (size before relaxing)
                0x0000000010004930                __exidx_end = .

.rel.dyn        0x0000000010004930        0x0
 .rel.iplt      0x0000000010004930        0x0 /usr/lib/gcc/arm-none-eabi/9.2.1/thumb/v6-m/nofp/crtbegin.o
                0x0000000010004930                . = ALIGN (0x4)
                0x0000000010004930                __binary_info_start = .

.binary_info    0x0000000010004930       0x20
 *(.binary_info.keep.*)
 .binary_info.keep.__bi_ptr30
                0x0000000010004930        0x4 CMakeFiles/lcd_i2c_cpp.dir/lib/lcd_i2c.cpp.obj
 .binary_info.keep.__bi_ptr22
                0x0000000010004934        0x4 CMakeFiles/lcd_i2c_cpp.dir/home/toby001/pico/pico-sdk/src/rp2_common/pico_standard_link/binary_info.c.obj
 .binary_info.keep.__bi_ptr30
                0x0000000010004938        0x4 CMakeFiles/lcd_i2c_cpp.dir/home/toby001/pico/pico-sdk/src/rp2_common/pico_standard_link/binary_info.c.obj
 .binary_info.keep.__bi_ptr38
                0x000000001000493c        0x4 CMakeFiles/lcd_i2c_cpp.dir/home/toby001/pico/pico-sdk/src/rp2_common/pico_standard_link/binary_info.c.obj
 .binary_info.keep.__bi_ptr44
                0x0000000010004940        0x4 CMakeFiles/lcd_i2c_cpp.dir/home/toby001/pico/pico-sdk/src/rp2_common/pico_standard_link/binary_info.c.obj
 .binary_info.keep.__bi_ptr50
                0x0000000010004944        0x4 CMakeFiles/lcd_i2c_cpp.dir/home/toby001/pico/pico-sdk/src/rp2_common/pico_standard_link/binary_info.c.obj
 .binary_info.keep.__bi_ptr75
                0x0000000010004948        0x4 CMakeFiles/lcd_i2c_cpp.dir/home/toby001/pico/pico-sdk/src/rp2_common/pico_standard_link/binary_info.c.obj
 .binary_info.keep.__bi_ptr81
                0x000000001000494c        0x4 CMakeFiles/lcd_i2c_cpp.dir/home/toby001/pico/pico-sdk/src/rp2_common/pico_standard_link/binary_info.c.obj
 *(.binary_info.*)
                0x0000000010004950                __binary_info_end = .
                0x0000000010004950                . = ALIGN (0x4)
                0x0000000010004950                __etext = .

.ram_vector_table
                0x0000000020000000       0xc0
 *(.ram_vector_table)
 .ram_vector_table
                0x0000000020000000       0xc0 CMakeFiles/lcd_i2c_cpp.dir/home/toby001/pico/pico-sdk/src/rp2_common/pico_runtime/runtime.c.obj
                0x0000000020000000                ram_vector_table

.data           0x00000000200000c0     0x1948 load address 0x0000000010004950
                0x00000000200000c0                __data_start__ = .
 *(vtable)
 *(.time_critical*)
 .time_critical.mutex_enter_blocking
                0x00000000200000c0       0x4c CMakeFiles/lcd_i2c_cpp.dir/home/toby001/pico/pico-sdk/src/common/pico_sync/mutex.c.obj
                0x00000000200000c0                mutex_enter_blocking
 .time_critical.mutex_try_enter
                0x000000002000010c       0x48 CMakeFiles/lcd_i2c_cpp.dir/home/toby001/pico/pico-sdk/src/common/pico_sync/mutex.c.obj
                0x000000002000010c                mutex_try_enter
 .time_critical.mutex_exit
                0x0000000020000154       0x28 CMakeFiles/lcd_i2c_cpp.dir/home/toby001/pico/pico-sdk/src/common/pico_sync/mutex.c.obj
                0x0000000020000154                mutex_exit
 *(.text*)
 .text          0x000000002000017c        0x4 /usr/lib/gcc/arm-none-eabi/9.2.1/thumb/v6-m/nofp/libgcc.a(_dvmd_tls.o)
                0x000000002000017c                __aeabi_ldiv0
                0x000000002000017c                __aeabi_idiv0
 .text          0x0000000020000180      0xa44 /usr/lib/gcc/arm-none-eabi/9.2.1/thumb/v6-m/nofp/libgcc.a(unwind-arm.o)
                0x000000002000044c                _Unwind_GetCFA
                0x0000000020000450                __gnu_Unwind_RaiseException
                0x00000000200004a4                __gnu_Unwind_ForcedUnwind
                0x00000000200004b8                __gnu_Unwind_Resume
                0x0000000020000500                __gnu_Unwind_Resume_or_Rethrow
                0x000000002000051c                _Unwind_Complete
                0x0000000020000520                _Unwind_DeleteException
                0x0000000020000530                _Unwind_VRS_Get
                0x000000002000057c                _Unwind_VRS_Set
                0x00000000200005c8                __gnu_Unwind_Backtrace
                0x0000000020000924                __aeabi_unwind_cpp_pr0
                0x0000000020000930                __aeabi_unwind_cpp_pr1
                0x000000002000093c                __aeabi_unwind_cpp_pr2
                0x0000000020000948                _Unwind_VRS_Pop
 .text          0x0000000020000bc4      0x144 /usr/lib/gcc/arm-none-eabi/9.2.1/thumb/v6-m/nofp/libgcc.a(libunwind.o)
                0x0000000020000bc4                __restore_core_regs
                0x0000000020000bc4                restore_core_regs
                0x0000000020000bf0                __gnu_Unwind_Restore_VFP
                0x0000000020000bf4                __gnu_Unwind_Save_VFP
                0x0000000020000bf8                __gnu_Unwind_Restore_VFP_D
                0x0000000020000bfc                __gnu_Unwind_Save_VFP_D
                0x0000000020000c00                __gnu_Unwind_Restore_VFP_D_16_to_31
                0x0000000020000c04                __gnu_Unwind_Save_VFP_D_16_to_31
                0x0000000020000c08                __gnu_Unwind_Restore_WMMXD
                0x0000000020000c0c                __gnu_Unwind_Save_WMMXD
                0x0000000020000c10                __gnu_Unwind_Restore_WMMXC
                0x0000000020000c14                __gnu_Unwind_Save_WMMXC
                0x0000000020000c18                ___Unwind_RaiseException
                0x0000000020000c18                _Unwind_RaiseException
                0x0000000020000c48                ___Unwind_Resume
                0x0000000020000c48                _Unwind_Resume
                0x0000000020000c78                _Unwind_Resume_or_Rethrow
                0x0000000020000c78                ___Unwind_Resume_or_Rethrow
                0x0000000020000ca8                ___Unwind_ForcedUnwind
                0x0000000020000ca8                _Unwind_ForcedUnwind
                0x0000000020000cd8                _Unwind_Backtrace
                0x0000000020000cd8                ___Unwind_Backtrace
 .text          0x0000000020000d08      0x390 /usr/lib/gcc/arm-none-eabi/9.2.1/thumb/v6-m/nofp/libgcc.a(pr-support.o)
                0x0000000020000d5c                __gnu_unwind_execute
                0x000000002000104c                __gnu_unwind_frame
                0x0000000020001078                _Unwind_GetRegionStart
                0x0000000020001084                _Unwind_GetLanguageSpecificData
 .text.unlikely
                0x0000000020001098        0xc /usr/lib/gcc/arm-none-eabi/9.2.1/thumb/v6-m/nofp/libgcc.a(pr-support.o)
                0x0000000020001098                _Unwind_GetDataRelBase
                0x000000002000109e                _Unwind_GetTextRelBase
 *fill*         0x00000000200010a4        0x4 
 .text.unlikely.__stub
                0x00000000200010a8       0x40 linker stubs
                0x00000000200010e8                . = ALIGN (0x4)
 *(.rodata*)
                0x00000000200010e8                . = ALIGN (0x4)
 *(.data*)
 .data._ZZN6LCDI2C4initEvE7__bi_30
                0x00000000200010e8        0x8 CMakeFiles/lcd_i2c_cpp.dir/lib/lcd_i2c.cpp.obj
 .data.striped_spin_lock_num
                0x00000000200010f0        0x1 CMakeFiles/lcd_i2c_cpp.dir/home/toby001/pico/pico-sdk/src/rp2_common/hardware_sync/sync.c.obj
 *fill*         0x00000000200010f1        0x3 
 .data.default_alarm_pool
                0x00000000200010f4       0x18 CMakeFiles/lcd_i2c_cpp.dir/home/toby001/pico/pico-sdk/src/common/pico_time/time.c.obj
 .data.default_alarm_pool_heap
                0x000000002000110c       0x10 CMakeFiles/lcd_i2c_cpp.dir/home/toby001/pico/pico-sdk/src/common/pico_time/time.c.obj
 .data          0x000000002000111c       0x48 CMakeFiles/lcd_i2c_cpp.dir/home/toby001/pico/pico-sdk/src/rp2_common/hardware_irq/irq_handler_chain.S.obj
                0x000000002000111c                irq_handler_chain_slots
                0x000000002000114c                irq_handler_chain_first_slot
                0x0000000020001156                irq_handler_chain_remove_tail
 *fill*         0x0000000020001164        0xc 
 .data.aeabi_bits_funcs
                0x0000000020001170       0x10 CMakeFiles/lcd_i2c_cpp.dir/home/toby001/pico/pico-sdk/src/rp2_common/pico_bit_ops/bit_ops_aeabi.S.obj
                0x0000000020001170                aeabi_bits_funcs
                0x0000000020001180                aeabi_bits_funcs_end
 .data.aeabi_mem_funcs
                0x0000000020001180       0x10 CMakeFiles/lcd_i2c_cpp.dir/home/toby001/pico/pico-sdk/src/rp2_common/pico_mem_ops/mem_ops_aeabi.S.obj
                0x0000000020001180                aeabi_mem_funcs
                0x0000000020001190                aeabi_mem_funcs_end
 .data.i2c0_inst
                0x0000000020001190        0x8 CMakeFiles/lcd_i2c_cpp.dir/home/toby001/pico/pico-sdk/src/rp2_common/hardware_i2c/i2c.c.obj
                0x0000000020001190                i2c0_inst
 .data.i2c1_inst
                0x0000000020001198        0x8 CMakeFiles/lcd_i2c_cpp.dir/home/toby001/pico/pico-sdk/src/rp2_common/hardware_i2c/i2c.c.obj
                0x0000000020001198                i2c1_inst
 .data._ZN10__cxxabiv120__unexpected_handlerE
                0x00000000200011a0        0x4 /usr/lib/gcc/arm-none-eabi/9.2.1/../../../arm-none-eabi/lib/thumb/v6-m/nofp/libstdc++.a(eh_unex_handler.o)
                0x00000000200011a0                __cxxabiv1::__unexpected_handler
 .data._ZN10__cxxabiv119__terminate_handlerE
                0x00000000200011a4        0x4 /usr/lib/gcc/arm-none-eabi/9.2.1/../../../arm-none-eabi/lib/thumb/v6-m/nofp/libstdc++.a(eh_term_handler.o)
                0x00000000200011a4                __cxxabiv1::__terminate_handler
 .data          0x00000000200011a8      0x430 /usr/lib/gcc/arm-none-eabi/9.2.1/../../../arm-none-eabi/lib/thumb/v6-m/nofp/libc.a(lib_a-impure.o)
                0x00000000200011a8                _impure_ptr
 .data          0x00000000200015d8      0x410 /usr/lib/gcc/arm-none-eabi/9.2.1/../../../arm-none-eabi/lib/thumb/v6-m/nofp/libc.a(lib_a-mallocr.o)
                0x00000000200015d8                __malloc_sbrk_base
                0x00000000200015dc                __malloc_trim_threshold
                0x00000000200015e0                __malloc_av_
                0x00000000200019e8                . = ALIGN (0x4)
 *(.after_data.*)
                0x00000000200019e8                . = ALIGN (0x4)
                0x00000000200019e8                PROVIDE (__mutex_array_start = .)
 *(SORT_BY_NAME(.mutex_array.*))
 *(.mutex_array)
 .mutex_array   0x00000000200019e8        0x8 CMakeFiles/lcd_i2c_cpp.dir/home/toby001/pico/pico-sdk/src/rp2_common/pico_stdio/stdio.c.obj
                0x00000000200019f0                PROVIDE (__mutex_array_end = .)
                0x00000000200019f0                . = ALIGN (0x4)
                0x00000000200019f0                PROVIDE (__preinit_array_start = .)
 *(SORT_BY_NAME(.preinit_array.*))
 .preinit_array.00001
                0x00000000200019f0        0x4 CMakeFiles/lcd_i2c_cpp.dir/home/toby001/pico/pico-sdk/src/rp2_common/pico_mem_ops/mem_ops_aeabi.S.obj
 .preinit_array.00010
                0x00000000200019f4        0x4 CMakeFiles/lcd_i2c_cpp.dir/home/toby001/pico/pico-sdk/src/rp2_common/pico_bit_ops/bit_ops_aeabi.S.obj
 .preinit_array.00020
                0x00000000200019f8        0x4 CMakeFiles/lcd_i2c_cpp.dir/home/toby001/pico/pico-sdk/src/rp2_common/pico_double/double_aeabi.S.obj
 .preinit_array.00020
                0x00000000200019fc        0x4 CMakeFiles/lcd_i2c_cpp.dir/home/toby001/pico/pico-sdk/src/rp2_common/pico_float/float_aeabi.S.obj
 *(.preinit_array)
                0x0000000020001a00                PROVIDE (__preinit_array_end = .)
                0x0000000020001a00                . = ALIGN (0x4)
                0x0000000020001a00                PROVIDE (__init_array_start = .)
 *(SORT_BY_NAME(.init_array.*))
 *(.init_array)
 .init_array    0x0000000020001a00        0x4 /usr/lib/gcc/arm-none-eabi/9.2.1/thumb/v6-m/nofp/crtbegin.o
 .init_array    0x0000000020001a04        0x4 /usr/lib/gcc/arm-none-eabi/9.2.1/../../../arm-none-eabi/lib/thumb/v6-m/nofp/libstdc++.a(eh_alloc.o)
                0x0000000020001a08                PROVIDE (__init_array_end = .)
                0x0000000020001a08                . = ALIGN (0x4)
                0x0000000020001a08                PROVIDE (__fini_array_start = .)
 *(SORT_BY_NAME(.fini_array.*))
 *(.fini_array)
                0x0000000020001a08                PROVIDE (__fini_array_end = .)
 *(.jcr)
                0x0000000020001a08                . = ALIGN (0x4)
                0x0000000020001a08                __data_end__ = .

.tm_clone_table
                0x0000000020001a08        0x0 load address 0x0000000010006298
 .tm_clone_table
                0x0000000020001a08        0x0 /usr/lib/gcc/arm-none-eabi/9.2.1/thumb/v6-m/nofp/crtbegin.o
 .tm_clone_table
                0x0000000020001a08        0x0 /usr/lib/gcc/arm-none-eabi/9.2.1/thumb/v6-m/nofp/crtend.o

.igot.plt       0x0000000020001a08        0x0 load address 0x0000000010006298
 .igot.plt      0x0000000020001a08        0x0 /usr/lib/gcc/arm-none-eabi/9.2.1/thumb/v6-m/nofp/crtbegin.o

.uninitialized_data
                0x0000000020001a08        0x0 load address 0x0000000010006298
                0x0000000020001a08                . = ALIGN (0x4)
 *(.uninitialized_data*)

.scratch_x      0x0000000020040000        0x0 load address 0x0000000010006298
                0x0000000020040000                __scratch_x_start__ = .
 *(.scratch_x.*)
                0x0000000020040000                . = ALIGN (0x4)
                0x0000000020040000                __scratch_x_end__ = .
                0x0000000010006298                __scratch_x_source__ = LOADADDR (.scratch_x)

.scratch_y      0x0000000020041000        0x0 load address 0x0000000010006298
                0x0000000020041000                __scratch_y_start__ = .
 *(.scratch_y.*)
                0x0000000020041000                . = ALIGN (0x4)
                0x0000000020041000                __scratch_y_end__ = .
                0x0000000010006298                __scratch_y_source__ = LOADADDR (.scratch_y)

.bss            0x0000000020001a08      0x424
                0x0000000020001a08                . = ALIGN (0x4)
                0x0000000020001a08                __bss_start__ = .
 *(SORT_BY_ALIGNMENT(SORT_BY_NAME(.bss*)))
 .bss.default_alarm_pool_entries
                0x0000000020001a08      0x100 CMakeFiles/lcd_i2c_cpp.dir/home/toby001/pico/pico-sdk/src/common/pico_time/time.c.obj
 .bss           0x0000000020001b08       0x1c /usr/lib/gcc/arm-none-eabi/9.2.1/thumb/v6-m/nofp/crtbegin.o
 .bss           0x0000000020001b24       0x34 /usr/lib/gcc/arm-none-eabi/9.2.1/../../../arm-none-eabi/lib/thumb/v6-m/nofp/libc.a(lib_a-mallocr.o)
                0x0000000020001b24                __malloc_top_pad
                0x0000000020001b28                __malloc_current_mallinfo
                0x0000000020001b50                __malloc_max_sbrked_mem
                0x0000000020001b54                __malloc_max_total_mem
 .bss._ZGVZN6LCDI2C4initEvE7__bi_30
                0x0000000020001b58        0x4 CMakeFiles/lcd_i2c_cpp.dir/lib/lcd_i2c.cpp.obj
 .bss._ZL10eh_globals
                0x0000000020001b5c        0xc /usr/lib/gcc/arm-none-eabi/9.2.1/../../../arm-none-eabi/lib/thumb/v6-m/nofp/libstdc++.a(eh_globals.o)
 .bss._ZN12_GLOBAL__N_114emergency_poolE
                0x0000000020001b68       0x10 /usr/lib/gcc/arm-none-eabi/9.2.1/../../../arm-none-eabi/lib/thumb/v6-m/nofp/libstdc++.a(eh_alloc.o)
 .bss.alarm_callbacks
                0x0000000020001b78       0x10 CMakeFiles/lcd_i2c_cpp.dir/home/toby001/pico/pico-sdk/src/rp2_common/hardware_timer/timer.c.obj
 .bss.configured_freq
                0x0000000020001b88       0x28 CMakeFiles/lcd_i2c_cpp.dir/home/toby001/pico/pico-sdk/src/rp2_common/hardware_clocks/clocks.c.obj
 .bss.default_alarm_pool_entry_ids_high
                0x0000000020001bb0       0x10 CMakeFiles/lcd_i2c_cpp.dir/home/toby001/pico/pico-sdk/src/common/pico_time/time.c.obj
 .bss.default_alarm_pool_heap_nodes
                0x0000000020001bc0       0x30 CMakeFiles/lcd_i2c_cpp.dir/home/toby001/pico/pico-sdk/src/common/pico_time/time.c.obj
 .bss.drivers   0x0000000020001bf0        0x4 CMakeFiles/lcd_i2c_cpp.dir/home/toby001/pico/pico-sdk/src/rp2_common/pico_stdio/stdio.c.obj
 .bss.filter    0x0000000020001bf4        0x4 CMakeFiles/lcd_i2c_cpp.dir/home/toby001/pico/pico-sdk/src/rp2_common/pico_stdio/stdio.c.obj
 .bss.heap_end.5799
                0x0000000020001bf8        0x4 CMakeFiles/lcd_i2c_cpp.dir/home/toby001/pico/pico-sdk/src/rp2_common/pico_runtime/runtime.c.obj
 .bss.lazy_vsnprintf
                0x0000000020001bfc        0x4 CMakeFiles/lcd_i2c_cpp.dir/home/toby001/pico/pico-sdk/src/rp2_common/pico_printf/printf.c.obj
 .bss.pools     0x0000000020001c00       0x10 CMakeFiles/lcd_i2c_cpp.dir/home/toby001/pico/pico-sdk/src/common/pico_time/time.c.obj
 .bss.target_hi
                0x0000000020001c10       0x10 CMakeFiles/lcd_i2c_cpp.dir/home/toby001/pico/pico-sdk/src/rp2_common/hardware_timer/timer.c.obj
 .bss.claimed   0x0000000020001c20        0x1 CMakeFiles/lcd_i2c_cpp.dir/home/toby001/pico/pico-sdk/src/rp2_common/hardware_timer/timer.c.obj
 .bss.irq_hander_chain_free_slot_head
                0x0000000020001c21        0x1 CMakeFiles/lcd_i2c_cpp.dir/home/toby001/pico/pico-sdk/src/rp2_common/hardware_irq/irq.c.obj
 .bss.timer_callbacks_pending
                0x0000000020001c22        0x1 CMakeFiles/lcd_i2c_cpp.dir/home/toby001/pico/pico-sdk/src/rp2_common/hardware_timer/timer.c.obj
 *(COMMON)
 *fill*         0x0000000020001c23        0x1 
 COMMON         0x0000000020001c24      0x100 CMakeFiles/lcd_i2c_cpp.dir/home/toby001/pico/pico-sdk/src/rp2_common/pico_double/double_init_rom.c.obj
                0x0000000020001c24                sd_table
 COMMON         0x0000000020001d24      0x104 CMakeFiles/lcd_i2c_cpp.dir/home/toby001/pico/pico-sdk/src/rp2_common/pico_float/float_init_rom.c.obj
                0x0000000020001d24                sf_table
                0x0000000020001e24                sf_clz_func
 COMMON         0x0000000020001e28        0x4 /usr/lib/gcc/arm-none-eabi/9.2.1/../../../arm-none-eabi/lib/thumb/v6-m/nofp/libc.a(lib_a-reent.o)
                0x0000000020001e28                errno
                0x0000000020001e2c                . = ALIGN (0x4)
                0x0000000020001e2c                __bss_end__ = .

.heap           0x0000000020001e2c      0x800
                0x0000000020001e2c                __end__ = .
                0x0000000020001e2c                end = __end__
 *(.heap*)
 .heap          0x0000000020001e2c      0x800 CMakeFiles/lcd_i2c_cpp.dir/home/toby001/pico/pico-sdk/src/rp2_common/pico_standard_link/crt0.S.obj
                0x000000002000262c                __HeapLimit = .

.stack1_dummy   0x0000000020040000        0x0
 *(.stack1*)

.stack_dummy    0x0000000020041000      0x800
 *(.stack*)
 .stack         0x0000000020041000      0x800 CMakeFiles/lcd_i2c_cpp.dir/home/toby001/pico/pico-sdk/src/rp2_common/pico_standard_link/crt0.S.obj

.flash_end      0x0000000010006298        0x0
                0x0000000010006298                __flash_binary_end = .
                0x0000000020040000                __StackLimit = (ORIGIN (RAM) + LENGTH (RAM))
                0x0000000020041000                __StackOneTop = (ORIGIN (SCRATCH_X) + LENGTH (SCRATCH_X))
                0x0000000020042000                __StackTop = (ORIGIN (SCRATCH_Y) + LENGTH (SCRATCH_Y))
                0x0000000020041000                __StackOneBottom = (__StackOneTop - SIZEOF (.stack1_dummy))
                0x0000000020041800                __StackBottom = (__StackTop - SIZEOF (.stack_dummy))
                0x0000000020042000                PROVIDE (__stack = __StackTop)
                0x0000000000000001                ASSERT ((__StackLimit >= __HeapLimit), region RAM overflowed)
                0x0000000000000001                ASSERT (((__binary_info_header_end - __logical_binary_start) <= 0x100), Binary info must be in first 256 bytes of the binary)
LOAD CMakeFiles/lcd_i2c_cpp.dir/lcd_i2c_quotes.cpp.obj
LOAD CMakeFiles/lcd_i2c_cpp.dir/lib/lcd_i2c.cpp.obj
LOAD CMakeFiles/lcd_i2c_cpp.dir/home/toby001/pico/pico-sdk/src/rp2_common/pico_stdlib/stdlib.c.obj
LOAD CMakeFiles/lcd_i2c_cpp.dir/home/toby001/pico/pico-sdk/src/rp2_common/hardware_gpio/gpio.c.obj
LOAD CMakeFiles/lcd_i2c_cpp.dir/home/toby001/pico/pico-sdk/src/rp2_common/hardware_claim/claim.c.obj
LOAD CMakeFiles/lcd_i2c_cpp.dir/home/toby001/pico/pico-sdk/src/rp2_common/hardware_sync/sync.c.obj
LOAD CMakeFiles/lcd_i2c_cpp.dir/home/toby001/pico/pico-sdk/src/rp2_common/pico_platform/platform.c.obj
LOAD CMakeFiles/lcd_i2c_cpp.dir/home/toby001/pico/pico-sdk/src/rp2_common/hardware_uart/uart.c.obj
LOAD CMakeFiles/lcd_i2c_cpp.dir/home/toby001/pico/pico-sdk/src/rp2_common/hardware_divider/divider.S.obj
LOAD CMakeFiles/lcd_i2c_cpp.dir/home/toby001/pico/pico-sdk/src/common/pico_time/time.c.obj
LOAD CMakeFiles/lcd_i2c_cpp.dir/home/toby001/pico/pico-sdk/src/common/pico_time/timeout_helper.c.obj
LOAD CMakeFiles/lcd_i2c_cpp.dir/home/toby001/pico/pico-sdk/src/rp2_common/hardware_timer/timer.c.obj
LOAD CMakeFiles/lcd_i2c_cpp.dir/home/toby001/pico/pico-sdk/src/common/pico_sync/sem.c.obj
LOAD CMakeFiles/lcd_i2c_cpp.dir/home/toby001/pico/pico-sdk/src/common/pico_sync/lock_core.c.obj
LOAD CMakeFiles/lcd_i2c_cpp.dir/home/toby001/pico/pico-sdk/src/common/pico_sync/mutex.c.obj
LOAD CMakeFiles/lcd_i2c_cpp.dir/home/toby001/pico/pico-sdk/src/common/pico_sync/critical_section.c.obj
LOAD CMakeFiles/lcd_i2c_cpp.dir/home/toby001/pico/pico-sdk/src/common/pico_util/datetime.c.obj
LOAD CMakeFiles/lcd_i2c_cpp.dir/home/toby001/pico/pico-sdk/src/common/pico_util/pheap.c.obj
LOAD CMakeFiles/lcd_i2c_cpp.dir/home/toby001/pico/pico-sdk/src/common/pico_util/queue.c.obj
LOAD CMakeFiles/lcd_i2c_cpp.dir/home/toby001/pico/pico-sdk/src/rp2_common/pico_runtime/runtime.c.obj
LOAD CMakeFiles/lcd_i2c_cpp.dir/home/toby001/pico/pico-sdk/src/rp2_common/hardware_clocks/clocks.c.obj
LOAD CMakeFiles/lcd_i2c_cpp.dir/home/toby001/pico/pico-sdk/src/rp2_common/hardware_watchdog/watchdog.c.obj
LOAD CMakeFiles/lcd_i2c_cpp.dir/home/toby001/pico/pico-sdk/src/rp2_common/hardware_xosc/xosc.c.obj
LOAD CMakeFiles/lcd_i2c_cpp.dir/home/toby001/pico/pico-sdk/src/rp2_common/hardware_pll/pll.c.obj
LOAD CMakeFiles/lcd_i2c_cpp.dir/home/toby001/pico/pico-sdk/src/rp2_common/hardware_vreg/vreg.c.obj
LOAD CMakeFiles/lcd_i2c_cpp.dir/home/toby001/pico/pico-sdk/src/rp2_common/hardware_irq/irq.c.obj
LOAD CMakeFiles/lcd_i2c_cpp.dir/home/toby001/pico/pico-sdk/src/rp2_common/hardware_irq/irq_handler_chain.S.obj
LOAD CMakeFiles/lcd_i2c_cpp.dir/home/toby001/pico/pico-sdk/src/rp2_common/pico_printf/printf.c.obj
LOAD CMakeFiles/lcd_i2c_cpp.dir/home/toby001/pico/pico-sdk/src/rp2_common/pico_bit_ops/bit_ops_aeabi.S.obj
LOAD CMakeFiles/lcd_i2c_cpp.dir/home/toby001/pico/pico-sdk/src/rp2_common/pico_bootrom/bootrom.c.obj
LOAD CMakeFiles/lcd_i2c_cpp.dir/home/toby001/pico/pico-sdk/src/rp2_common/pico_divider/divider.S.obj
LOAD CMakeFiles/lcd_i2c_cpp.dir/home/toby001/pico/pico-sdk/src/rp2_common/pico_double/double_aeabi.S.obj
LOAD CMakeFiles/lcd_i2c_cpp.dir/home/toby001/pico/pico-sdk/src/rp2_common/pico_double/double_init_rom.c.obj
LOAD CMakeFiles/lcd_i2c_cpp.dir/home/toby001/pico/pico-sdk/src/rp2_common/pico_double/double_math.c.obj
LOAD CMakeFiles/lcd_i2c_cpp.dir/home/toby001/pico/pico-sdk/src/rp2_common/pico_double/double_v1_rom_shim.S.obj
LOAD CMakeFiles/lcd_i2c_cpp.dir/home/toby001/pico/pico-sdk/src/rp2_common/pico_int64_ops/pico_int64_ops_aeabi.S.obj
LOAD CMakeFiles/lcd_i2c_cpp.dir/home/toby001/pico/pico-sdk/src/rp2_common/pico_float/float_aeabi.S.obj
LOAD CMakeFiles/lcd_i2c_cpp.dir/home/toby001/pico/pico-sdk/src/rp2_common/pico_float/float_init_rom.c.obj
LOAD CMakeFiles/lcd_i2c_cpp.dir/home/toby001/pico/pico-sdk/src/rp2_common/pico_float/float_math.c.obj
LOAD CMakeFiles/lcd_i2c_cpp.dir/home/toby001/pico/pico-sdk/src/rp2_common/pico_float/float_v1_rom_shim.S.obj
LOAD CMakeFiles/lcd_i2c_cpp.dir/home/toby001/pico/pico-sdk/src/rp2_common/pico_malloc/pico_malloc.c.obj
LOAD CMakeFiles/lcd_i2c_cpp.dir/home/toby001/pico/pico-sdk/src/rp2_common/pico_mem_ops/mem_ops_aeabi.S.obj
LOAD CMakeFiles/lcd_i2c_cpp.dir/home/toby001/pico/pico-sdk/src/rp2_common/pico_standard_link/crt0.S.obj
LOAD CMakeFiles/lcd_i2c_cpp.dir/home/toby001/pico/pico-sdk/src/rp2_common/pico_standard_link/new_delete.cpp.obj
LOAD CMakeFiles/lcd_i2c_cpp.dir/home/toby001/pico/pico-sdk/src/rp2_common/pico_standard_link/binary_info.c.obj
LOAD CMakeFiles/lcd_i2c_cpp.dir/home/toby001/pico/pico-sdk/src/rp2_common/pico_stdio/stdio.c.obj
LOAD CMakeFiles/lcd_i2c_cpp.dir/home/toby001/pico/pico-sdk/src/rp2_common/pico_stdio_uart/stdio_uart.c.obj
LOAD CMakeFiles/lcd_i2c_cpp.dir/home/toby001/pico/pico-sdk/src/rp2_common/pico_stdio_usb/reset_interface.c.obj
LOAD CMakeFiles/lcd_i2c_cpp.dir/home/toby001/pico/pico-sdk/src/rp2_common/pico_stdio_usb/stdio_usb.c.obj
LOAD CMakeFiles/lcd_i2c_cpp.dir/home/toby001/pico/pico-sdk/src/rp2_common/pico_stdio_usb/stdio_usb_descriptors.c.obj