Archive member included to satisfy reference by file (symbol)

/usr/lib/gcc/arm-none-eabi/9.2.1/thumb/v6-m/nofp/libgcc.a(_dvmd_tls.o)
                              CMakeFiles/Simple_Serial_Read.dir/home/toby001/Documents/Pico_MIO/pico-sdk/src/rp2_common/pico_divider/divider.S.obj (__aeabi_idiv0)
/usr/lib/gcc/arm-none-eabi/9.2.1/../../../arm-none-eabi/lib/thumb/v6-m/nofp/libg.a(lib_a-atexit.o)
                              /usr/lib/gcc/arm-none-eabi/9.2.1/../../../arm-none-eabi/lib/thumb/v6-m/nofp/crt0.o (atexit)
/usr/lib/gcc/arm-none-eabi/9.2.1/../../../arm-none-eabi/lib/thumb/v6-m/nofp/libg.a(lib_a-atoi.o)
                              CMakeFiles/Simple_Serial_Read.dir/serial_read.c.obj (atoi)
/usr/lib/gcc/arm-none-eabi/9.2.1/../../../arm-none-eabi/lib/thumb/v6-m/nofp/libg.a(lib_a-calloc.o)
                              CMakeFiles/Simple_Serial_Read.dir/home/toby001/Documents/Pico_MIO/pico-sdk/src/rp2_common/pico_malloc/pico_malloc.c.obj (calloc)
/usr/lib/gcc/arm-none-eabi/9.2.1/../../../arm-none-eabi/lib/thumb/v6-m/nofp/libg.a(lib_a-callocr.o)
                              /usr/lib/gcc/arm-none-eabi/9.2.1/../../../arm-none-eabi/lib/thumb/v6-m/nofp/libg.a(lib_a-calloc.o) (_calloc_r)
/usr/lib/gcc/arm-none-eabi/9.2.1/../../../arm-none-eabi/lib/thumb/v6-m/nofp/libg.a(lib_a-ctype_.o)
                              CMakeFiles/Simple_Serial_Read.dir/home/toby001/Documents/Pico_MIO/pico-sdk/lib/tinyusb/src/tusb.c.obj (_ctype_)
/usr/lib/gcc/arm-none-eabi/9.2.1/../../../arm-none-eabi/lib/thumb/v6-m/nofp/libg.a(lib_a-fini.o)
                              /usr/lib/gcc/arm-none-eabi/9.2.1/../../../arm-none-eabi/lib/thumb/v6-m/nofp/crt0.o (__libc_fini_array)
/usr/lib/gcc/arm-none-eabi/9.2.1/../../../arm-none-eabi/lib/thumb/v6-m/nofp/libg.a(lib_a-impure.o)
                              /usr/lib/gcc/arm-none-eabi/9.2.1/../../../arm-none-eabi/lib/thumb/v6-m/nofp/libg.a(lib_a-calloc.o) (_impure_ptr)
/usr/lib/gcc/arm-none-eabi/9.2.1/../../../arm-none-eabi/lib/thumb/v6-m/nofp/libg.a(lib_a-init.o)
                              /usr/lib/gcc/arm-none-eabi/9.2.1/../../../arm-none-eabi/lib/thumb/v6-m/nofp/crt0.o (__libc_init_array)
/usr/lib/gcc/arm-none-eabi/9.2.1/../../../arm-none-eabi/lib/thumb/v6-m/nofp/libg.a(lib_a-malloc.o)
                              CMakeFiles/Simple_Serial_Read.dir/home/toby001/Documents/Pico_MIO/pico-sdk/src/rp2_common/pico_malloc/pico_malloc.c.obj (malloc)
/usr/lib/gcc/arm-none-eabi/9.2.1/../../../arm-none-eabi/lib/thumb/v6-m/nofp/libg.a(lib_a-mallocr.o)
                              /usr/lib/gcc/arm-none-eabi/9.2.1/../../../arm-none-eabi/lib/thumb/v6-m/nofp/libg.a(lib_a-callocr.o) (_malloc_r)
/usr/lib/gcc/arm-none-eabi/9.2.1/../../../arm-none-eabi/lib/thumb/v6-m/nofp/libg.a(lib_a-mlock.o)
                              /usr/lib/gcc/arm-none-eabi/9.2.1/../../../arm-none-eabi/lib/thumb/v6-m/nofp/libg.a(lib_a-mallocr.o) (__malloc_lock)
/usr/lib/gcc/arm-none-eabi/9.2.1/../../../arm-none-eabi/lib/thumb/v6-m/nofp/libg.a(lib_a-sbrkr.o)
                              /usr/lib/gcc/arm-none-eabi/9.2.1/../../../arm-none-eabi/lib/thumb/v6-m/nofp/libg.a(lib_a-mallocr.o) (_sbrk_r)
/usr/lib/gcc/arm-none-eabi/9.2.1/../../../arm-none-eabi/lib/thumb/v6-m/nofp/libg.a(lib_a-strlen-stub.o)
                              CMakeFiles/Simple_Serial_Read.dir/home/toby001/Documents/Pico_MIO/pico-sdk/src/rp2_common/pico_stdio/stdio.c.obj (strlen)
/usr/lib/gcc/arm-none-eabi/9.2.1/../../../arm-none-eabi/lib/thumb/v6-m/nofp/libg.a(lib_a-strtol.o)
                              /usr/lib/gcc/arm-none-eabi/9.2.1/../../../arm-none-eabi/lib/thumb/v6-m/nofp/libg.a(lib_a-atoi.o) (_strtol_r)
/usr/lib/gcc/arm-none-eabi/9.2.1/../../../arm-none-eabi/lib/thumb/v6-m/nofp/libg.a(lib_a-__atexit.o)
                              /usr/lib/gcc/arm-none-eabi/9.2.1/../../../arm-none-eabi/lib/thumb/v6-m/nofp/libg.a(lib_a-atexit.o) (__register_exitproc)
/usr/lib/gcc/arm-none-eabi/9.2.1/../../../arm-none-eabi/lib/thumb/v6-m/nofp/libg.a(lib_a-errno.o)
                              /usr/lib/gcc/arm-none-eabi/9.2.1/../../../arm-none-eabi/lib/thumb/v6-m/nofp/libg.a(lib_a-strtol.o) (__errno)
/usr/lib/gcc/arm-none-eabi/9.2.1/../../../arm-none-eabi/lib/thumb/v6-m/nofp/libg.a(lib_a-freer.o)
                              /usr/lib/gcc/arm-none-eabi/9.2.1/../../../arm-none-eabi/lib/thumb/v6-m/nofp/libg.a(lib_a-malloc.o) (_free_r)
/usr/lib/gcc/arm-none-eabi/9.2.1/../../../arm-none-eabi/lib/thumb/v6-m/nofp/libg.a(lib_a-reent.o)
                              /usr/lib/gcc/arm-none-eabi/9.2.1/../../../arm-none-eabi/lib/thumb/v6-m/nofp/libg.a(lib_a-sbrkr.o) (errno)

Allocating common symbols
Common symbol       size              file

sf_table            0x100             CMakeFiles/Simple_Serial_Read.dir/home/toby001/Documents/Pico_MIO/pico-sdk/src/rp2_common/pico_float/float_init_rom.c.obj
errno               0x4               /usr/lib/gcc/arm-none-eabi/9.2.1/../../../arm-none-eabi/lib/thumb/v6-m/nofp/libg.a(lib_a-reent.o)
[...]
Memory Configuration

Name             Origin             Length             Attributes
FLASH            0x0000000010000000 0x0000000000200000 xr
RAM              0x0000000020000000 0x0000000000040000 xrw
SCRATCH_X        0x0000000020040000 0x0000000000001000 xrw
SCRATCH_Y        0x0000000020041000 0x0000000000001000 xrw
*default*        0x0000000000000000 0xffffffffffffffff

Linker script and memory map

LOAD /usr/lib/gcc/arm-none-eabi/9.2.1/thumb/v6-m/nofp/crti.o
LOAD /usr/lib/gcc/arm-none-eabi/9.2.1/thumb/v6-m/nofp/crtbegin.o
LOAD /usr/lib/gcc/arm-none-eabi/9.2.1/../../../arm-none-eabi/lib/thumb/v6-m/nofp/crt0.o

.flash_begin    0x0000000010000000        0x0
                0x0000000010000000                __flash_binary_start = .

.boot2          0x0000000010000000      0x100
                0x0000000010000000                __boot2_start__ = .
 *(.boot2)
 .boot2         0x0000000010000000      0x100 /tmp/cctAWMXe.o
                0x0000000010000100                __boot2_end__ = .
                0x0000000000000001                ASSERT (((__boot2_end__ - __boot2_start__) == 0x100), ERROR: Pico second stage bootloader must be 256 bytes in size)

.text           0x0000000010000100     0x74e8
                0x0000000010000100                __logical_binary_start = .
 *(.vectors)
 .vectors       0x0000000010000100       0xd4 CMakeFiles/Simple_Serial_Read.dir/home/toby001/Documents/Pico_MIO/pico-sdk/src/rp2_common/pico_standard_link/crt0.S.obj
                0x0000000010000100                __vectors
                0x00000000100001c0                isr_invalid
                0x00000000100001c2                isr_nmi
                0x00000000100001c4                isr_hardfault
                0x00000000100001c6                isr_svcall
                0x00000000100001c8                isr_pendsv
                0x00000000100001ca                isr_systick
                0x00000000100001cc                isr_irq30
                0x00000000100001cc                __unhandled_user_irq
                0x00000000100001cc                isr_irq13
                0x00000000100001cc                isr_irq27
                0x00000000100001cc                isr_irq31
                0x00000000100001cc                isr_irq5
                0x00000000100001cc                isr_irq11
                0x00000000100001cc                isr_irq23
                0x00000000100001cc                isr_irq18
                0x00000000100001cc                isr_irq28
                0x00000000100001cc                isr_irq19
                0x00000000100001cc                isr_irq0
                0x00000000100001cc                isr_irq6
                0x00000000100001cc                isr_irq22
                0x00000000100001cc                isr_irq17
                0x00000000100001cc                isr_irq14
                0x00000000100001cc                isr_irq2
                0x00000000100001cc                isr_irq10
                0x00000000100001cc                isr_irq8
                0x00000000100001cc                isr_irq24
                0x00000000100001cc                isr_irq1
                0x00000000100001cc                isr_irq7
                0x00000000100001cc                isr_irq21
                0x00000000100001cc                isr_irq20
                0x00000000100001cc                isr_irq15
                0x00000000100001cc                isr_irq25
                0x00000000100001cc                isr_irq4
                0x00000000100001cc                isr_irq16
                0x00000000100001cc                isr_irq29
                0x00000000100001cc                isr_irq26
                0x00000000100001cc                isr_irq3
                0x00000000100001cc                isr_irq12
                0x00000000100001cc                isr_irq9
                0x00000000100001d2                unhandled_user_irq_num_in_r0
 *(.binary_info_header)
 .binary_info_header
                0x00000000100001d4       0x14 CMakeFiles/Simple_Serial_Read.dir/home/toby001/Documents/Pico_MIO/pico-sdk/src/rp2_common/pico_standard_link/crt0.S.obj
                0x00000000100001e8                __binary_info_header_end = .
 *(.reset)
 .reset         0x00000000100001e8       0xa8 CMakeFiles/Simple_Serial_Read.dir/home/toby001/Documents/Pico_MIO/pico-sdk/src/rp2_common/pico_standard_link/crt0.S.obj
                0x00000000100001e8                _entry_point
                0x0000000010000266                __get_current_exception
 .reset         0x0000000010000290       0x30 CMakeFiles/Simple_Serial_Read.dir/home/toby001/Documents/Pico_MIO/pico-sdk/src/rp2_common/pico_standard_link/binary_info.c.obj
 *(.init)
 .init          0x00000000100002c0        0x4 /usr/lib/gcc/arm-none-eabi/9.2.1/thumb/v6-m/nofp/crti.o
                0x00000000100002c0                _init
 *(EXCLUDE_FILE(*libm.a: *libc.a:*lib_a-mem*.o *libgcc.a:) .text*)
 .text          0x00000000100002c4       0x98 /usr/lib/gcc/arm-none-eabi/9.2.1/thumb/v6-m/nofp/crtbegin.o
 .text.toggle_led
                0x000000001000035c       0x44 CMakeFiles/Simple_Serial_Read.dir/serial_read.c.obj
                0x000000001000035c                toggle_led
 .text.getmetheValue
                0x00000000100003a0       0xac CMakeFiles/Simple_Serial_Read.dir/serial_read.c.obj
                0x00000000100003a0                getmetheValue
 .text.main     0x000000001000044c      0x110 CMakeFiles/Simple_Serial_Read.dir/serial_read.c.obj
                0x000000001000044c                main
 .text.gpio_set_function
                0x000000001000055c       0x30 CMakeFiles/Simple_Serial_Read.dir/home/toby001/Documents/Pico_MIO/pico-sdk/src/rp2_common/hardware_gpio/gpio.c.obj
                0x000000001000055c                gpio_set_function
 .text.gpio_init
                0x000000001000058c       0x16 CMakeFiles/Simple_Serial_Read.dir/home/toby001/Documents/Pico_MIO/pico-sdk/src/rp2_common/hardware_gpio/gpio.c.obj
                0x000000001000058c                gpio_init
 *fill*         0x00000000100005a2        0x2 
 .text.hw_claim_lock
                0x00000000100005a4       0x18 CMakeFiles/Simple_Serial_Read.dir/home/toby001/Documents/Pico_MIO/pico-sdk/src/rp2_common/hardware_claim/claim.c.obj
                0x00000000100005a4                hw_claim_lock
 .text.hw_claim_unlock
                0x00000000100005bc       0x14 CMakeFiles/Simple_Serial_Read.dir/home/toby001/Documents/Pico_MIO/pico-sdk/src/rp2_common/hardware_claim/claim.c.obj
                0x00000000100005bc                hw_claim_unlock
 .text.hw_claim_or_assert
                0x00000000100005d0       0x34 CMakeFiles/Simple_Serial_Read.dir/home/toby001/Documents/Pico_MIO/pico-sdk/src/rp2_common/hardware_claim/claim.c.obj
                0x00000000100005d0                hw_claim_or_assert
 .text.hw_claim_unused_from_range
                0x0000000010000604       0x56 CMakeFiles/Simple_Serial_Read.dir/home/toby001/Documents/Pico_MIO/pico-sdk/src/rp2_common/hardware_claim/claim.c.obj
                0x0000000010000604                hw_claim_unused_from_range
 *fill*         0x000000001000065a        0x2 
 .text.spin_locks_reset
                0x000000001000065c       0x20 CMakeFiles/Simple_Serial_Read.dir/home/toby001/Documents/Pico_MIO/pico-sdk/src/rp2_common/hardware_sync/sync.c.obj
                0x000000001000065c                spin_locks_reset
 .text.next_striped_spin_lock_num
                0x000000001000067c       0x1c CMakeFiles/Simple_Serial_Read.dir/home/toby001/Documents/Pico_MIO/pico-sdk/src/rp2_common/hardware_sync/sync.c.obj
                0x000000001000067c                next_striped_spin_lock_num
 .text.spin_lock_claim_unused
                0x0000000010000698       0x20 CMakeFiles/Simple_Serial_Read.dir/home/toby001/Documents/Pico_MIO/pico-sdk/src/rp2_common/hardware_sync/sync.c.obj
                0x0000000010000698                spin_lock_claim_unused
 .text.running_on_fpga
                0x00000000100006b8       0x14 CMakeFiles/Simple_Serial_Read.dir/home/toby001/Documents/Pico_MIO/pico-sdk/src/rp2_common/pico_platform/platform.c.obj
                0x00000000100006b8                running_on_fpga
 .text.uart_set_baudrate
                0x00000000100006cc       0x64 CMakeFiles/Simple_Serial_Read.dir/home/toby001/Documents/Pico_MIO/pico-sdk/src/rp2_common/hardware_uart/uart.c.obj
                0x00000000100006cc                uart_set_baudrate
 .text.uart_set_translate_crlf
                0x0000000010000730       0x28 CMakeFiles/Simple_Serial_Read.dir/home/toby001/Documents/Pico_MIO/pico-sdk/src/rp2_common/hardware_uart/uart.c.obj
                0x0000000010000730                uart_set_translate_crlf
 .text.uart_init
                0x0000000010000758       0x80 CMakeFiles/Simple_Serial_Read.dir/home/toby001/Documents/Pico_MIO/pico-sdk/src/rp2_common/hardware_uart/uart.c.obj
                0x0000000010000758                uart_init
 .text.sev_callback
                0x00000000100007d8        0x8 CMakeFiles/Simple_Serial_Read.dir/home/toby001/Documents/Pico_MIO/pico-sdk/src/common/pico_time/time.c.obj
 .text.timer_pool_entry_comparator
                0x00000000100007e0       0x7c CMakeFiles/Simple_Serial_Read.dir/home/toby001/Documents/Pico_MIO/pico-sdk/src/common/pico_time/time.c.obj
                0x00000000100007e0                timer_pool_entry_comparator
 .text.ph_add_child_node
                0x000000001000085c       0xa4 CMakeFiles/Simple_Serial_Read.dir/home/toby001/Documents/Pico_MIO/pico-sdk/src/common/pico_time/time.c.obj
 .text.ph_merge_nodes
                0x0000000010000900       0x3e CMakeFiles/Simple_Serial_Read.dir/home/toby001/Documents/Pico_MIO/pico-sdk/src/common/pico_time/time.c.obj
 *fill*         0x000000001000093e        0x2 
 .text.add_alarm_under_lock
                0x0000000010000940      0x178 CMakeFiles/Simple_Serial_Read.dir/home/toby001/Documents/Pico_MIO/pico-sdk/src/common/pico_time/time.c.obj
 .text.alarm_pool_alarm_callback
                0x0000000010000ab8      0x2e8 CMakeFiles/Simple_Serial_Read.dir/home/toby001/Documents/Pico_MIO/pico-sdk/src/common/pico_time/time.c.obj
 .text.alarm_pool_get_default
                0x0000000010000da0       0x28 CMakeFiles/Simple_Serial_Read.dir/home/toby001/Documents/Pico_MIO/pico-sdk/src/common/pico_time/time.c.obj
                0x0000000010000da0                alarm_pool_get_default
 .text.alarm_pool_create
                0x0000000010000dc8       0x6c CMakeFiles/Simple_Serial_Read.dir/home/toby001/Documents/Pico_MIO/pico-sdk/src/common/pico_time/time.c.obj
                0x0000000010000dc8                alarm_pool_create
 .text.alarm_pool_init_default
                0x0000000010000e34       0x20 CMakeFiles/Simple_Serial_Read.dir/home/toby001/Documents/Pico_MIO/pico-sdk/src/common/pico_time/time.c.obj
                0x0000000010000e34                alarm_pool_init_default
 .text.alarm_pool_add_alarm_at
                0x0000000010000e54      0x12c CMakeFiles/Simple_Serial_Read.dir/home/toby001/Documents/Pico_MIO/pico-sdk/src/common/pico_time/time.c.obj
                0x0000000010000e54                alarm_pool_add_alarm_at
 .text.alarm_pool_cancel_alarm
                0x0000000010000f80       0xec CMakeFiles/Simple_Serial_Read.dir/home/toby001/Documents/Pico_MIO/pico-sdk/src/common/pico_time/time.c.obj
                0x0000000010000f80                alarm_pool_cancel_alarm
 .text.sleep_until
                0x000000001000106c       0x94 CMakeFiles/Simple_Serial_Read.dir/home/toby001/Documents/Pico_MIO/pico-sdk/src/common/pico_time/time.c.obj
                0x000000001000106c                sleep_until
 .text.sleep_us
                0x0000000010001100       0x2c CMakeFiles/Simple_Serial_Read.dir/home/toby001/Documents/Pico_MIO/pico-sdk/src/common/pico_time/time.c.obj
                0x0000000010001100                sleep_us
 .text.sleep_ms
                0x000000001000112c       0x14 CMakeFiles/Simple_Serial_Read.dir/home/toby001/Documents/Pico_MIO/pico-sdk/src/common/pico_time/time.c.obj
                0x000000001000112c                sleep_ms
 .text.best_effort_wfe_or_timeout
                0x0000000010001140       0x80 CMakeFiles/Simple_Serial_Read.dir/home/toby001/Documents/Pico_MIO/pico-sdk/src/common/pico_time/time.c.obj
                0x0000000010001140                best_effort_wfe_or_timeout
 .text.hardware_alarm_irq_handler
                0x00000000100011c0       0x8c CMakeFiles/Simple_Serial_Read.dir/home/toby001/Documents/Pico_MIO/pico-sdk/src/rp2_common/hardware_timer/timer.c.obj
 .text.hardware_alarm_claim
                0x000000001000124c       0x18 CMakeFiles/Simple_Serial_Read.dir/home/toby001/Documents/Pico_MIO/pico-sdk/src/rp2_common/hardware_timer/timer.c.obj
                0x000000001000124c                hardware_alarm_claim
 .text.time_us_64
                0x0000000010001264       0x18 CMakeFiles/Simple_Serial_Read.dir/home/toby001/Documents/Pico_MIO/pico-sdk/src/rp2_common/hardware_timer/timer.c.obj
                0x0000000010001264                time_us_64
 .text.busy_wait_until
                0x000000001000127c       0x24 CMakeFiles/Simple_Serial_Read.dir/home/toby001/Documents/Pico_MIO/pico-sdk/src/rp2_common/hardware_timer/timer.c.obj
                0x000000001000127c                busy_wait_until
 .text.hardware_alarm_set_callback
                0x00000000100012a0       0x90 CMakeFiles/Simple_Serial_Read.dir/home/toby001/Documents/Pico_MIO/pico-sdk/src/rp2_common/hardware_timer/timer.c.obj
                0x00000000100012a0                hardware_alarm_set_callback
 .text.hardware_alarm_set_target
                0x0000000010001330       0xd0 CMakeFiles/Simple_Serial_Read.dir/home/toby001/Documents/Pico_MIO/pico-sdk/src/rp2_common/hardware_timer/timer.c.obj
                0x0000000010001330                hardware_alarm_set_target
 .text.hardware_alarm_cancel
                0x0000000010001400       0x40 CMakeFiles/Simple_Serial_Read.dir/home/toby001/Documents/Pico_MIO/pico-sdk/src/rp2_common/hardware_timer/timer.c.obj
                0x0000000010001400                hardware_alarm_cancel
 .text.lock_init
                0x0000000010001440       0x30 CMakeFiles/Simple_Serial_Read.dir/home/toby001/Documents/Pico_MIO/pico-sdk/src/common/pico_sync/lock_core.c.obj
                0x0000000010001440                lock_init
 .text.mutex_init
                0x0000000010001470       0x1a CMakeFiles/Simple_Serial_Read.dir/home/toby001/Documents/Pico_MIO/pico-sdk/src/common/pico_sync/mutex.c.obj
                0x0000000010001470                mutex_init
 .text.critical_section_init_with_lock_num
                0x000000001000148a        0xc CMakeFiles/Simple_Serial_Read.dir/home/toby001/Documents/Pico_MIO/pico-sdk/src/common/pico_sync/critical_section.c.obj
                0x000000001000148a                critical_section_init_with_lock_num
 .text.critical_section_init
                0x0000000010001496       0x14 CMakeFiles/Simple_Serial_Read.dir/home/toby001/Documents/Pico_MIO/pico-sdk/src/common/pico_sync/critical_section.c.obj
                0x0000000010001496                critical_section_init
 *fill*         0x00000000100014aa        0x2 
 .text.ph_add_child_node
                0x00000000100014ac       0xa4 CMakeFiles/Simple_Serial_Read.dir/home/toby001/Documents/Pico_MIO/pico-sdk/src/common/pico_util/pheap.c.obj
 .text.ph_merge_nodes
                0x0000000010001550       0x3e CMakeFiles/Simple_Serial_Read.dir/home/toby001/Documents/Pico_MIO/pico-sdk/src/common/pico_util/pheap.c.obj
 *fill*         0x000000001000158e        0x2 
 .text.ph_clear
                0x0000000010001590       0x74 CMakeFiles/Simple_Serial_Read.dir/home/toby001/Documents/Pico_MIO/pico-sdk/src/common/pico_util/pheap.c.obj
                0x0000000010001590                ph_clear
 .text.ph_create
                0x0000000010001604       0x2c CMakeFiles/Simple_Serial_Read.dir/home/toby001/Documents/Pico_MIO/pico-sdk/src/common/pico_util/pheap.c.obj
                0x0000000010001604                ph_create
 .text.ph_merge_two_pass
                0x0000000010001630       0xa8 CMakeFiles/Simple_Serial_Read.dir/home/toby001/Documents/Pico_MIO/pico-sdk/src/common/pico_util/pheap.c.obj
                0x0000000010001630                ph_merge_two_pass
 .text.ph_remove_any_head
                0x00000000100016d8      0x108 CMakeFiles/Simple_Serial_Read.dir/home/toby001/Documents/Pico_MIO/pico-sdk/src/common/pico_util/pheap.c.obj
 .text.ph_remove_head_reserve
                0x00000000100017e0       0x14 CMakeFiles/Simple_Serial_Read.dir/home/toby001/Documents/Pico_MIO/pico-sdk/src/common/pico_util/pheap.c.obj
                0x00000000100017e0                ph_remove_head_reserve
 .text.ph_delete
                0x00000000100017f4       0xf8 CMakeFiles/Simple_Serial_Read.dir/home/toby001/Documents/Pico_MIO/pico-sdk/src/common/pico_util/pheap.c.obj
                0x00000000100017f4                ph_delete
 .text.runtime_init
                0x00000000100018ec       0xcc CMakeFiles/Simple_Serial_Read.dir/home/toby001/Documents/Pico_MIO/pico-sdk/src/rp2_common/pico_runtime/runtime.c.obj
                0x00000000100018ec                runtime_init
 .text._exit    0x00000000100019b8        0x4 CMakeFiles/Simple_Serial_Read.dir/home/toby001/Documents/Pico_MIO/pico-sdk/src/rp2_common/pico_runtime/runtime.c.obj
                0x00000000100019b8                _exit
 .text._sbrk    0x00000000100019bc       0x38 CMakeFiles/Simple_Serial_Read.dir/home/toby001/Documents/Pico_MIO/pico-sdk/src/rp2_common/pico_runtime/runtime.c.obj
                0x00000000100019bc                _sbrk
 .text.exit     0x00000000100019f4        0x6 CMakeFiles/Simple_Serial_Read.dir/home/toby001/Documents/Pico_MIO/pico-sdk/src/rp2_common/pico_runtime/runtime.c.obj
                0x00000000100019f4                exit
 *fill*         0x00000000100019fa        0x2 
 .text.__assert_func
                0x00000000100019fc       0x3c CMakeFiles/Simple_Serial_Read.dir/home/toby001/Documents/Pico_MIO/pico-sdk/src/rp2_common/pico_runtime/runtime.c.obj
                0x00000000100019fc                __assert_func
 .text.panic    0x0000000010001a38       0x30 CMakeFiles/Simple_Serial_Read.dir/home/toby001/Documents/Pico_MIO/pico-sdk/src/rp2_common/pico_runtime/runtime.c.obj
                0x0000000010001a38                panic
 .text.clock_configure
                0x0000000010001a68       0xe8 CMakeFiles/Simple_Serial_Read.dir/home/toby001/Documents/Pico_MIO/pico-sdk/src/rp2_common/hardware_clocks/clocks.c.obj
                0x0000000010001a68                clock_configure
 .text.clocks_init
                0x0000000010001b50      0x124 CMakeFiles/Simple_Serial_Read.dir/home/toby001/Documents/Pico_MIO/pico-sdk/src/rp2_common/hardware_clocks/clocks.c.obj
                0x0000000010001b50                clocks_init
 .text.clock_get_hz
                0x0000000010001c74        0xc CMakeFiles/Simple_Serial_Read.dir/home/toby001/Documents/Pico_MIO/pico-sdk/src/rp2_common/hardware_clocks/clocks.c.obj
                0x0000000010001c74                clock_get_hz
 .text.watchdog_start_tick
                0x0000000010001c80       0x10 CMakeFiles/Simple_Serial_Read.dir/home/toby001/Documents/Pico_MIO/pico-sdk/src/rp2_common/hardware_watchdog/watchdog.c.obj
                0x0000000010001c80                watchdog_start_tick
 .text.xosc_init
                0x0000000010001c90       0x28 CMakeFiles/Simple_Serial_Read.dir/home/toby001/Documents/Pico_MIO/pico-sdk/src/rp2_common/hardware_xosc/xosc.c.obj
                0x0000000010001c90                xosc_init
 .text.pll_init
                0x0000000010001cb8       0xd4 CMakeFiles/Simple_Serial_Read.dir/home/toby001/Documents/Pico_MIO/pico-sdk/src/rp2_common/hardware_pll/pll.c.obj
                0x0000000010001cb8                pll_init
 .text.set_raw_irq_handler_and_unlock
                0x0000000010001d8c       0x28 CMakeFiles/Simple_Serial_Read.dir/home/toby001/Documents/Pico_MIO/pico-sdk/src/rp2_common/hardware_irq/irq.c.obj
 .text.make_branch
                0x0000000010001db4       0x34 CMakeFiles/Simple_Serial_Read.dir/home/toby001/Documents/Pico_MIO/pico-sdk/src/rp2_common/hardware_irq/irq.c.obj
 .text.insert_branch_and_link
                0x0000000010001de8       0x40 CMakeFiles/Simple_Serial_Read.dir/home/toby001/Documents/Pico_MIO/pico-sdk/src/rp2_common/hardware_irq/irq.c.obj
 .text.irq_is_enabled
                0x0000000010001e28       0x18 CMakeFiles/Simple_Serial_Read.dir/home/toby001/Documents/Pico_MIO/pico-sdk/src/rp2_common/hardware_irq/irq.c.obj
                0x0000000010001e28                irq_is_enabled
 .text.irq_set_mask_enabled
                0x0000000010001e40       0x20 CMakeFiles/Simple_Serial_Read.dir/home/toby001/Documents/Pico_MIO/pico-sdk/src/rp2_common/hardware_irq/irq.c.obj
                0x0000000010001e40                irq_set_mask_enabled
 .text.irq_set_enabled
                0x0000000010001e60        0xe CMakeFiles/Simple_Serial_Read.dir/home/toby001/Documents/Pico_MIO/pico-sdk/src/rp2_common/hardware_irq/irq.c.obj
                0x0000000010001e60                irq_set_enabled
 *fill*         0x0000000010001e6e        0x2 
 .text.irq_set_pending
                0x0000000010001e70       0x10 CMakeFiles/Simple_Serial_Read.dir/home/toby001/Documents/Pico_MIO/pico-sdk/src/rp2_common/hardware_irq/irq.c.obj
                0x0000000010001e70                irq_set_pending
 .text.irq_get_vtable_handler
                0x0000000010001e80       0x10 CMakeFiles/Simple_Serial_Read.dir/home/toby001/Documents/Pico_MIO/pico-sdk/src/rp2_common/hardware_irq/irq.c.obj
                0x0000000010001e80                irq_get_vtable_handler
 .text.irq_set_exclusive_handler
                0x0000000010001e90       0x54 CMakeFiles/Simple_Serial_Read.dir/home/toby001/Documents/Pico_MIO/pico-sdk/src/rp2_common/hardware_irq/irq.c.obj
                0x0000000010001e90                irq_set_exclusive_handler
 .text.irq_remove_handler
                0x0000000010001ee4      0x1b4 CMakeFiles/Simple_Serial_Read.dir/home/toby001/Documents/Pico_MIO/pico-sdk/src/rp2_common/hardware_irq/irq.c.obj
                0x0000000010001ee4                irq_remove_handler
 .text.irq_set_priority
                0x0000000010002098       0x28 CMakeFiles/Simple_Serial_Read.dir/home/toby001/Documents/Pico_MIO/pico-sdk/src/rp2_common/hardware_irq/irq.c.obj
                0x0000000010002098                irq_set_priority
 .text.irq_add_tail_to_free_list
                0x00000000100020c0       0xf8 CMakeFiles/Simple_Serial_Read.dir/home/toby001/Documents/Pico_MIO/pico-sdk/src/rp2_common/hardware_irq/irq.c.obj
                0x00000000100020c0                irq_add_tail_to_free_list
 .text.irq_init_priorities
                0x00000000100021b8       0x16 CMakeFiles/Simple_Serial_Read.dir/home/toby001/Documents/Pico_MIO/pico-sdk/src/rp2_common/hardware_irq/irq.c.obj
                0x00000000100021b8                irq_init_priorities
 .text._out_null
                0x00000000100021ce        0x2 CMakeFiles/Simple_Serial_Read.dir/home/toby001/Documents/Pico_MIO/pico-sdk/src/rp2_common/pico_printf/printf.c.obj
 .text._out_fct
                0x00000000100021d0        0xe CMakeFiles/Simple_Serial_Read.dir/home/toby001/Documents/Pico_MIO/pico-sdk/src/rp2_common/pico_printf/printf.c.obj
 .text._atoi    0x00000000100021de       0x24 CMakeFiles/Simple_Serial_Read.dir/home/toby001/Documents/Pico_MIO/pico-sdk/src/rp2_common/pico_printf/printf.c.obj
 .text._out_rev
                0x0000000010002202       0xae CMakeFiles/Simple_Serial_Read.dir/home/toby001/Documents/Pico_MIO/pico-sdk/src/rp2_common/pico_printf/printf.c.obj
 .text._ntoa_format
                0x00000000100022b0      0x110 CMakeFiles/Simple_Serial_Read.dir/home/toby001/Documents/Pico_MIO/pico-sdk/src/rp2_common/pico_printf/printf.c.obj
 .text._ntoa_long
                0x00000000100023c0       0xbc CMakeFiles/Simple_Serial_Read.dir/home/toby001/Documents/Pico_MIO/pico-sdk/src/rp2_common/pico_printf/printf.c.obj
 .text._ntoa_long_long
                0x000000001000247c       0xe2 CMakeFiles/Simple_Serial_Read.dir/home/toby001/Documents/Pico_MIO/pico-sdk/src/rp2_common/pico_printf/printf.c.obj
 *fill*         0x000000001000255e        0x2 
 .text._etoa    0x0000000010002560      0x3f4 CMakeFiles/Simple_Serial_Read.dir/home/toby001/Documents/Pico_MIO/pico-sdk/src/rp2_common/pico_printf/printf.c.obj
 .text._ftoa    0x0000000010002954      0x354 CMakeFiles/Simple_Serial_Read.dir/home/toby001/Documents/Pico_MIO/pico-sdk/src/rp2_common/pico_printf/printf.c.obj
 .text._vsnprintf
                0x0000000010002ca8      0x628 CMakeFiles/Simple_Serial_Read.dir/home/toby001/Documents/Pico_MIO/pico-sdk/src/rp2_common/pico_printf/printf.c.obj
 .text.vfctprintf
                0x00000000100032d0       0x20 CMakeFiles/Simple_Serial_Read.dir/home/toby001/Documents/Pico_MIO/pico-sdk/src/rp2_common/pico_printf/printf.c.obj
                0x00000000100032d0                vfctprintf
 .text          0x00000000100032f0       0x10 CMakeFiles/Simple_Serial_Read.dir/home/toby001/Documents/Pico_MIO/pico-sdk/src/rp2_common/pico_bit_ops/bit_ops_aeabi.S.obj
 .text.rom_func_lookup
                0x0000000010003300       0x10 CMakeFiles/Simple_Serial_Read.dir/home/toby001/Documents/Pico_MIO/pico-sdk/src/rp2_common/pico_bootrom/bootrom.c.obj
                0x0000000010003300                rom_func_lookup
 .text.rom_data_lookup
                0x0000000010003310       0x10 CMakeFiles/Simple_Serial_Read.dir/home/toby001/Documents/Pico_MIO/pico-sdk/src/rp2_common/pico_bootrom/bootrom.c.obj
                0x0000000010003310                rom_data_lookup
 .text.rom_funcs_lookup
                0x0000000010003320       0x36 CMakeFiles/Simple_Serial_Read.dir/home/toby001/Documents/Pico_MIO/pico-sdk/src/rp2_common/pico_bootrom/bootrom.c.obj
                0x0000000010003320                rom_funcs_lookup
 *fill*         0x0000000010003356        0x2 
 .text.__wrap___aeabi_idiv
                0x0000000010003358       0x58 CMakeFiles/Simple_Serial_Read.dir/home/toby001/Documents/Pico_MIO/pico-sdk/src/rp2_common/pico_divider/divider.S.obj
                0x0000000010003358                __wrap___aeabi_idivmod
                0x0000000010003358                divmod_s32s32
                0x0000000010003358                div_s32s32
                0x0000000010003358                __wrap___aeabi_idiv
                0x0000000010003360                divmod_s32s32_unsafe
                0x000000001000338c                divmod_s32s32_savestate
 .text.__wrap___aeabi_uidiv
                0x00000000100033b0       0x54 CMakeFiles/Simple_Serial_Read.dir/home/toby001/Documents/Pico_MIO/pico-sdk/src/rp2_common/pico_divider/divider.S.obj
                0x00000000100033b0                __wrap___aeabi_uidiv
                0x00000000100033b0                __wrap___aeabi_uidivmod
                0x00000000100033b0                div_u32u32
                0x00000000100033b0                divmod_u32u32
                0x00000000100033b8                divmod_u32u32_unsafe
                0x00000000100033e0                divmod_u32u32_savestate
 .text.__wrap___aeabi_ldiv
                0x0000000010003404      0x430 CMakeFiles/Simple_Serial_Read.dir/home/toby001/Documents/Pico_MIO/pico-sdk/src/rp2_common/pico_divider/divider.S.obj
                0x0000000010003404                div_s64s64
                0x0000000010003404                divmod_s64s64
                0x0000000010003404                __wrap___aeabi_ldivmod
                0x000000001000343c                div_u64u64
                0x000000001000343c                divmod_u64u64
                0x000000001000343c                __wrap___aeabi_uldivmod
                0x000000001000344c                divmod_u64u64_savestate
                0x0000000010003474                divmod_s64s64_unsafe
                0x00000000100034fc                divmod_u64u64_unsafe
 .text.__wrap___aeabi_darithmetic
                0x0000000010003834       0x54 CMakeFiles/Simple_Serial_Read.dir/home/toby001/Documents/Pico_MIO/pico-sdk/src/rp2_common/pico_double/double_aeabi.S.obj
                0x0000000010003834                __wrap___aeabi_drsub
                0x000000001000383a                __wrap___aeabi_dsub
                0x000000001000384c                __wrap___aeabi_dadd
                0x000000001000385e                __wrap___aeabi_ddiv
                0x0000000010003870                __wrap___aeabi_dmul
 .text.__wrap___aeabi_cdcmple
                0x0000000010003888       0x6c CMakeFiles/Simple_Serial_Read.dir/home/toby001/Documents/Pico_MIO/pico-sdk/src/rp2_common/pico_double/double_aeabi.S.obj
                0x0000000010003888                __wrap___aeabi_cdrcmple
                0x0000000010003898                __wrap___aeabi_cdcmple
                0x0000000010003898                __wrap___aeabi_cdcmpeq
 .text.__wrap___aeabi_dcmplt
                0x00000000100038f4        0xc CMakeFiles/Simple_Serial_Read.dir/home/toby001/Documents/Pico_MIO/pico-sdk/src/rp2_common/pico_double/double_aeabi.S.obj
                0x00000000100038f4                __wrap___aeabi_dcmplt
 .text.__wrap___aeabi_dcmple
                0x0000000010003900       0x10 CMakeFiles/Simple_Serial_Read.dir/home/toby001/Documents/Pico_MIO/pico-sdk/src/rp2_common/pico_double/double_aeabi.S.obj
                0x0000000010003900                __wrap___aeabi_dcmple
 .text.__wrap___aeabi_dcmpge
                0x0000000010003910       0x10 CMakeFiles/Simple_Serial_Read.dir/home/toby001/Documents/Pico_MIO/pico-sdk/src/rp2_common/pico_double/double_aeabi.S.obj
                0x0000000010003910                __wrap___aeabi_dcmpge
 .text.__wrap___aeabi_dcmpgt
                0x0000000010003920        0xa CMakeFiles/Simple_Serial_Read.dir/home/toby001/Documents/Pico_MIO/pico-sdk/src/rp2_common/pico_double/double_aeabi.S.obj
                0x0000000010003920                __wrap___aeabi_dcmpgt
 .text.__wrap___aeabi_dcmpun
                0x000000001000392a       0x1c CMakeFiles/Simple_Serial_Read.dir/home/toby001/Documents/Pico_MIO/pico-sdk/src/rp2_common/pico_double/double_aeabi.S.obj
                0x000000001000392a                __wrap___aeabi_dcmpun
 *fill*         0x0000000010003946        0x2 
 .text.__wrap___aeabi_i2d
                0x0000000010003948       0x38 CMakeFiles/Simple_Serial_Read.dir/home/toby001/Documents/Pico_MIO/pico-sdk/src/rp2_common/pico_double/double_aeabi.S.obj
                0x0000000010003948                __wrap___aeabi_ui2d
                0x0000000010003950                __wrap___aeabi_i2d
 .text.__wrap___aeabi_d2iz
                0x0000000010003980       0x48 CMakeFiles/Simple_Serial_Read.dir/home/toby001/Documents/Pico_MIO/pico-sdk/src/rp2_common/pico_double/double_aeabi.S.obj
                0x0000000010003980                __wrap___aeabi_d2iz
                0x0000000010003980                double2int_z
 .text.__wrap___aeabi_d2uiz
                0x00000000100039c8       0x18 CMakeFiles/Simple_Serial_Read.dir/home/toby001/Documents/Pico_MIO/pico-sdk/src/rp2_common/pico_double/double_aeabi.S.obj
                0x00000000100039c8                double2uint
                0x00000000100039c8                __wrap___aeabi_d2uiz
 .text.__aeabi_double_init
                0x00000000100039e0       0xb4 CMakeFiles/Simple_Serial_Read.dir/home/toby001/Documents/Pico_MIO/pico-sdk/src/rp2_common/pico_double/double_init_rom.c.obj
                0x00000000100039e0                __aeabi_double_init
 .text.double_table_shim_on_use_helper
                0x0000000010003a94       0x34 CMakeFiles/Simple_Serial_Read.dir/home/toby001/Documents/Pico_MIO/pico-sdk/src/rp2_common/pico_double/double_v1_rom_shim.S.obj
                0x0000000010003a94                double_table_shim_on_use_helper
 .text.__wrap___aeabi_dsub
                0x0000000010003ac8       0x10 CMakeFiles/Simple_Serial_Read.dir/home/toby001/Documents/Pico_MIO/pico-sdk/src/rp2_common/pico_double/double_v1_rom_shim.S.obj
                0x0000000010003ac8                drsub_shim
                0x0000000010003ace                dsub_shim
 .text.dadd_shim
                0x0000000010003ad8      0x15c CMakeFiles/Simple_Serial_Read.dir/home/toby001/Documents/Pico_MIO/pico-sdk/src/rp2_common/pico_double/double_v1_rom_shim.S.obj
                0x0000000010003ad8                dadd_shim
 .text.dmul_shim
                0x0000000010003c34      0x15c CMakeFiles/Simple_Serial_Read.dir/home/toby001/Documents/Pico_MIO/pico-sdk/src/rp2_common/pico_double/double_v1_rom_shim.S.obj
                0x0000000010003c34                dmul_shim
 .text.ddiv_shim
                0x0000000010003d90      0x1b0 CMakeFiles/Simple_Serial_Read.dir/home/toby001/Documents/Pico_MIO/pico-sdk/src/rp2_common/pico_double/double_v1_rom_shim.S.obj
                0x0000000010003d90                ddiv_shim
 .text.dcordic_rot_step
                0x0000000010003f40       0x7c CMakeFiles/Simple_Serial_Read.dir/home/toby001/Documents/Pico_MIO/pico-sdk/src/rp2_common/pico_double/double_v1_rom_shim.S.obj
                0x0000000010003f40                dcordic_rot_step
 .text.double2uint_shim
                0x0000000010003fbc        0xe CMakeFiles/Simple_Serial_Read.dir/home/toby001/Documents/Pico_MIO/pico-sdk/src/rp2_common/pico_double/double_v1_rom_shim.S.obj
                0x0000000010003fbc                double2uint_shim
                0x0000000010003fbe                double2ufix_shim
 *fill*         0x0000000010003fca        0x2 
 .text.double2uint64_shim
                0x0000000010003fcc       0x6c CMakeFiles/Simple_Serial_Read.dir/home/toby001/Documents/Pico_MIO/pico-sdk/src/rp2_common/pico_double/double_v1_rom_shim.S.obj
                0x0000000010003fcc                double2uint64_shim
                0x0000000010003fce                double2ufix64_shim
                0x0000000010003fe8                d2fix_a
 .text.dunpacks
                0x0000000010004038       0x3c CMakeFiles/Simple_Serial_Read.dir/home/toby001/Documents/Pico_MIO/pico-sdk/src/rp2_common/pico_double/double_v1_rom_shim.S.obj
                0x0000000010004038                dunpacks
 .text.__aeabi_lmul
                0x0000000010004074       0x32 CMakeFiles/Simple_Serial_Read.dir/home/toby001/Documents/Pico_MIO/pico-sdk/src/rp2_common/pico_int64_ops/pico_int64_ops_aeabi.S.obj
                0x0000000010004074                __wrap___aeabi_lmul
 *fill*         0x00000000100040a6        0x2 
 .text.__aeabi_float_init
                0x00000000100040a8       0xfc CMakeFiles/Simple_Serial_Read.dir/home/toby001/Documents/Pico_MIO/pico-sdk/src/rp2_common/pico_float/float_init_rom.c.obj
                0x00000000100040a8                __aeabi_float_init
 .text.float_table_shim_on_use_helper
                0x00000000100041a4       0x34 CMakeFiles/Simple_Serial_Read.dir/home/toby001/Documents/Pico_MIO/pico-sdk/src/rp2_common/pico_float/float_v1_rom_shim.S.obj
                0x00000000100041a4                float_table_shim_on_use_helper
 .text.__wrap_malloc
                0x00000000100041d8        0x8 CMakeFiles/Simple_Serial_Read.dir/home/toby001/Documents/Pico_MIO/pico-sdk/src/rp2_common/pico_malloc/pico_malloc.c.obj
                0x00000000100041d8                __wrap_malloc
 .text.__wrap_calloc
                0x00000000100041e0        0x8 CMakeFiles/Simple_Serial_Read.dir/home/toby001/Documents/Pico_MIO/pico-sdk/src/rp2_common/pico_malloc/pico_malloc.c.obj
                0x00000000100041e0                __wrap_calloc
 .text          0x00000000100041e8       0x10 CMakeFiles/Simple_Serial_Read.dir/home/toby001/Documents/Pico_MIO/pico-sdk/src/rp2_common/pico_mem_ops/mem_ops_aeabi.S.obj
                0x00000000100041e8                __aeabi_mem_init
 .text.memset   0x00000000100041f8        0xc CMakeFiles/Simple_Serial_Read.dir/home/toby001/Documents/Pico_MIO/pico-sdk/src/rp2_common/pico_mem_ops/mem_ops_aeabi.S.obj
                0x00000000100041f8                __wrap_memset
 .text.memcpy   0x0000000010004204        0xc CMakeFiles/Simple_Serial_Read.dir/home/toby001/Documents/Pico_MIO/pico-sdk/src/rp2_common/pico_mem_ops/mem_ops_aeabi.S.obj
                0x0000000010004204                __wrap___aeabi_memcpy
                0x0000000010004204                __wrap_memcpy
 .text.stdio_out_chars_crlf
                0x0000000010004210       0x80 CMakeFiles/Simple_Serial_Read.dir/home/toby001/Documents/Pico_MIO/pico-sdk/src/rp2_common/pico_stdio/stdio.c.obj
 .text.stdio_stack_buffer_flush
                0x0000000010004290       0x44 CMakeFiles/Simple_Serial_Read.dir/home/toby001/Documents/Pico_MIO/pico-sdk/src/rp2_common/pico_stdio/stdio.c.obj
 .text.stdio_buffered_printer
                0x00000000100042d4       0x20 CMakeFiles/Simple_Serial_Read.dir/home/toby001/Documents/Pico_MIO/pico-sdk/src/rp2_common/pico_stdio/stdio.c.obj
 .text.stdout_serialize_begin
                0x00000000100042f4       0x2c CMakeFiles/Simple_Serial_Read.dir/home/toby001/Documents/Pico_MIO/pico-sdk/src/rp2_common/pico_stdio/stdio.c.obj
                0x00000000100042f4                stdout_serialize_begin
 .text.stdout_serialize_end
                0x0000000010004320       0x10 CMakeFiles/Simple_Serial_Read.dir/home/toby001/Documents/Pico_MIO/pico-sdk/src/rp2_common/pico_stdio/stdio.c.obj
                0x0000000010004320                stdout_serialize_end
 .text.stdio_put_string
                0x0000000010004330       0x84 CMakeFiles/Simple_Serial_Read.dir/home/toby001/Documents/Pico_MIO/pico-sdk/src/rp2_common/pico_stdio/stdio.c.obj
 .text.stdio_set_driver_enabled
                0x00000000100043b4       0x38 CMakeFiles/Simple_Serial_Read.dir/home/toby001/Documents/Pico_MIO/pico-sdk/src/rp2_common/pico_stdio/stdio.c.obj
                0x00000000100043b4                stdio_set_driver_enabled
 .text.stdio_flush
                0x00000000100043ec       0x20 CMakeFiles/Simple_Serial_Read.dir/home/toby001/Documents/Pico_MIO/pico-sdk/src/rp2_common/pico_stdio/stdio.c.obj
                0x00000000100043ec                stdio_flush
 .text.__wrap_puts
                0x000000001000440c       0x1c CMakeFiles/Simple_Serial_Read.dir/home/toby001/Documents/Pico_MIO/pico-sdk/src/rp2_common/pico_stdio/stdio.c.obj
                0x000000001000440c                __wrap_puts
 .text.__wrap_vprintf
                0x0000000010004428       0x44 CMakeFiles/Simple_Serial_Read.dir/home/toby001/Documents/Pico_MIO/pico-sdk/src/rp2_common/pico_stdio/stdio.c.obj
                0x0000000010004428                __wrap_vprintf
 .text.__wrap_printf
                0x000000001000446c       0x18 CMakeFiles/Simple_Serial_Read.dir/home/toby001/Documents/Pico_MIO/pico-sdk/src/rp2_common/pico_stdio/stdio.c.obj
                0x000000001000446c                __wrap_printf
 .text.stdio_init_all
                0x0000000010004484        0x8 CMakeFiles/Simple_Serial_Read.dir/home/toby001/Documents/Pico_MIO/pico-sdk/src/rp2_common/pico_stdio/stdio.c.obj
                0x0000000010004484                stdio_init_all
 .text.stdio_usb_in_chars
                0x000000001000448c       0x70 CMakeFiles/Simple_Serial_Read.dir/home/toby001/Documents/Pico_MIO/pico-sdk/src/rp2_common/pico_stdio_usb/stdio_usb.c.obj
                0x000000001000448c                stdio_usb_in_chars
 .text.low_priority_worker_irq
                0x00000000100044fc       0x20 CMakeFiles/Simple_Serial_Read.dir/home/toby001/Documents/Pico_MIO/pico-sdk/src/rp2_common/pico_stdio_usb/stdio_usb.c.obj
 .text.stdio_usb_out_chars
                0x000000001000451c       0xd4 CMakeFiles/Simple_Serial_Read.dir/home/toby001/Documents/Pico_MIO/pico-sdk/src/rp2_common/pico_stdio_usb/stdio_usb.c.obj
 .text.timer_task
                0x00000000100045f0       0x10 CMakeFiles/Simple_Serial_Read.dir/home/toby001/Documents/Pico_MIO/pico-sdk/src/rp2_common/pico_stdio_usb/stdio_usb.c.obj
 .text.stdio_usb_init
                0x0000000010004600       0x8c CMakeFiles/Simple_Serial_Read.dir/home/toby001/Documents/Pico_MIO/pico-sdk/src/rp2_common/pico_stdio_usb/stdio_usb.c.obj
                0x0000000010004600                stdio_usb_init
 .text.tud_descriptor_device_cb
                0x000000001000468c        0x8 CMakeFiles/Simple_Serial_Read.dir/home/toby001/Documents/Pico_MIO/pico-sdk/src/rp2_common/pico_stdio_usb/stdio_usb_descriptors.c.obj
                0x000000001000468c                tud_descriptor_device_cb
 .text.tud_descriptor_configuration_cb
                0x0000000010004694        0x8 CMakeFiles/Simple_Serial_Read.dir/home/toby001/Documents/Pico_MIO/pico-sdk/src/rp2_common/pico_stdio_usb/stdio_usb_descriptors.c.obj
                0x0000000010004694                tud_descriptor_configuration_cb
 .text.tud_descriptor_string_cb
                0x000000001000469c       0x50 CMakeFiles/Simple_Serial_Read.dir/home/toby001/Documents/Pico_MIO/pico-sdk/src/rp2_common/pico_stdio_usb/stdio_usb_descriptors.c.obj
                0x000000001000469c                tud_descriptor_string_cb
 .text.hw_endpoint_get_by_addr
                0x00000000100046ec       0x1c CMakeFiles/Simple_Serial_Read.dir/home/toby001/Documents/Pico_MIO/pico-sdk/lib/tinyusb/src/portable/raspberrypi/rp2040/dcd_rp2040.c.obj
 .text.reset_ep0
                0x0000000010004708       0x2c CMakeFiles/Simple_Serial_Read.dir/home/toby001/Documents/Pico_MIO/pico-sdk/lib/tinyusb/src/portable/raspberrypi/rp2040/dcd_rp2040.c.obj
 .text._hw_endpoint_alloc
                0x0000000010004734       0x7c CMakeFiles/Simple_Serial_Read.dir/home/toby001/Documents/Pico_MIO/pico-sdk/lib/tinyusb/src/portable/raspberrypi/rp2040/dcd_rp2040.c.obj
 .text._hw_endpoint_init
                0x00000000100047b0       0xbc CMakeFiles/Simple_Serial_Read.dir/home/toby001/Documents/Pico_MIO/pico-sdk/lib/tinyusb/src/portable/raspberrypi/rp2040/dcd_rp2040.c.obj
 .text.hw_endpoint_init
                0x000000001000486c       0x18 CMakeFiles/Simple_Serial_Read.dir/home/toby001/Documents/Pico_MIO/pico-sdk/lib/tinyusb/src/portable/raspberrypi/rp2040/dcd_rp2040.c.obj
 .text.hw_handle_buff_status
                0x0000000010004884       0xbc CMakeFiles/Simple_Serial_Read.dir/home/toby001/Documents/Pico_MIO/pico-sdk/lib/tinyusb/src/portable/raspberrypi/rp2040/dcd_rp2040.c.obj
 .text.dcd_rp2040_irq
                0x0000000010004940       0x8c CMakeFiles/Simple_Serial_Read.dir/home/toby001/Documents/Pico_MIO/pico-sdk/lib/tinyusb/src/portable/raspberrypi/rp2040/dcd_rp2040.c.obj
 .text.hw_endpoint_xfer
                0x00000000100049cc       0x18 CMakeFiles/Simple_Serial_Read.dir/home/toby001/Documents/Pico_MIO/pico-sdk/lib/tinyusb/src/portable/raspberrypi/rp2040/dcd_rp2040.c.obj
 .text.ep0_0len_status
                0x00000000100049e4       0x14 CMakeFiles/Simple_Serial_Read.dir/home/toby001/Documents/Pico_MIO/pico-sdk/lib/tinyusb/src/portable/raspberrypi/rp2040/dcd_rp2040.c.obj
 .text._hw_endpoint_stall
                0x00000000100049f8       0x54 CMakeFiles/Simple_Serial_Read.dir/home/toby001/Documents/Pico_MIO/pico-sdk/lib/tinyusb/src/portable/raspberrypi/rp2040/dcd_rp2040.c.obj
 .text.hw_endpoint_stall
                0x0000000010004a4c        0xc CMakeFiles/Simple_Serial_Read.dir/home/toby001/Documents/Pico_MIO/pico-sdk/lib/tinyusb/src/portable/raspberrypi/rp2040/dcd_rp2040.c.obj
 .text._hw_endpoint_clear_stall
                0x0000000010004a58       0x34 CMakeFiles/Simple_Serial_Read.dir/home/toby001/Documents/Pico_MIO/pico-sdk/lib/tinyusb/src/portable/raspberrypi/rp2040/dcd_rp2040.c.obj
 .text.hw_endpoint_clear_stall
                0x0000000010004a8c        0xc CMakeFiles/Simple_Serial_Read.dir/home/toby001/Documents/Pico_MIO/pico-sdk/lib/tinyusb/src/portable/raspberrypi/rp2040/dcd_rp2040.c.obj
 .text.dcd_int_enable
                0x0000000010004a98       0x2c CMakeFiles/Simple_Serial_Read.dir/home/toby001/Documents/Pico_MIO/pico-sdk/lib/tinyusb/src/portable/raspberrypi/rp2040/dcd_rp2040.c.obj
                0x0000000010004a98                dcd_int_enable
 .text.dcd_set_address
                0x0000000010004ac4       0x30 CMakeFiles/Simple_Serial_Read.dir/home/toby001/Documents/Pico_MIO/pico-sdk/lib/tinyusb/src/portable/raspberrypi/rp2040/dcd_rp2040.c.obj
                0x0000000010004ac4                dcd_set_address
 .text.dcd_connect
                0x0000000010004af4       0x30 CMakeFiles/Simple_Serial_Read.dir/home/toby001/Documents/Pico_MIO/pico-sdk/lib/tinyusb/src/portable/raspberrypi/rp2040/dcd_rp2040.c.obj
                0x0000000010004af4                dcd_connect
 .text.dcd_init
                0x0000000010004b24       0x90 CMakeFiles/Simple_Serial_Read.dir/home/toby001/Documents/Pico_MIO/pico-sdk/lib/tinyusb/src/portable/raspberrypi/rp2040/dcd_rp2040.c.obj
                0x0000000010004b24                dcd_init
 .text.dcd_edpt0_status_complete
                0x0000000010004bb4       0x44 CMakeFiles/Simple_Serial_Read.dir/home/toby001/Documents/Pico_MIO/pico-sdk/lib/tinyusb/src/portable/raspberrypi/rp2040/dcd_rp2040.c.obj
                0x0000000010004bb4                dcd_edpt0_status_complete
 .text.dcd_edpt_open
                0x0000000010004bf8       0x40 CMakeFiles/Simple_Serial_Read.dir/home/toby001/Documents/Pico_MIO/pico-sdk/lib/tinyusb/src/portable/raspberrypi/rp2040/dcd_rp2040.c.obj
                0x0000000010004bf8                dcd_edpt_open
 .text.dcd_edpt_xfer
                0x0000000010004c38       0x34 CMakeFiles/Simple_Serial_Read.dir/home/toby001/Documents/Pico_MIO/pico-sdk/lib/tinyusb/src/portable/raspberrypi/rp2040/dcd_rp2040.c.obj
                0x0000000010004c38                dcd_edpt_xfer
 .text.dcd_edpt_stall
                0x0000000010004c6c       0x28 CMakeFiles/Simple_Serial_Read.dir/home/toby001/Documents/Pico_MIO/pico-sdk/lib/tinyusb/src/portable/raspberrypi/rp2040/dcd_rp2040.c.obj
                0x0000000010004c6c                dcd_edpt_stall
 .text.dcd_edpt_clear_stall
                0x0000000010004c94       0x28 CMakeFiles/Simple_Serial_Read.dir/home/toby001/Documents/Pico_MIO/pico-sdk/lib/tinyusb/src/portable/raspberrypi/rp2040/dcd_rp2040.c.obj
                0x0000000010004c94                dcd_edpt_clear_stall
 .text.rp2040_usb_init
                0x0000000010004cbc       0x50 CMakeFiles/Simple_Serial_Read.dir/home/toby001/Documents/Pico_MIO/pico-sdk/lib/tinyusb/src/portable/raspberrypi/rp2040/rp2040_usb.c.obj
                0x0000000010004cbc                rp2040_usb_init
 .text.hw_endpoint_reset_transfer
                0x0000000010004d0c       0x14 CMakeFiles/Simple_Serial_Read.dir/home/toby001/Documents/Pico_MIO/pico-sdk/lib/tinyusb/src/portable/raspberrypi/rp2040/rp2040_usb.c.obj
                0x0000000010004d0c                hw_endpoint_reset_transfer
 .text._hw_endpoint_buffer_control_update32
                0x0000000010004d20       0x54 CMakeFiles/Simple_Serial_Read.dir/home/toby001/Documents/Pico_MIO/pico-sdk/lib/tinyusb/src/portable/raspberrypi/rp2040/rp2040_usb.c.obj
                0x0000000010004d20                _hw_endpoint_buffer_control_update32
 .text._hw_endpoint_start_next_buffer
                0x0000000010004d74       0x5a CMakeFiles/Simple_Serial_Read.dir/home/toby001/Documents/Pico_MIO/pico-sdk/lib/tinyusb/src/portable/raspberrypi/rp2040/rp2040_usb.c.obj
                0x0000000010004d74                _hw_endpoint_start_next_buffer
 .text._hw_endpoint_xfer_start
                0x0000000010004dce       0x46 CMakeFiles/Simple_Serial_Read.dir/home/toby001/Documents/Pico_MIO/pico-sdk/lib/tinyusb/src/portable/raspberrypi/rp2040/rp2040_usb.c.obj
                0x0000000010004dce                _hw_endpoint_xfer_start
 .text._hw_endpoint_xfer_sync
                0x0000000010004e14       0x74 CMakeFiles/Simple_Serial_Read.dir/home/toby001/Documents/Pico_MIO/pico-sdk/lib/tinyusb/src/portable/raspberrypi/rp2040/rp2040_usb.c.obj
                0x0000000010004e14                _hw_endpoint_xfer_sync
 .text._hw_endpoint_xfer_continue
                0x0000000010004e88       0x58 CMakeFiles/Simple_Serial_Read.dir/home/toby001/Documents/Pico_MIO/pico-sdk/lib/tinyusb/src/portable/raspberrypi/rp2040/rp2040_usb.c.obj
                0x0000000010004e88                _hw_endpoint_xfer_continue
 .text._hw_endpoint_xfer
                0x0000000010004ee0       0x34 CMakeFiles/Simple_Serial_Read.dir/home/toby001/Documents/Pico_MIO/pico-sdk/lib/tinyusb/src/portable/raspberrypi/rp2040/rp2040_usb.c.obj
                0x0000000010004ee0                _hw_endpoint_xfer
 .text.mark_interface_endpoint
                0x0000000010004f14       0x2a CMakeFiles/Simple_Serial_Read.dir/home/toby001/Documents/Pico_MIO/pico-sdk/lib/tinyusb/src/device/usbd.c.obj
 *fill*         0x0000000010004f3e        0x2 
 .text.usbd_reset
                0x0000000010004f40       0x88 CMakeFiles/Simple_Serial_Read.dir/home/toby001/Documents/Pico_MIO/pico-sdk/lib/tinyusb/src/device/usbd.c.obj
 .text.invoke_class_control
                0x0000000010004fc8       0x18 CMakeFiles/Simple_Serial_Read.dir/home/toby001/Documents/Pico_MIO/pico-sdk/lib/tinyusb/src/device/usbd.c.obj
 .text.process_set_config
                0x0000000010004fe0      0x1cc CMakeFiles/Simple_Serial_Read.dir/home/toby001/Documents/Pico_MIO/pico-sdk/lib/tinyusb/src/device/usbd.c.obj
 .text.process_get_descriptor
                0x00000000100051ac       0xf4 CMakeFiles/Simple_Serial_Read.dir/home/toby001/Documents/Pico_MIO/pico-sdk/lib/tinyusb/src/device/usbd.c.obj
 .text.tud_mounted
                0x00000000100052a0       0x10 CMakeFiles/Simple_Serial_Read.dir/home/toby001/Documents/Pico_MIO/pico-sdk/lib/tinyusb/src/device/usbd.c.obj
                0x00000000100052a0                tud_mounted
 .text.tud_suspended
                0x00000000100052b0       0x10 CMakeFiles/Simple_Serial_Read.dir/home/toby001/Documents/Pico_MIO/pico-sdk/lib/tinyusb/src/device/usbd.c.obj
                0x00000000100052b0                tud_suspended
 .text.tud_init
                0x00000000100052c0       0xb8 CMakeFiles/Simple_Serial_Read.dir/home/toby001/Documents/Pico_MIO/pico-sdk/lib/tinyusb/src/device/usbd.c.obj
                0x00000000100052c0                tud_init
 .text.dcd_event_handler
                0x0000000010005378      0x1c4 CMakeFiles/Simple_Serial_Read.dir/home/toby001/Documents/Pico_MIO/pico-sdk/lib/tinyusb/src/device/usbd.c.obj
                0x0000000010005378                dcd_event_handler
 .text.dcd_event_bus_signal
                0x000000001000553c       0x26 CMakeFiles/Simple_Serial_Read.dir/home/toby001/Documents/Pico_MIO/pico-sdk/lib/tinyusb/src/device/usbd.c.obj
                0x000000001000553c                dcd_event_bus_signal
 .text.dcd_event_setup_received
                0x0000000010005562       0x34 CMakeFiles/Simple_Serial_Read.dir/home/toby001/Documents/Pico_MIO/pico-sdk/lib/tinyusb/src/device/usbd.c.obj
                0x0000000010005562                dcd_event_setup_received
 .text.dcd_event_xfer_complete
                0x0000000010005596       0x44 CMakeFiles/Simple_Serial_Read.dir/home/toby001/Documents/Pico_MIO/pico-sdk/lib/tinyusb/src/device/usbd.c.obj
                0x0000000010005596                dcd_event_xfer_complete
 .text.usbd_edpt_open
                0x00000000100055da        0x8 CMakeFiles/Simple_Serial_Read.dir/home/toby001/Documents/Pico_MIO/pico-sdk/lib/tinyusb/src/device/usbd.c.obj
                0x00000000100055da                usbd_edpt_open
 *fill*         0x00000000100055e2        0x2 
 .text.usbd_open_edpt_pair
                0x00000000100055e4       0x8c CMakeFiles/Simple_Serial_Read.dir/home/toby001/Documents/Pico_MIO/pico-sdk/lib/tinyusb/src/device/usbd.c.obj
                0x00000000100055e4                usbd_open_edpt_pair
 .text.usbd_edpt_claim
                0x0000000010005670       0x8c CMakeFiles/Simple_Serial_Read.dir/home/toby001/Documents/Pico_MIO/pico-sdk/lib/tinyusb/src/device/usbd.c.obj
                0x0000000010005670                usbd_edpt_claim
 .text.usbd_edpt_release
                0x00000000100056fc       0x68 CMakeFiles/Simple_Serial_Read.dir/home/toby001/Documents/Pico_MIO/pico-sdk/lib/tinyusb/src/device/usbd.c.obj
                0x00000000100056fc                usbd_edpt_release
 .text.usbd_edpt_xfer
                0x0000000010005764       0x80 CMakeFiles/Simple_Serial_Read.dir/home/toby001/Documents/Pico_MIO/pico-sdk/lib/tinyusb/src/device/usbd.c.obj
                0x0000000010005764                usbd_edpt_xfer
 .text.usbd_edpt_stall
                0x00000000100057e4       0x2c CMakeFiles/Simple_Serial_Read.dir/home/toby001/Documents/Pico_MIO/pico-sdk/lib/tinyusb/src/device/usbd.c.obj
                0x00000000100057e4                usbd_edpt_stall
 .text.usbd_edpt_clear_stall
                0x0000000010005810       0x2c CMakeFiles/Simple_Serial_Read.dir/home/toby001/Documents/Pico_MIO/pico-sdk/lib/tinyusb/src/device/usbd.c.obj
                0x0000000010005810                usbd_edpt_clear_stall
 .text.usbd_edpt_stalled
                0x000000001000583c       0x1c CMakeFiles/Simple_Serial_Read.dir/home/toby001/Documents/Pico_MIO/pico-sdk/lib/tinyusb/src/device/usbd.c.obj
                0x000000001000583c                usbd_edpt_stalled
 .text.process_control_request
                0x0000000010005858      0x37c CMakeFiles/Simple_Serial_Read.dir/home/toby001/Documents/Pico_MIO/pico-sdk/lib/tinyusb/src/device/usbd.c.obj
 .text.tud_task
                0x0000000010005bd4      0x204 CMakeFiles/Simple_Serial_Read.dir/home/toby001/Documents/Pico_MIO/pico-sdk/lib/tinyusb/src/device/usbd.c.obj
                0x0000000010005bd4                tud_task
 .text._data_stage_xact
                0x0000000010005dd8       0x58 CMakeFiles/Simple_Serial_Read.dir/home/toby001/Documents/Pico_MIO/pico-sdk/lib/tinyusb/src/device/usbd_control.c.obj
 .text.tud_control_status
                0x0000000010005e30       0x38 CMakeFiles/Simple_Serial_Read.dir/home/toby001/Documents/Pico_MIO/pico-sdk/lib/tinyusb/src/device/usbd_control.c.obj
                0x0000000010005e30                tud_control_status
 .text.tud_control_xfer
                0x0000000010005e68       0xa8 CMakeFiles/Simple_Serial_Read.dir/home/toby001/Documents/Pico_MIO/pico-sdk/lib/tinyusb/src/device/usbd_control.c.obj
                0x0000000010005e68                tud_control_xfer
 .text.usbd_control_reset
                0x0000000010005f10       0x14 CMakeFiles/Simple_Serial_Read.dir/home/toby001/Documents/Pico_MIO/pico-sdk/lib/tinyusb/src/device/usbd_control.c.obj
                0x0000000010005f10                usbd_control_reset
 .text.usbd_control_set_complete_callback
                0x0000000010005f24        0xc CMakeFiles/Simple_Serial_Read.dir/home/toby001/Documents/Pico_MIO/pico-sdk/lib/tinyusb/src/device/usbd_control.c.obj
                0x0000000010005f24                usbd_control_set_complete_callback
 .text.usbd_control_set_request
                0x0000000010005f30       0x1c CMakeFiles/Simple_Serial_Read.dir/home/toby001/Documents/Pico_MIO/pico-sdk/lib/tinyusb/src/device/usbd_control.c.obj
                0x0000000010005f30                usbd_control_set_request
 .text.usbd_control_xfer_cb
                0x0000000010005f4c       0xe8 CMakeFiles/Simple_Serial_Read.dir/home/toby001/Documents/Pico_MIO/pico-sdk/lib/tinyusb/src/device/usbd_control.c.obj
                0x0000000010005f4c                usbd_control_xfer_cb
 .text._prep_out_transaction
                0x0000000010006034       0x46 CMakeFiles/Simple_Serial_Read.dir/home/toby001/Documents/Pico_MIO/pico-sdk/lib/tinyusb/src/class/cdc/cdc_device.c.obj
 *fill*         0x000000001000607a        0x2 
 .text.tud_cdc_n_connected
                0x000000001000607c       0x48 CMakeFiles/Simple_Serial_Read.dir/home/toby001/Documents/Pico_MIO/pico-sdk/lib/tinyusb/src/class/cdc/cdc_device.c.obj
                0x000000001000607c                tud_cdc_n_connected
 .text.tud_cdc_n_available
                0x00000000100060c4       0x20 CMakeFiles/Simple_Serial_Read.dir/home/toby001/Documents/Pico_MIO/pico-sdk/lib/tinyusb/src/class/cdc/cdc_device.c.obj
                0x00000000100060c4                tud_cdc_n_available
 .text.tud_cdc_n_read
                0x00000000100060e4       0x30 CMakeFiles/Simple_Serial_Read.dir/home/toby001/Documents/Pico_MIO/pico-sdk/lib/tinyusb/src/class/cdc/cdc_device.c.obj
                0x00000000100060e4                tud_cdc_n_read
 .text.tud_cdc_n_write_flush
                0x0000000010006114       0xc4 CMakeFiles/Simple_Serial_Read.dir/home/toby001/Documents/Pico_MIO/pico-sdk/lib/tinyusb/src/class/cdc/cdc_device.c.obj
                0x0000000010006114                tud_cdc_n_write_flush
 .text.tud_cdc_n_write
                0x00000000100061d8       0x38 CMakeFiles/Simple_Serial_Read.dir/home/toby001/Documents/Pico_MIO/pico-sdk/lib/tinyusb/src/class/cdc/cdc_device.c.obj
                0x00000000100061d8                tud_cdc_n_write
 .text.tud_cdc_n_write_available
                0x0000000010006210       0x20 CMakeFiles/Simple_Serial_Read.dir/home/toby001/Documents/Pico_MIO/pico-sdk/lib/tinyusb/src/class/cdc/cdc_device.c.obj
                0x0000000010006210                tud_cdc_n_write_available
 .text.cdcd_init
                0x0000000010006230       0xe0 CMakeFiles/Simple_Serial_Read.dir/home/toby001/Documents/Pico_MIO/pico-sdk/lib/tinyusb/src/class/cdc/cdc_device.c.obj
                0x0000000010006230                cdcd_init
 .text.cdcd_reset
                0x0000000010006310       0x44 CMakeFiles/Simple_Serial_Read.dir/home/toby001/Documents/Pico_MIO/pico-sdk/lib/tinyusb/src/class/cdc/cdc_device.c.obj
                0x0000000010006310                cdcd_reset
 .text.cdcd_open
                0x0000000010006354      0x118 CMakeFiles/Simple_Serial_Read.dir/home/toby001/Documents/Pico_MIO/pico-sdk/lib/tinyusb/src/class/cdc/cdc_device.c.obj
                0x0000000010006354                cdcd_open
 .text.cdcd_control_complete
                0x000000001000646c       0x60 CMakeFiles/Simple_Serial_Read.dir/home/toby001/Documents/Pico_MIO/pico-sdk/lib/tinyusb/src/class/cdc/cdc_device.c.obj
                0x000000001000646c                cdcd_control_complete
 .text.cdcd_control_request
                0x00000000100064cc       0x9c CMakeFiles/Simple_Serial_Read.dir/home/toby001/Documents/Pico_MIO/pico-sdk/lib/tinyusb/src/class/cdc/cdc_device.c.obj
                0x00000000100064cc                cdcd_control_request
 .text.cdcd_xfer_cb
                0x0000000010006568      0x130 CMakeFiles/Simple_Serial_Read.dir/home/toby001/Documents/Pico_MIO/pico-sdk/lib/tinyusb/src/class/cdc/cdc_device.c.obj
                0x0000000010006568                cdcd_xfer_cb
 .text.tusb_init
                0x0000000010006698       0x38 CMakeFiles/Simple_Serial_Read.dir/home/toby001/Documents/Pico_MIO/pico-sdk/lib/tinyusb/src/tusb.c.obj
                0x0000000010006698                tusb_init
 .text.tusb_inited
                0x00000000100066d0        0xc CMakeFiles/Simple_Serial_Read.dir/home/toby001/Documents/Pico_MIO/pico-sdk/lib/tinyusb/src/tusb.c.obj
                0x00000000100066d0                tusb_inited
 .text.advance_pointer
                0x00000000100066dc       0x1e CMakeFiles/Simple_Serial_Read.dir/home/toby001/Documents/Pico_MIO/pico-sdk/lib/tinyusb/src/common/tusb_fifo.c.obj
 .text.backward_pointer
                0x00000000100066fa       0x1a CMakeFiles/Simple_Serial_Read.dir/home/toby001/Documents/Pico_MIO/pico-sdk/lib/tinyusb/src/common/tusb_fifo.c.obj
 .text.get_relative_pointer
                0x0000000010006714       0x16 CMakeFiles/Simple_Serial_Read.dir/home/toby001/Documents/Pico_MIO/pico-sdk/lib/tinyusb/src/common/tusb_fifo.c.obj
 .text.tu_fifo_lock
                0x000000001000672a       0x12 CMakeFiles/Simple_Serial_Read.dir/home/toby001/Documents/Pico_MIO/pico-sdk/lib/tinyusb/src/common/tusb_fifo.c.obj
 .text.tu_fifo_unlock
                0x000000001000673c        0xe CMakeFiles/Simple_Serial_Read.dir/home/toby001/Documents/Pico_MIO/pico-sdk/lib/tinyusb/src/common/tusb_fifo.c.obj
 .text._tu_fifo_peek_at
                0x000000001000674a       0x66 CMakeFiles/Simple_Serial_Read.dir/home/toby001/Documents/Pico_MIO/pico-sdk/lib/tinyusb/src/common/tusb_fifo.c.obj
 .text._ff_pull_n
                0x00000000100067b0       0x4a CMakeFiles/Simple_Serial_Read.dir/home/toby001/Documents/Pico_MIO/pico-sdk/lib/tinyusb/src/common/tusb_fifo.c.obj
 .text._tu_fifo_peek_at_n
                0x00000000100067fa       0x72 CMakeFiles/Simple_Serial_Read.dir/home/toby001/Documents/Pico_MIO/pico-sdk/lib/tinyusb/src/common/tusb_fifo.c.obj
 .text._ff_push_n
                0x000000001000686c       0x4a CMakeFiles/Simple_Serial_Read.dir/home/toby001/Documents/Pico_MIO/pico-sdk/lib/tinyusb/src/common/tusb_fifo.c.obj
 .text.tu_fifo_config
                0x00000000100068b6       0x48 CMakeFiles/Simple_Serial_Read.dir/home/toby001/Documents/Pico_MIO/pico-sdk/lib/tinyusb/src/common/tusb_fifo.c.obj
                0x00000000100068b6                tu_fifo_config
 .text.tu_fifo_count
                0x00000000100068fe       0x1c CMakeFiles/Simple_Serial_Read.dir/home/toby001/Documents/Pico_MIO/pico-sdk/lib/tinyusb/src/common/tusb_fifo.c.obj
                0x00000000100068fe                tu_fifo_count
 .text.tu_fifo_remaining
                0x000000001000691a       0x20 CMakeFiles/Simple_Serial_Read.dir/home/toby001/Documents/Pico_MIO/pico-sdk/lib/tinyusb/src/common/tusb_fifo.c.obj
                0x000000001000691a                tu_fifo_remaining
 .text.tu_fifo_read
                0x000000001000693a       0x3a CMakeFiles/Simple_Serial_Read.dir/home/toby001/Documents/Pico_MIO/pico-sdk/lib/tinyusb/src/common/tusb_fifo.c.obj
                0x000000001000693a                tu_fifo_read
 .text.tu_fifo_read_n
                0x0000000010006974       0x3e CMakeFiles/Simple_Serial_Read.dir/home/toby001/Documents/Pico_MIO/pico-sdk/lib/tinyusb/src/common/tusb_fifo.c.obj
                0x0000000010006974                tu_fifo_read_n
 .text.tu_fifo_write
                0x00000000100069b2       0x5c CMakeFiles/Simple_Serial_Read.dir/home/toby001/Documents/Pico_MIO/pico-sdk/lib/tinyusb/src/common/tusb_fifo.c.obj
                0x00000000100069b2                tu_fifo_write
 .text.tu_fifo_write_n
                0x0000000010006a0e       0x7c CMakeFiles/Simple_Serial_Read.dir/home/toby001/Documents/Pico_MIO/pico-sdk/lib/tinyusb/src/common/tusb_fifo.c.obj
                0x0000000010006a0e                tu_fifo_write_n
 .text.tu_fifo_clear
                0x0000000010006a8a       0x18 CMakeFiles/Simple_Serial_Read.dir/home/toby001/Documents/Pico_MIO/pico-sdk/lib/tinyusb/src/common/tusb_fifo.c.obj
                0x0000000010006a8a                tu_fifo_clear
 *fill*         0x0000000010006aa2        0x2 
 .text          0x0000000010006aa4       0x18 /usr/lib/gcc/arm-none-eabi/9.2.1/../../../arm-none-eabi/lib/thumb/v6-m/nofp/libg.a(lib_a-atoi.o)
                0x0000000010006aa4                atoi
                0x0000000010006ab0                _atoi_r
 .text          0x0000000010006abc       0x18 /usr/lib/gcc/arm-none-eabi/9.2.1/../../../arm-none-eabi/lib/thumb/v6-m/nofp/libg.a(lib_a-calloc.o)
                0x0000000010006abc                calloc
 .text          0x0000000010006ad4       0x5c /usr/lib/gcc/arm-none-eabi/9.2.1/../../../arm-none-eabi/lib/thumb/v6-m/nofp/libg.a(lib_a-callocr.o)
                0x0000000010006ad4                _calloc_r
 .text          0x0000000010006b30       0x28 /usr/lib/gcc/arm-none-eabi/9.2.1/../../../arm-none-eabi/lib/thumb/v6-m/nofp/libg.a(lib_a-malloc.o)
                0x0000000010006b30                malloc
                0x0000000010006b44                free
 .text          0x0000000010006b58      0x58c /usr/lib/gcc/arm-none-eabi/9.2.1/../../../arm-none-eabi/lib/thumb/v6-m/nofp/libg.a(lib_a-mallocr.o)
                0x0000000010006b58                _malloc_r
 .text          0x00000000100070e4        0x8 /usr/lib/gcc/arm-none-eabi/9.2.1/../../../arm-none-eabi/lib/thumb/v6-m/nofp/libg.a(lib_a-mlock.o)
                0x00000000100070e4                __malloc_lock
                0x00000000100070e8                __malloc_unlock
 .text          0x00000000100070ec       0x24 /usr/lib/gcc/arm-none-eabi/9.2.1/../../../arm-none-eabi/lib/thumb/v6-m/nofp/libg.a(lib_a-sbrkr.o)
                0x00000000100070ec                _sbrk_r
 .text          0x0000000010007110       0x68 /usr/lib/gcc/arm-none-eabi/9.2.1/../../../arm-none-eabi/lib/thumb/v6-m/nofp/libg.a(lib_a-strlen-stub.o)
                0x0000000010007110                strlen
 .text          0x0000000010007178      0x184 /usr/lib/gcc/arm-none-eabi/9.2.1/../../../arm-none-eabi/lib/thumb/v6-m/nofp/libg.a(lib_a-strtol.o)
                0x00000000100072c4                _strtol_r
                0x00000000100072cc                strtol_l
                0x00000000100072e4                strtol
 .text          0x00000000100072fc        0xc /usr/lib/gcc/arm-none-eabi/9.2.1/../../../arm-none-eabi/lib/thumb/v6-m/nofp/libg.a(lib_a-errno.o)
                0x00000000100072fc                __errno
 .text          0x0000000010007308      0x27c /usr/lib/gcc/arm-none-eabi/9.2.1/../../../arm-none-eabi/lib/thumb/v6-m/nofp/libg.a(lib_a-freer.o)
                0x0000000010007308                _malloc_trim_r
                0x00000000100073a8                _free_r
 *(.fini)
 .fini          0x0000000010007584        0x4 /usr/lib/gcc/arm-none-eabi/9.2.1/thumb/v6-m/nofp/crti.o
                0x0000000010007584                _fini
 .fini.__stub   0x0000000010007588       0x60 linker stubs
 *crtbegin.o(.ctors)
 *crtbegin?.o(.ctors)
 *(EXCLUDE_FILE(*crtend.o *crtend?.o) .ctors)
 *(SORT_BY_NAME(.ctors.*))
 *(.ctors)
 *crtbegin.o(.dtors)
 *crtbegin?.o(.dtors)
 *(EXCLUDE_FILE(*crtend.o *crtend?.o) .dtors)
 *(SORT_BY_NAME(.dtors.*))
 *(.dtors)
 *(.eh_frame*)
 .eh_frame      0x00000000100075e8        0x0 /usr/lib/gcc/arm-none-eabi/9.2.1/thumb/v6-m/nofp/crtbegin.o
                0x00000000100075e8                . = ALIGN (0x4)

.glue_7         0x00000000100075e8        0x0
 .glue_7        0x00000000100075e8        0x0 linker stubs

.glue_7t        0x00000000100075e8        0x0
 .glue_7t       0x00000000100075e8        0x0 linker stubs

.vfp11_veneer   0x00000000100075e8        0x0
 .vfp11_veneer  0x00000000100075e8        0x0 linker stubs

.v4_bx          0x00000000100075e8        0x0
 .v4_bx         0x00000000100075e8        0x0 linker stubs

.iplt           0x00000000100075e8        0x0
 .iplt          0x00000000100075e8        0x0 /usr/lib/gcc/arm-none-eabi/9.2.1/thumb/v6-m/nofp/crtbegin.o

.rodata         0x00000000100075e8     0x15cc
 *(EXCLUDE_FILE(*libm.a: *libc.a:*lib_a-mem*.o *libgcc.a:) .rodata*)
 .rodata.main.str1.4
                0x00000000100075e8       0x9b CMakeFiles/Simple_Serial_Read.dir/serial_read.c.obj
 *fill*         0x0000000010007683        0x1 
 .rodata.spin_lock_claim_unused.str1.4
                0x0000000010007684       0x1b CMakeFiles/Simple_Serial_Read.dir/home/toby001/Documents/Pico_MIO/pico-sdk/src/rp2_common/hardware_sync/sync.c.obj
 *fill*         0x000000001000769f        0x1 
 .rodata.alarm_pool_dump_key.str1.4
                0x00000000100076a0       0x7b CMakeFiles/Simple_Serial_Read.dir/home/toby001/Documents/Pico_MIO/pico-sdk/src/common/pico_time/time.c.obj
 *fill*         0x000000001000771b        0x1 
 .rodata.ph_add_child_node.str1.4
                0x000000001000771c       0xa6 CMakeFiles/Simple_Serial_Read.dir/home/toby001/Documents/Pico_MIO/pico-sdk/src/common/pico_time/time.c.obj
 *fill*         0x00000000100077c2        0x2 
 .rodata.add_alarm_under_lock.str1.4
                0x00000000100077c4       0x27 CMakeFiles/Simple_Serial_Read.dir/home/toby001/Documents/Pico_MIO/pico-sdk/src/common/pico_time/time.c.obj
 *fill*         0x00000000100077eb        0x1 
 .rodata.alarm_pool_alarm_callback.str1.4
                0x00000000100077ec       0x7d CMakeFiles/Simple_Serial_Read.dir/home/toby001/Documents/Pico_MIO/pico-sdk/src/common/pico_time/time.c.obj
 *fill*         0x0000000010007869        0x3 
 .rodata.alarm_pool_get_default.str1.4
                0x000000001000786c       0x13 CMakeFiles/Simple_Serial_Read.dir/home/toby001/Documents/Pico_MIO/pico-sdk/src/common/pico_time/time.c.obj
 *fill*         0x000000001000787f        0x1 
 .rodata.alarm_pool_cancel_alarm.str1.4
                0x0000000010007880       0x27 CMakeFiles/Simple_Serial_Read.dir/home/toby001/Documents/Pico_MIO/pico-sdk/src/common/pico_time/time.c.obj
 *fill*         0x00000000100078a7        0x1 
 .rodata.__func__.5915
                0x00000000100078a8        0xc CMakeFiles/Simple_Serial_Read.dir/home/toby001/Documents/Pico_MIO/pico-sdk/src/common/pico_time/time.c.obj
 .rodata.__func__.5922
                0x00000000100078b4       0x12 CMakeFiles/Simple_Serial_Read.dir/home/toby001/Documents/Pico_MIO/pico-sdk/src/common/pico_time/time.c.obj
 *fill*         0x00000000100078c6        0x2 
 .rodata.__func__.5937
                0x00000000100078c8        0xa CMakeFiles/Simple_Serial_Read.dir/home/toby001/Documents/Pico_MIO/pico-sdk/src/common/pico_time/time.c.obj
 *fill*         0x00000000100078d2        0x2 
 .rodata.__func__.5959
                0x00000000100078d4       0x14 CMakeFiles/Simple_Serial_Read.dir/home/toby001/Documents/Pico_MIO/pico-sdk/src/common/pico_time/time.c.obj
 .rodata.__func__.6229
                0x00000000100078e8       0x17 CMakeFiles/Simple_Serial_Read.dir/home/toby001/Documents/Pico_MIO/pico-sdk/src/common/pico_time/time.c.obj
 *fill*         0x00000000100078ff        0x1 
 .rodata.__func__.6234
                0x0000000010007900        0xa CMakeFiles/Simple_Serial_Read.dir/home/toby001/Documents/Pico_MIO/pico-sdk/src/common/pico_time/time.c.obj
 *fill*         0x000000001000790a        0x2 
 .rodata.__func__.6239
                0x000000001000790c       0x12 CMakeFiles/Simple_Serial_Read.dir/home/toby001/Documents/Pico_MIO/pico-sdk/src/common/pico_time/time.c.obj
 *fill*         0x000000001000791e        0x2 
 .rodata.__func__.6260
                0x0000000010007920       0x15 CMakeFiles/Simple_Serial_Read.dir/home/toby001/Documents/Pico_MIO/pico-sdk/src/common/pico_time/time.c.obj
 *fill*         0x0000000010007935        0x3 
 .rodata.__func__.6277
                0x0000000010007938       0x1a CMakeFiles/Simple_Serial_Read.dir/home/toby001/Documents/Pico_MIO/pico-sdk/src/common/pico_time/time.c.obj
 *fill*         0x0000000010007952        0x2 
 .rodata.__func__.6312
                0x0000000010007954       0x18 CMakeFiles/Simple_Serial_Read.dir/home/toby001/Documents/Pico_MIO/pico-sdk/src/common/pico_time/time.c.obj
 .rodata.hardware_alarm_claim.str1.4
                0x000000001000796c       0x22 CMakeFiles/Simple_Serial_Read.dir/home/toby001/Documents/Pico_MIO/pico-sdk/src/rp2_common/hardware_timer/timer.c.obj
 *fill*         0x000000001000798e        0x2 
 .rodata.hardware_alarm_set_target.str1.4
                0x0000000010007990       0x74 CMakeFiles/Simple_Serial_Read.dir/home/toby001/Documents/Pico_MIO/pico-sdk/src/rp2_common/hardware_timer/timer.c.obj
 .rodata.__func__.4502
                0x0000000010007a04       0x1a CMakeFiles/Simple_Serial_Read.dir/home/toby001/Documents/Pico_MIO/pico-sdk/src/rp2_common/hardware_timer/timer.c.obj
 *fill*         0x0000000010007a1e        0x2 
 .rodata.lock_init.str1.4
                0x0000000010007a20       0x77 CMakeFiles/Simple_Serial_Read.dir/home/toby001/Documents/Pico_MIO/pico-sdk/src/common/pico_sync/lock_core.c.obj
 *fill*         0x0000000010007a97        0x1 
 .rodata.__func__.4344
                0x0000000010007a98        0xa CMakeFiles/Simple_Serial_Read.dir/home/toby001/Documents/Pico_MIO/pico-sdk/src/common/pico_sync/lock_core.c.obj
 *fill*         0x0000000010007aa2        0x2 
 .rodata.str1.4
                0x0000000010007aa4       0x6c CMakeFiles/Simple_Serial_Read.dir/home/toby001/Documents/Pico_MIO/pico-sdk/src/common/pico_sync/mutex.c.obj
 .rodata.__func__.4559
                0x0000000010007b10       0x15 CMakeFiles/Simple_Serial_Read.dir/home/toby001/Documents/Pico_MIO/pico-sdk/src/common/pico_sync/mutex.c.obj
 *fill*         0x0000000010007b25        0x3 
 .rodata.__func__.4578
                0x0000000010007b28       0x18 CMakeFiles/Simple_Serial_Read.dir/home/toby001/Documents/Pico_MIO/pico-sdk/src/common/pico_sync/mutex.c.obj
 .rodata.__func__.4587
                0x0000000010007b40        0xb CMakeFiles/Simple_Serial_Read.dir/home/toby001/Documents/Pico_MIO/pico-sdk/src/common/pico_sync/mutex.c.obj
 .rodata.ph_add_child_node.str1.4
                0x0000000010007b4b       0xa6 CMakeFiles/Simple_Serial_Read.dir/home/toby001/Documents/Pico_MIO/pico-sdk/src/common/pico_util/pheap.c.obj
 *fill*         0x0000000010007b4b        0x1 
 .rodata.ph_remove_any_head.str1.4
                0x0000000010007b4c       0x9c CMakeFiles/Simple_Serial_Read.dir/home/toby001/Documents/Pico_MIO/pico-sdk/src/common/pico_util/pheap.c.obj
 .rodata.ph_delete.str1.4
                0x0000000010007be8       0x26 CMakeFiles/Simple_Serial_Read.dir/home/toby001/Documents/Pico_MIO/pico-sdk/src/common/pico_util/pheap.c.obj
 *fill*         0x0000000010007c0e        0x2 
 .rodata.__func__.5696
                0x0000000010007c10        0xc CMakeFiles/Simple_Serial_Read.dir/home/toby001/Documents/Pico_MIO/pico-sdk/src/common/pico_util/pheap.c.obj
 .rodata.__func__.5703
                0x0000000010007c1c       0x12 CMakeFiles/Simple_Serial_Read.dir/home/toby001/Documents/Pico_MIO/pico-sdk/src/common/pico_util/pheap.c.obj
 *fill*         0x0000000010007c2e        0x2 
 .rodata.__func__.5776
                0x0000000010007c30       0x13 CMakeFiles/Simple_Serial_Read.dir/home/toby001/Documents/Pico_MIO/pico-sdk/src/common/pico_util/pheap.c.obj
 *fill*         0x0000000010007c43        0x1 
 .rodata.__func__.5794
                0x0000000010007c44        0xa CMakeFiles/Simple_Serial_Read.dir/home/toby001/Documents/Pico_MIO/pico-sdk/src/common/pico_util/pheap.c.obj
 *fill*         0x0000000010007c4e        0x2 
 .rodata.__assert_func.str1.4
                0x0000000010007c50       0x3f CMakeFiles/Simple_Serial_Read.dir/home/toby001/Documents/Pico_MIO/pico-sdk/src/rp2_common/pico_runtime/runtime.c.obj
                                         0x43 (size before relaxing)
 *fill*         0x0000000010007c8f        0x1 
 .rodata.panic.str1.4
                0x0000000010007c90       0x10 CMakeFiles/Simple_Serial_Read.dir/home/toby001/Documents/Pico_MIO/pico-sdk/src/rp2_common/pico_runtime/runtime.c.obj
                                         0x12 (size before relaxing)
 .rodata.clock_configure.str1.4
                0x0000000010007ca0       0x66 CMakeFiles/Simple_Serial_Read.dir/home/toby001/Documents/Pico_MIO/pico-sdk/src/rp2_common/hardware_clocks/clocks.c.obj
 *fill*         0x0000000010007d06        0x2 
 .rodata.__func__.4638
                0x0000000010007d08       0x10 CMakeFiles/Simple_Serial_Read.dir/home/toby001/Documents/Pico_MIO/pico-sdk/src/rp2_common/hardware_clocks/clocks.c.obj
 .rodata.pll_init.str1.4
                0x0000000010007d18       0xe7 CMakeFiles/Simple_Serial_Read.dir/home/toby001/Documents/Pico_MIO/pico-sdk/src/rp2_common/hardware_pll/pll.c.obj
 *fill*         0x0000000010007dff        0x1 
 .rodata.__func__.4372
                0x0000000010007e00        0x9 CMakeFiles/Simple_Serial_Read.dir/home/toby001/Documents/Pico_MIO/pico-sdk/src/rp2_common/hardware_pll/pll.c.obj
 *fill*         0x0000000010007e09        0x3 
 .rodata.make_branch.str1.4
                0x0000000010007e0c       0x5c CMakeFiles/Simple_Serial_Read.dir/home/toby001/Documents/Pico_MIO/pico-sdk/src/rp2_common/hardware_irq/irq.c.obj
 .rodata.irq_set_exclusive_handler.str1.4
                0x0000000010007e68       0x36 CMakeFiles/Simple_Serial_Read.dir/home/toby001/Documents/Pico_MIO/pico-sdk/src/rp2_common/hardware_irq/irq.c.obj
 *fill*         0x0000000010007e9e        0x2 
 .rodata.irq_add_shared_handler.str1.4
                0x0000000010007ea0       0xd9 CMakeFiles/Simple_Serial_Read.dir/home/toby001/Documents/Pico_MIO/pico-sdk/src/rp2_common/hardware_irq/irq.c.obj
 *fill*         0x0000000010007f79        0x3 
 .rodata.irq_remove_handler.str1.4
                0x0000000010007f7c       0x2a CMakeFiles/Simple_Serial_Read.dir/home/toby001/Documents/Pico_MIO/pico-sdk/src/rp2_common/hardware_irq/irq.c.obj
 *fill*         0x0000000010007fa6        0x2 
 .rodata.irq_add_tail_to_free_list.str1.4
                0x0000000010007fa8       0x32 CMakeFiles/Simple_Serial_Read.dir/home/toby001/Documents/Pico_MIO/pico-sdk/src/rp2_common/hardware_irq/irq.c.obj
                                         0x3a (size before relaxing)
 *fill*         0x0000000010007fda        0x2 
 .rodata.__func__.4463
                0x0000000010007fdc       0x1a CMakeFiles/Simple_Serial_Read.dir/home/toby001/Documents/Pico_MIO/pico-sdk/src/rp2_common/hardware_irq/irq.c.obj
 *fill*         0x0000000010007ff6        0x2 
 .rodata.__func__.4477
                0x0000000010007ff8        0xc CMakeFiles/Simple_Serial_Read.dir/home/toby001/Documents/Pico_MIO/pico-sdk/src/rp2_common/hardware_irq/irq.c.obj
 .rodata.__func__.4485
                0x0000000010008004       0x17 CMakeFiles/Simple_Serial_Read.dir/home/toby001/Documents/Pico_MIO/pico-sdk/src/rp2_common/hardware_irq/irq.c.obj
 *fill*         0x000000001000801b        0x1 
 .rodata.__func__.4489
                0x000000001000801c        0xf CMakeFiles/Simple_Serial_Read.dir/home/toby001/Documents/Pico_MIO/pico-sdk/src/rp2_common/hardware_irq/irq.c.obj
 *fill*         0x000000001000802b        0x1 
 .rodata.__func__.4525
                0x000000001000802c       0x13 CMakeFiles/Simple_Serial_Read.dir/home/toby001/Documents/Pico_MIO/pico-sdk/src/rp2_common/hardware_irq/irq.c.obj
 *fill*         0x000000001000803f        0x1 
 .rodata.__func__.4544
                0x0000000010008040       0x1a CMakeFiles/Simple_Serial_Read.dir/home/toby001/Documents/Pico_MIO/pico-sdk/src/rp2_common/hardware_irq/irq.c.obj
 *fill*         0x000000001000805a        0x2 
 .rodata._ftoa.str1.4
                0x000000001000805c       0x15 CMakeFiles/Simple_Serial_Read.dir/home/toby001/Documents/Pico_MIO/pico-sdk/src/rp2_common/pico_printf/printf.c.obj
 *fill*         0x0000000010008071        0x3 
 .rodata._vsnprintf
                0x0000000010008074      0x1e0 CMakeFiles/Simple_Serial_Read.dir/home/toby001/Documents/Pico_MIO/pico-sdk/src/rp2_common/pico_printf/printf.c.obj
 *fill*         0x0000000010008254        0x4 
 .rodata.pow10.5410
                0x0000000010008258       0x50 CMakeFiles/Simple_Serial_Read.dir/home/toby001/Documents/Pico_MIO/pico-sdk/src/rp2_common/pico_printf/printf.c.obj
 .rodata.__aeabi_double_init.str1.4
                0x00000000100082a8       0xb7 CMakeFiles/Simple_Serial_Read.dir/home/toby001/Documents/Pico_MIO/pico-sdk/src/rp2_common/pico_double/double_init_rom.c.obj
 *fill*         0x000000001000835f        0x1 
 .rodata.__func__.4654
                0x0000000010008360       0x14 CMakeFiles/Simple_Serial_Read.dir/home/toby001/Documents/Pico_MIO/pico-sdk/src/rp2_common/pico_double/double_init_rom.c.obj
 .rodata.__aeabi_float_init.str1.4
                0x0000000010008374       0x89 CMakeFiles/Simple_Serial_Read.dir/home/toby001/Documents/Pico_MIO/pico-sdk/src/rp2_common/pico_float/float_init_rom.c.obj
                                         0x8d (size before relaxing)
 *fill*         0x00000000100083fd        0x3 
 .rodata.__func__.4656
                0x0000000010008400       0x13 CMakeFiles/Simple_Serial_Read.dir/home/toby001/Documents/Pico_MIO/pico-sdk/src/rp2_common/pico_float/float_init_rom.c.obj
 *fill*         0x0000000010008413        0x1 
 .rodata.str1.4
                0x0000000010008414       0x38 CMakeFiles/Simple_Serial_Read.dir/home/toby001/Documents/Pico_MIO/pico-sdk/src/rp2_common/pico_standard_link/binary_info.c.obj
 .rodata.__bi_40
                0x000000001000844c        0xc CMakeFiles/Simple_Serial_Read.dir/home/toby001/Documents/Pico_MIO/pico-sdk/src/rp2_common/pico_standard_link/binary_info.c.obj
 .rodata.__bi_71
                0x0000000010008458        0xc CMakeFiles/Simple_Serial_Read.dir/home/toby001/Documents/Pico_MIO/pico-sdk/src/rp2_common/pico_standard_link/binary_info.c.obj
 .rodata.crlf_str.5812
                0x0000000010008464        0x2 CMakeFiles/Simple_Serial_Read.dir/home/toby001/Documents/Pico_MIO/pico-sdk/src/rp2_common/pico_stdio/stdio.c.obj
 *fill*         0x0000000010008466        0x2 
 .rodata.str1.4
                0x0000000010008468       0x13 CMakeFiles/Simple_Serial_Read.dir/home/toby001/Documents/Pico_MIO/pico-sdk/src/rp2_common/pico_stdio_usb/stdio_usb.c.obj
 *fill*         0x000000001000847b        0x1 
 .rodata.__bi_93.7011
                0x000000001000847c        0xc CMakeFiles/Simple_Serial_Read.dir/home/toby001/Documents/Pico_MIO/pico-sdk/src/rp2_common/pico_stdio_usb/stdio_usb.c.obj
 .rodata.str1.4
                0x0000000010008488       0x32 CMakeFiles/Simple_Serial_Read.dir/home/toby001/Documents/Pico_MIO/pico-sdk/src/rp2_common/pico_stdio_usb/stdio_usb_descriptors.c.obj
 *fill*         0x00000000100084ba        0x2 
 .rodata.usbd_desc_cfg
                0x00000000100084bc       0x4b CMakeFiles/Simple_Serial_Read.dir/home/toby001/Documents/Pico_MIO/pico-sdk/src/rp2_common/pico_stdio_usb/stdio_usb_descriptors.c.obj
 *fill*         0x0000000010008507        0x1 
 .rodata.usbd_desc_device
                0x0000000010008508       0x12 CMakeFiles/Simple_Serial_Read.dir/home/toby001/Documents/Pico_MIO/pico-sdk/src/rp2_common/pico_stdio_usb/stdio_usb_descriptors.c.obj
 *fill*         0x000000001000851a        0x2 
 .rodata.usbd_desc_str
                0x000000001000851c       0x14 CMakeFiles/Simple_Serial_Read.dir/home/toby001/Documents/Pico_MIO/pico-sdk/src/rp2_common/pico_stdio_usb/stdio_usb_descriptors.c.obj
 .rodata._hw_endpoint_alloc.str1.4
                0x0000000010008530       0xc5 CMakeFiles/Simple_Serial_Read.dir/home/toby001/Documents/Pico_MIO/pico-sdk/lib/tinyusb/src/portable/raspberrypi/rp2040/dcd_rp2040.c.obj
 *fill*         0x00000000100085f5        0x3 
 .rodata._hw_endpoint_init.str1.4
                0x00000000100085f8       0x28 CMakeFiles/Simple_Serial_Read.dir/home/toby001/Documents/Pico_MIO/pico-sdk/lib/tinyusb/src/portable/raspberrypi/rp2040/dcd_rp2040.c.obj
 .rodata.hw_handle_buff_status.str1.4
                0x0000000010008620        0xb CMakeFiles/Simple_Serial_Read.dir/home/toby001/Documents/Pico_MIO/pico-sdk/lib/tinyusb/src/portable/raspberrypi/rp2040/dcd_rp2040.c.obj
 *fill*         0x000000001000862b        0x1 
 .rodata.dcd_rp2040_irq.str1.4
                0x000000001000862c       0x14 CMakeFiles/Simple_Serial_Read.dir/home/toby001/Documents/Pico_MIO/pico-sdk/lib/tinyusb/src/portable/raspberrypi/rp2040/dcd_rp2040.c.obj
 .rodata._hw_endpoint_stall.str1.4
                0x0000000010008640        0xd CMakeFiles/Simple_Serial_Read.dir/home/toby001/Documents/Pico_MIO/pico-sdk/lib/tinyusb/src/portable/raspberrypi/rp2040/dcd_rp2040.c.obj
 *fill*         0x000000001000864d        0x3 
 .rodata.dcd_int_enable.str1.4
                0x0000000010008650        0xc CMakeFiles/Simple_Serial_Read.dir/home/toby001/Documents/Pico_MIO/pico-sdk/lib/tinyusb/src/portable/raspberrypi/rp2040/dcd_rp2040.c.obj
 .rodata.__func__.6733
                0x000000001000865c       0x13 CMakeFiles/Simple_Serial_Read.dir/home/toby001/Documents/Pico_MIO/pico-sdk/lib/tinyusb/src/portable/raspberrypi/rp2040/dcd_rp2040.c.obj
 *fill*         0x000000001000866f        0x1 
 .rodata.__func__.6764
                0x0000000010008670       0x16 CMakeFiles/Simple_Serial_Read.dir/home/toby001/Documents/Pico_MIO/pico-sdk/lib/tinyusb/src/portable/raspberrypi/rp2040/dcd_rp2040.c.obj
 *fill*         0x0000000010008686        0x2 
 .rodata.__func__.6785
                0x0000000010008688       0x13 CMakeFiles/Simple_Serial_Read.dir/home/toby001/Documents/Pico_MIO/pico-sdk/lib/tinyusb/src/portable/raspberrypi/rp2040/dcd_rp2040.c.obj
 *fill*         0x000000001000869b        0x1 
 .rodata.__func__.6806
                0x000000001000869c        0x9 CMakeFiles/Simple_Serial_Read.dir/home/toby001/Documents/Pico_MIO/pico-sdk/lib/tinyusb/src/portable/raspberrypi/rp2040/dcd_rp2040.c.obj
 *fill*         0x00000000100086a5        0x3 
 .rodata.__func__.6810
                0x00000000100086a8        0xf CMakeFiles/Simple_Serial_Read.dir/home/toby001/Documents/Pico_MIO/pico-sdk/lib/tinyusb/src/portable/raspberrypi/rp2040/dcd_rp2040.c.obj
 *fill*         0x00000000100086b7        0x1 
 .rodata.__func__.6819
                0x00000000100086b8       0x10 CMakeFiles/Simple_Serial_Read.dir/home/toby001/Documents/Pico_MIO/pico-sdk/lib/tinyusb/src/portable/raspberrypi/rp2040/dcd_rp2040.c.obj
 .rodata.__func__.6831
                0x00000000100086c8        0xc CMakeFiles/Simple_Serial_Read.dir/home/toby001/Documents/Pico_MIO/pico-sdk/lib/tinyusb/src/portable/raspberrypi/rp2040/dcd_rp2040.c.obj
 .rodata.__func__.6836
                0x00000000100086d4       0x1a CMakeFiles/Simple_Serial_Read.dir/home/toby001/Documents/Pico_MIO/pico-sdk/lib/tinyusb/src/portable/raspberrypi/rp2040/dcd_rp2040.c.obj
 *fill*         0x00000000100086ee        0x2 
 .rodata.__func__.6841
                0x00000000100086f0        0xe CMakeFiles/Simple_Serial_Read.dir/home/toby001/Documents/Pico_MIO/pico-sdk/lib/tinyusb/src/portable/raspberrypi/rp2040/dcd_rp2040.c.obj
 *fill*         0x00000000100086fe        0x2 
 .rodata.__func__.6848
                0x0000000010008700        0xe CMakeFiles/Simple_Serial_Read.dir/home/toby001/Documents/Pico_MIO/pico-sdk/lib/tinyusb/src/portable/raspberrypi/rp2040/dcd_rp2040.c.obj
 *fill*         0x000000001000870e        0x2 
 .rodata.__func__.6853
                0x0000000010008710        0xf CMakeFiles/Simple_Serial_Read.dir/home/toby001/Documents/Pico_MIO/pico-sdk/lib/tinyusb/src/portable/raspberrypi/rp2040/dcd_rp2040.c.obj
 *fill*         0x000000001000871f        0x1 
 .rodata.__func__.6858
                0x0000000010008720       0x15 CMakeFiles/Simple_Serial_Read.dir/home/toby001/Documents/Pico_MIO/pico-sdk/lib/tinyusb/src/portable/raspberrypi/rp2040/dcd_rp2040.c.obj
 *fill*         0x0000000010008735        0x3 
 .rodata._hw_endpoint_buffer_control_update32.str1.4
                0x0000000010008738       0x1f CMakeFiles/Simple_Serial_Read.dir/home/toby001/Documents/Pico_MIO/pico-sdk/lib/tinyusb/src/portable/raspberrypi/rp2040/rp2040_usb.c.obj
 *fill*         0x0000000010008757        0x1 
 .rodata._hw_endpoint_xfer_sync.str1.4
                0x0000000010008758       0xa1 CMakeFiles/Simple_Serial_Read.dir/home/toby001/Documents/Pico_MIO/pico-sdk/lib/tinyusb/src/portable/raspberrypi/rp2040/rp2040_usb.c.obj
 *fill*         0x00000000100087f9        0x3 
 .rodata._hw_endpoint_xfer_continue.str1.4
                0x00000000100087fc       0x50 CMakeFiles/Simple_Serial_Read.dir/home/toby001/Documents/Pico_MIO/pico-sdk/lib/tinyusb/src/portable/raspberrypi/rp2040/rp2040_usb.c.obj
 .rodata._hw_endpoint_xfer.str1.4
                0x000000001000884c        0xf CMakeFiles/Simple_Serial_Read.dir/home/toby001/Documents/Pico_MIO/pico-sdk/lib/tinyusb/src/portable/raspberrypi/rp2040/rp2040_usb.c.obj
 *fill*         0x000000001000885b        0x1 
 .rodata.str1.4
                0x000000001000885c        0x7 CMakeFiles/Simple_Serial_Read.dir/home/toby001/Documents/Pico_MIO/pico-sdk/lib/tinyusb/src/portable/raspberrypi/rp2040/rp2040_usb.c.obj
 *fill*         0x0000000010008863        0x1 
 .rodata.__func__.6612
                0x0000000010008864       0x17 CMakeFiles/Simple_Serial_Read.dir/home/toby001/Documents/Pico_MIO/pico-sdk/lib/tinyusb/src/portable/raspberrypi/rp2040/rp2040_usb.c.obj
 *fill*         0x000000001000887b        0x1 
 .rodata.__func__.6623
                0x000000001000887c       0x12 CMakeFiles/Simple_Serial_Read.dir/home/toby001/Documents/Pico_MIO/pico-sdk/lib/tinyusb/src/portable/raspberrypi/rp2040/rp2040_usb.c.obj
 *fill*         0x000000001000888e        0x2 
 .rodata.process_set_config.str1.4
                0x0000000010008890       0x17 CMakeFiles/Simple_Serial_Read.dir/home/toby001/Documents/Pico_MIO/pico-sdk/lib/tinyusb/src/device/usbd.c.obj
 *fill*         0x00000000100088a7        0x1 
 .rodata.process_get_descriptor
                0x00000000100088a8       0x40 CMakeFiles/Simple_Serial_Read.dir/home/toby001/Documents/Pico_MIO/pico-sdk/lib/tinyusb/src/device/usbd.c.obj
 .rodata.dcd_event_handler.str1.4
                0x00000000100088e8       0x5b CMakeFiles/Simple_Serial_Read.dir/home/toby001/Documents/Pico_MIO/pico-sdk/lib/tinyusb/src/device/usbd.c.obj
 *fill*         0x0000000010008943        0x1 
 .rodata.process_control_request
                0x0000000010008944       0x28 CMakeFiles/Simple_Serial_Read.dir/home/toby001/Documents/Pico_MIO/pico-sdk/lib/tinyusb/src/device/usbd.c.obj
 .rodata.tud_task
                0x000000001000896c       0x24 CMakeFiles/Simple_Serial_Read.dir/home/toby001/Documents/Pico_MIO/pico-sdk/lib/tinyusb/src/device/usbd.c.obj
 .rodata.__func__.6356
                0x0000000010008990       0x13 CMakeFiles/Simple_Serial_Read.dir/home/toby001/Documents/Pico_MIO/pico-sdk/lib/tinyusb/src/device/usbd.c.obj
 *fill*         0x00000000100089a3        0x1 
 .rodata.__func__.6363
                0x00000000100089a4       0x10 CMakeFiles/Simple_Serial_Read.dir/home/toby001/Documents/Pico_MIO/pico-sdk/lib/tinyusb/src/device/usbd.c.obj
 .rodata.__func__.7134
                0x00000000100089b4        0x9 CMakeFiles/Simple_Serial_Read.dir/home/toby001/Documents/Pico_MIO/pico-sdk/lib/tinyusb/src/device/usbd.c.obj
 *fill*         0x00000000100089bd        0x3 
 .rodata.__func__.7155
                0x00000000100089c0       0x18 CMakeFiles/Simple_Serial_Read.dir/home/toby001/Documents/Pico_MIO/pico-sdk/lib/tinyusb/src/device/usbd.c.obj
 .rodata.__func__.7194
                0x00000000100089d8       0x13 CMakeFiles/Simple_Serial_Read.dir/home/toby001/Documents/Pico_MIO/pico-sdk/lib/tinyusb/src/device/usbd.c.obj
 *fill*         0x00000000100089eb        0x1 
 .rodata.__func__.7237
                0x00000000100089ec       0x17 CMakeFiles/Simple_Serial_Read.dir/home/toby001/Documents/Pico_MIO/pico-sdk/lib/tinyusb/src/device/usbd.c.obj
 *fill*         0x0000000010008a03        0x1 
 .rodata.__func__.7291
                0x0000000010008a04       0x14 CMakeFiles/Simple_Serial_Read.dir/home/toby001/Documents/Pico_MIO/pico-sdk/lib/tinyusb/src/device/usbd.c.obj
 .rodata.__func__.7327
                0x0000000010008a18        0xf CMakeFiles/Simple_Serial_Read.dir/home/toby001/Documents/Pico_MIO/pico-sdk/lib/tinyusb/src/device/usbd.c.obj
 *fill*         0x0000000010008a27        0x1 
 .rodata._usbd_driver
                0x0000000010008a28       0x1c CMakeFiles/Simple_Serial_Read.dir/home/toby001/Documents/Pico_MIO/pico-sdk/lib/tinyusb/src/device/usbd.c.obj
 .rodata.tud_control_xfer.str1.4
                0x0000000010008a44       0x17 CMakeFiles/Simple_Serial_Read.dir/home/toby001/Documents/Pico_MIO/pico-sdk/lib/tinyusb/src/device/usbd_control.c.obj
 .rodata.__func__.7054
                0x0000000010008a44       0x11 CMakeFiles/Simple_Serial_Read.dir/home/toby001/Documents/Pico_MIO/pico-sdk/lib/tinyusb/src/device/usbd_control.c.obj
 *fill*         0x0000000010008a55        0x3 
 .rodata.__func__.7072
                0x0000000010008a58       0x15 CMakeFiles/Simple_Serial_Read.dir/home/toby001/Documents/Pico_MIO/pico-sdk/lib/tinyusb/src/device/usbd_control.c.obj
 .rodata.tud_cdc_n_write_flush.str1.4
                0x0000000010008a6d       0x17 CMakeFiles/Simple_Serial_Read.dir/home/toby001/Documents/Pico_MIO/pico-sdk/lib/tinyusb/src/class/cdc/cdc_device.c.obj
 *fill*         0x0000000010008a6d        0x3 
 .rodata.__func__.6996
                0x0000000010008a70       0x16 CMakeFiles/Simple_Serial_Read.dir/home/toby001/Documents/Pico_MIO/pico-sdk/lib/tinyusb/src/class/cdc/cdc_device.c.obj
 *fill*         0x0000000010008a86        0x2 
 .rodata.__func__.7025
                0x0000000010008a88        0xa CMakeFiles/Simple_Serial_Read.dir/home/toby001/Documents/Pico_MIO/pico-sdk/lib/tinyusb/src/class/cdc/cdc_device.c.obj
 *fill*         0x0000000010008a92        0x2 
 .rodata.__func__.7065
                0x0000000010008a94        0xd CMakeFiles/Simple_Serial_Read.dir/home/toby001/Documents/Pico_MIO/pico-sdk/lib/tinyusb/src/class/cdc/cdc_device.c.obj
 .rodata.tusb_init.str1.4
                0x0000000010008aa1       0x17 CMakeFiles/Simple_Serial_Read.dir/home/toby001/Documents/Pico_MIO/pico-sdk/lib/tinyusb/src/tusb.c.obj
 *fill*         0x0000000010008aa1        0x3 
 .rodata.__func__.6933
                0x0000000010008aa4        0xa CMakeFiles/Simple_Serial_Read.dir/home/toby001/Documents/Pico_MIO/pico-sdk/lib/tinyusb/src/tusb.c.obj
 *fill*         0x0000000010008aae        0x2 
 .rodata        0x0000000010008ab0      0x101 /usr/lib/gcc/arm-none-eabi/9.2.1/../../../arm-none-eabi/lib/thumb/v6-m/nofp/libg.a(lib_a-ctype_.o)
                0x0000000010008ab0                _ctype_
                0x0000000010008bb4                . = ALIGN (0x4)
 *fill*         0x0000000010008bb1        0x3 
 *(SORT_BY_ALIGNMENT(SORT_BY_NAME(.flashdata*)))
                0x0000000010008bb4                . = ALIGN (0x4)

.rel.dyn        0x0000000010008bb4        0x0
 .rel.iplt      0x0000000010008bb4        0x0 /usr/lib/gcc/arm-none-eabi/9.2.1/thumb/v6-m/nofp/crtbegin.o

.ARM.extab
 *(.ARM.extab* .gnu.linkonce.armextab.*)
                0x0000000010008bb4                __exidx_start = .

.ARM.exidx
 *(.ARM.exidx* .gnu.linkonce.armexidx.*)
                0x0000000010008bb4                __exidx_end = .
                0x0000000010008bb4                . = ALIGN (0x4)
                0x0000000010008bb4                __binary_info_start = .

.binary_info    0x0000000010008bb4       0x1c
 *(.binary_info.keep.*)
 .binary_info.keep.__bi_ptr18
                0x0000000010008bb4        0x4 CMakeFiles/Simple_Serial_Read.dir/home/toby001/Documents/Pico_MIO/pico-sdk/src/rp2_common/pico_standard_link/binary_info.c.obj
 .binary_info.keep.__bi_ptr26
                0x0000000010008bb8        0x4 CMakeFiles/Simple_Serial_Read.dir/home/toby001/Documents/Pico_MIO/pico-sdk/src/rp2_common/pico_standard_link/binary_info.c.obj
 .binary_info.keep.__bi_ptr34
                0x0000000010008bbc        0x4 CMakeFiles/Simple_Serial_Read.dir/home/toby001/Documents/Pico_MIO/pico-sdk/src/rp2_common/pico_standard_link/binary_info.c.obj
 .binary_info.keep.__bi_ptr40
                0x0000000010008bc0        0x4 CMakeFiles/Simple_Serial_Read.dir/home/toby001/Documents/Pico_MIO/pico-sdk/src/rp2_common/pico_standard_link/binary_info.c.obj
 .binary_info.keep.__bi_ptr46